Archive member included to satisfy reference by file (symbol)

C:/Users/Lex/.pico-sdk/toolchain/13_3_Rel1/bin/../lib/gcc/arm-none-eabi/13.3.1/thumb/v6-m/nofp\libgcc.a(_dvmd_tls.o)
                              CMakeFiles/pio_matrix.dir/C_/Users/Lex/.pico-sdk/sdk/2.1.0/src/rp2_common/pico_divider/divider_hardware.S.obj (__aeabi_idiv0)
C:/Users/Lex/.pico-sdk/toolchain/13_3_Rel1/bin/../lib/gcc/arm-none-eabi/13.3.1/thumb/v6-m/nofp\libg.a(libc_a-calloc.o)
                              CMakeFiles/pio_matrix.dir/C_/Users/Lex/.pico-sdk/sdk/2.1.0/src/rp2_common/pico_malloc/malloc.c.obj (calloc)
C:/Users/Lex/.pico-sdk/toolchain/13_3_Rel1/bin/../lib/gcc/arm-none-eabi/13.3.1/thumb/v6-m/nofp\libg.a(libc_a-callocr.o)
                              C:/Users/Lex/.pico-sdk/toolchain/13_3_Rel1/bin/../lib/gcc/arm-none-eabi/13.3.1/thumb/v6-m/nofp\libg.a(libc_a-calloc.o) (_calloc_r)
C:/Users/Lex/.pico-sdk/toolchain/13_3_Rel1/bin/../lib/gcc/arm-none-eabi/13.3.1/thumb/v6-m/nofp\libg.a(libc_a-malloc.o)
                              CMakeFiles/pio_matrix.dir/C_/Users/Lex/.pico-sdk/sdk/2.1.0/src/rp2_common/pico_malloc/malloc.c.obj (malloc)
C:/Users/Lex/.pico-sdk/toolchain/13_3_Rel1/bin/../lib/gcc/arm-none-eabi/13.3.1/thumb/v6-m/nofp\libg.a(libc_a-mallocr.o)
                              C:/Users/Lex/.pico-sdk/toolchain/13_3_Rel1/bin/../lib/gcc/arm-none-eabi/13.3.1/thumb/v6-m/nofp\libg.a(libc_a-callocr.o) (_malloc_r)
C:/Users/Lex/.pico-sdk/toolchain/13_3_Rel1/bin/../lib/gcc/arm-none-eabi/13.3.1/thumb/v6-m/nofp\libg.a(libc_a-mlock.o)
                              C:/Users/Lex/.pico-sdk/toolchain/13_3_Rel1/bin/../lib/gcc/arm-none-eabi/13.3.1/thumb/v6-m/nofp\libg.a(libc_a-mallocr.o) (__malloc_lock)
C:/Users/Lex/.pico-sdk/toolchain/13_3_Rel1/bin/../lib/gcc/arm-none-eabi/13.3.1/thumb/v6-m/nofp\libg.a(libc_a-realloc.o)
                              CMakeFiles/pio_matrix.dir/C_/Users/Lex/.pico-sdk/sdk/2.1.0/src/rp2_common/pico_malloc/malloc.c.obj (realloc)
C:/Users/Lex/.pico-sdk/toolchain/13_3_Rel1/bin/../lib/gcc/arm-none-eabi/13.3.1/thumb/v6-m/nofp\libg.a(libc_a-reallocr.o)
                              C:/Users/Lex/.pico-sdk/toolchain/13_3_Rel1/bin/../lib/gcc/arm-none-eabi/13.3.1/thumb/v6-m/nofp\libg.a(libc_a-realloc.o) (_realloc_r)
C:/Users/Lex/.pico-sdk/toolchain/13_3_Rel1/bin/../lib/gcc/arm-none-eabi/13.3.1/thumb/v6-m/nofp\libg.a(libc_a-memcmp.o)
                              CMakeFiles/pio_matrix.dir/C_/Users/Lex/.pico-sdk/sdk/2.1.0/src/rp2_common/pico_atomic/atomic.c.obj (memcmp)
C:/Users/Lex/.pico-sdk/toolchain/13_3_Rel1/bin/../lib/gcc/arm-none-eabi/13.3.1/thumb/v6-m/nofp\libg.a(libc_a-memmove.o)
                              C:/Users/Lex/.pico-sdk/toolchain/13_3_Rel1/bin/../lib/gcc/arm-none-eabi/13.3.1/thumb/v6-m/nofp\libg.a(libc_a-reallocr.o) (memmove)
C:/Users/Lex/.pico-sdk/toolchain/13_3_Rel1/bin/../lib/gcc/arm-none-eabi/13.3.1/thumb/v6-m/nofp\libg.a(libc_a-lcltime_r.o)
                              CMakeFiles/pio_matrix.dir/C_/Users/Lex/.pico-sdk/sdk/2.1.0/src/common/pico_util/datetime.c.obj (localtime_r)
C:/Users/Lex/.pico-sdk/toolchain/13_3_Rel1/bin/../lib/gcc/arm-none-eabi/13.3.1/thumb/v6-m/nofp\libg.a(libc_a-mktime.o)
                              CMakeFiles/pio_matrix.dir/C_/Users/Lex/.pico-sdk/sdk/2.1.0/src/common/pico_util/datetime.c.obj (mktime)
C:/Users/Lex/.pico-sdk/toolchain/13_3_Rel1/bin/../lib/gcc/arm-none-eabi/13.3.1/thumb/v6-m/nofp\libg.a(libc_a-month_lengths.o)
                              C:/Users/Lex/.pico-sdk/toolchain/13_3_Rel1/bin/../lib/gcc/arm-none-eabi/13.3.1/thumb/v6-m/nofp\libg.a(libc_a-lcltime_r.o) (__month_lengths)
C:/Users/Lex/.pico-sdk/toolchain/13_3_Rel1/bin/../lib/gcc/arm-none-eabi/13.3.1/thumb/v6-m/nofp\libg.a(libc_a-tzcalc_limits.o)
                              C:/Users/Lex/.pico-sdk/toolchain/13_3_Rel1/bin/../lib/gcc/arm-none-eabi/13.3.1/thumb/v6-m/nofp\libg.a(libc_a-lcltime_r.o) (__tzcalc_limits)
C:/Users/Lex/.pico-sdk/toolchain/13_3_Rel1/bin/../lib/gcc/arm-none-eabi/13.3.1/thumb/v6-m/nofp\libg.a(libc_a-tzlock.o)
                              C:/Users/Lex/.pico-sdk/toolchain/13_3_Rel1/bin/../lib/gcc/arm-none-eabi/13.3.1/thumb/v6-m/nofp\libg.a(libc_a-lcltime_r.o) (__tz_lock)
C:/Users/Lex/.pico-sdk/toolchain/13_3_Rel1/bin/../lib/gcc/arm-none-eabi/13.3.1/thumb/v6-m/nofp\libg.a(libc_a-tzset.o)
                              C:/Users/Lex/.pico-sdk/toolchain/13_3_Rel1/bin/../lib/gcc/arm-none-eabi/13.3.1/thumb/v6-m/nofp\libg.a(libc_a-lcltime_r.o) (_tzset_unlocked)
C:/Users/Lex/.pico-sdk/toolchain/13_3_Rel1/bin/../lib/gcc/arm-none-eabi/13.3.1/thumb/v6-m/nofp\libg.a(libc_a-tzset_r.o)
                              C:/Users/Lex/.pico-sdk/toolchain/13_3_Rel1/bin/../lib/gcc/arm-none-eabi/13.3.1/thumb/v6-m/nofp\libg.a(libc_a-tzset.o) (_tzset_unlocked_r)
C:/Users/Lex/.pico-sdk/toolchain/13_3_Rel1/bin/../lib/gcc/arm-none-eabi/13.3.1/thumb/v6-m/nofp\libg.a(libc_a-tzvars.o)
[...]
Memory Configuration

Name             Origin             Length             Attributes
FLASH            0x10000000         0x00200000         xr
RAM              0x20000000         0x00040000         xrw
SCRATCH_X        0x20040000         0x00001000         xrw
SCRATCH_Y        0x20041000         0x00001000         xrw
*default*        0x00000000         0xffffffff

Linker script and memory map

LOAD C:/Users/Lex/.pico-sdk/toolchain/13_3_Rel1/bin/../lib/gcc/arm-none-eabi/13.3.1/thumb/v6-m/nofp/crti.o
LOAD C:/Users/Lex/.pico-sdk/toolchain/13_3_Rel1/bin/../lib/gcc/arm-none-eabi/13.3.1/thumb/v6-m/nofp/crtbegin.o
LOAD C:/Users/Lex/.pico-sdk/toolchain/13_3_Rel1/bin/../lib/gcc/arm-none-eabi/13.3.1/thumb/v6-m/nofp/crt0.o

.flash_begin    0x10000000        0x0
                0x10000000                        __flash_binary_start = .

.boot2          0x10000000      0x100
                0x10000000                        __boot2_start__ = .
 *(.boot2)
 .boot2         0x10000000      0x100 pico-sdk/src/rp2040/boot_stage2/CMakeFiles/bs2_default_library.dir/./bs2_default_padded_checksummed.S.obj
                0x10000100                        __boot2_end__ = .
                0x00000001                        ASSERT (((__boot2_end__ - __boot2_start__) == 0x100), ERROR: Pico second stage bootloader must be 256 bytes in size)

.text           0x10000100     0x7484
                0x10000100                        __logical_binary_start = .
 *(.vectors)
 .vectors       0x10000100       0xd4 CMakeFiles/pio_matrix.dir/C_/Users/Lex/.pico-sdk/sdk/2.1.0/src/rp2_common/pico_crt0/crt0.S.obj
                0x10000100                __VECTOR_TABLE
                0x10000100                __vectors
                0x100001c0                isr_invalid
                0x100001c0                __default_isrs_start
                0x100001c2                isr_nmi
                0x100001c4                isr_hardfault
                0x100001c6                isr_svcall
                0x100001c8                isr_pendsv
                0x100001ca                isr_systick
                0x100001cc                isr_irq23
                0x100001cc                isr_irq18
                0x100001cc                isr_irq11
                0x100001cc                isr_irq28
                0x100001cc                isr_irq19
                0x100001cc                isr_irq0
                0x100001cc                isr_irq6
                0x100001cc                isr_irq5
                0x100001cc                isr_irq12
                0x100001cc                isr_irq22
                0x100001cc                isr_irq31
                0x100001cc                isr_irq17
                0x100001cc                isr_irq27
                0x100001cc                isr_irq30
                0x100001cc                isr_irq2
                0x100001cc                isr_irq10
                0x100001cc                isr_irq8
                0x100001cc                isr_irq24
                0x100001cc                isr_irq1
                0x100001cc                isr_irq7
                0x100001cc                isr_irq21
                0x100001cc                isr_irq20
                0x100001cc                isr_irq15
                0x100001cc                isr_irq25
                0x100001cc                isr_irq13
                0x100001cc                __unhandled_user_irq
                0x100001cc                isr_irq4
                0x100001cc                isr_irq16
                0x100001cc                isr_irq29
                0x100001cc                isr_irq26
                0x100001cc                __default_isrs_end
                0x100001cc                isr_irq3
                0x100001cc                isr_irq14
                0x100001cc                isr_irq9
                0x100001d2                unhandled_user_irq_num_in_r0
 *(.binary_info_header)
 .binary_info_header
                0x100001d4       0x14 CMakeFiles/pio_matrix.dir/C_/Users/Lex/.pico-sdk/sdk/2.1.0/src/rp2_common/pico_crt0/crt0.S.obj
                0x100001e8                        __binary_info_header_end = .
 *(.embedded_block)
                0x100001e8                        __embedded_block_end = .
 *(.reset)
 .reset         0x100001e8       0x9c CMakeFiles/pio_matrix.dir/C_/Users/Lex/.pico-sdk/sdk/2.1.0/src/rp2_common/pico_crt0/crt0.S.obj
                0x100001e8                _entry_point
 *(.init)
 .init          0x10000284        0x4 C:/Users/Lex/.pico-sdk/toolchain/13_3_Rel1/bin/../lib/gcc/arm-none-eabi/13.3.1/thumb/v6-m/nofp/crti.o
                0x10000284                _init
 *(EXCLUDE_FILE(*libm.a: *libc.a:*lib_a-mem*.o *libgcc.a:) .text*)
 .text.register_tm_clones
                0x10000288       0x28 C:/Users/Lex/.pico-sdk/toolchain/13_3_Rel1/bin/../lib/gcc/arm-none-eabi/13.3.1/thumb/v6-m/nofp/crtbegin.o
 .text.frame_dummy
                0x100002b0       0x24 C:/Users/Lex/.pico-sdk/toolchain/13_3_Rel1/bin/../lib/gcc/arm-none-eabi/13.3.1/thumb/v6-m/nofp/crtbegin.o
 .text.gpio_irq_handler
                0x100002d4       0x24 CMakeFiles/pio_matrix.dir/pio_matrix.c.obj
 .text.configurar_teclado
                0x100002f8       0x60 CMakeFiles/pio_matrix.dir/pio_matrix.c.obj
                0x100002f8                configurar_teclado
 .text.exibir_animacao_embarcatech
                0x10000358       0xd4 CMakeFiles/pio_matrix.dir/pio_matrix.c.obj
                0x10000358                exibir_animacao_embarcatech
 .text.exibir_animacao_alexsami
                0x1000042c       0xc8 CMakeFiles/pio_matrix.dir/pio_matrix.c.obj
                0x1000042c                exibir_animacao_alexsami
 .text.startup.main
                0x100004f4      0x2f8 CMakeFiles/pio_matrix.dir/pio_matrix.c.obj
                0x100004f4                main
 .text.gpio_default_irq_handler
                0x100007ec      0x274 CMakeFiles/pio_matrix.dir/C_/Users/Lex/.pico-sdk/sdk/2.1.0/src/rp2_common/hardware_gpio/gpio.c.obj
 .text.gpio_set_function
                0x10000a60       0x34 CMakeFiles/pio_matrix.dir/C_/Users/Lex/.pico-sdk/sdk/2.1.0/src/rp2_common/hardware_gpio/gpio.c.obj
                0x10000a60                gpio_set_function
 .text.gpio_set_pulls
                0x10000a94       0x28 CMakeFiles/pio_matrix.dir/C_/Users/Lex/.pico-sdk/sdk/2.1.0/src/rp2_common/hardware_gpio/gpio.c.obj
                0x10000a94                gpio_set_pulls
 .text.gpio_set_irq_enabled_with_callback
                0x10000abc       0xd0 CMakeFiles/pio_matrix.dir/C_/Users/Lex/.pico-sdk/sdk/2.1.0/src/rp2_common/hardware_gpio/gpio.c.obj
                0x10000abc                gpio_set_irq_enabled_with_callback
 .text.gpio_init
                0x10000b8c       0x40 CMakeFiles/pio_matrix.dir/C_/Users/Lex/.pico-sdk/sdk/2.1.0/src/rp2_common/hardware_gpio/gpio.c.obj
                0x10000b8c                gpio_init
 .text.rp2040_chip_version
                0x10000bcc        0xc CMakeFiles/pio_matrix.dir/C_/Users/Lex/.pico-sdk/sdk/2.1.0/src/rp2040/pico_platform/platform.c.obj
                0x10000bcc                rp2040_chip_version
 .text.panic    0x10000bd8       0x30 CMakeFiles/pio_matrix.dir/C_/Users/Lex/.pico-sdk/sdk/2.1.0/src/rp2_common/pico_platform_panic/panic.c.obj
                0x10000bd8                panic
 .text.hw_claim_lock
                0x10000c08       0x18 CMakeFiles/pio_matrix.dir/C_/Users/Lex/.pico-sdk/sdk/2.1.0/src/common/hardware_claim/claim.c.obj
                0x10000c08                hw_claim_lock
 .text.hw_claim_unlock
                0x10000c20       0x14 CMakeFiles/pio_matrix.dir/C_/Users/Lex/.pico-sdk/sdk/2.1.0/src/common/hardware_claim/claim.c.obj
                0x10000c20                hw_claim_unlock
 .text.hw_claim_or_assert
                0x10000c34       0x44 CMakeFiles/pio_matrix.dir/C_/Users/Lex/.pico-sdk/sdk/2.1.0/src/common/hardware_claim/claim.c.obj
                0x10000c34                hw_claim_or_assert
 .text.hw_claim_unused_from_range
                0x10000c78       0x9c CMakeFiles/pio_matrix.dir/C_/Users/Lex/.pico-sdk/sdk/2.1.0/src/common/hardware_claim/claim.c.obj
                0x10000c78                hw_claim_unused_from_range
 .text.next_striped_spin_lock_num
                0x10000d14       0x18 CMakeFiles/pio_matrix.dir/C_/Users/Lex/.pico-sdk/sdk/2.1.0/src/rp2_common/hardware_sync/sync.c.obj
                0x10000d14                next_striped_spin_lock_num
 .text.spin_lock_claim_unused
                0x10000d2c       0x24 CMakeFiles/pio_matrix.dir/C_/Users/Lex/.pico-sdk/sdk/2.1.0/src/rp2_common/hardware_sync/sync.c.obj
                0x10000d2c                spin_lock_claim_unused
 .text.spin_locks_reset
                0x10000d50       0x1c CMakeFiles/pio_matrix.dir/C_/Users/Lex/.pico-sdk/sdk/2.1.0/src/rp2_common/hardware_sync_spin_lock/sync_spin_lock.c.obj
                0x10000d50                spin_locks_reset
 .text.runtime_init_per_core_irq_priorities
                0x10000d6c       0x24 CMakeFiles/pio_matrix.dir/C_/Users/Lex/.pico-sdk/sdk/2.1.0/src/rp2_common/hardware_irq/irq.c.obj
                0x10000d6c                runtime_init_per_core_irq_priorities
 .text.irq_set_enabled
                0x10000d90       0x24 CMakeFiles/pio_matrix.dir/C_/Users/Lex/.pico-sdk/sdk/2.1.0/src/rp2_common/hardware_irq/irq.c.obj
                0x10000d90                irq_set_enabled
 .text.irq_is_enabled
                0x10000db4       0x18 CMakeFiles/pio_matrix.dir/C_/Users/Lex/.pico-sdk/sdk/2.1.0/src/rp2_common/hardware_irq/irq.c.obj
                0x10000db4                irq_is_enabled
 .text.irq_set_pending
                0x10000dcc       0x10 CMakeFiles/pio_matrix.dir/C_/Users/Lex/.pico-sdk/sdk/2.1.0/src/rp2_common/hardware_irq/irq.c.obj
                0x10000dcc                irq_set_pending
 .text.irq_has_shared_handler
                0x10000ddc       0x2c CMakeFiles/pio_matrix.dir/C_/Users/Lex/.pico-sdk/sdk/2.1.0/src/rp2_common/hardware_irq/irq.c.obj
                0x10000ddc                irq_has_shared_handler
 .text.irq_set_exclusive_handler
                0x10000e08       0x54 CMakeFiles/pio_matrix.dir/C_/Users/Lex/.pico-sdk/sdk/2.1.0/src/rp2_common/hardware_irq/irq.c.obj
                0x10000e08                irq_set_exclusive_handler
 .text.irq_add_shared_handler
                0x10000e5c      0x1f4 CMakeFiles/pio_matrix.dir/C_/Users/Lex/.pico-sdk/sdk/2.1.0/src/rp2_common/hardware_irq/irq.c.obj
                0x10000e5c                irq_add_shared_handler
 .text.irq_remove_handler
                0x10001050      0x1d4 CMakeFiles/pio_matrix.dir/C_/Users/Lex/.pico-sdk/sdk/2.1.0/src/rp2_common/hardware_irq/irq.c.obj
                0x10001050                irq_remove_handler
 .text.irq_add_tail_to_free_list
                0x10001224       0xb4 CMakeFiles/pio_matrix.dir/C_/Users/Lex/.pico-sdk/sdk/2.1.0/src/rp2_common/hardware_irq/irq.c.obj
                0x10001224                irq_add_tail_to_free_list
 .text.user_irq_claim_unused
                0x100012d8       0x2c CMakeFiles/pio_matrix.dir/C_/Users/Lex/.pico-sdk/sdk/2.1.0/src/rp2_common/hardware_irq/irq.c.obj
                0x100012d8                user_irq_claim_unused
 .text.lock_init
                0x10001304       0x10 CMakeFiles/pio_matrix.dir/C_/Users/Lex/.pico-sdk/sdk/2.1.0/src/common/pico_sync/lock_core.c.obj
                0x10001304                lock_init
 .text.runtime_init_mutex
                0x10001314       0x50 CMakeFiles/pio_matrix.dir/C_/Users/Lex/.pico-sdk/sdk/2.1.0/src/common/pico_sync/mutex.c.obj
                0x10001314                runtime_init_mutex
 .text.mutex_init
                0x10001364       0x1c CMakeFiles/pio_matrix.dir/C_/Users/Lex/.pico-sdk/sdk/2.1.0/src/common/pico_sync/mutex.c.obj
                0x10001364                mutex_init
 .text.critical_section_init
                0x10001380       0x1c CMakeFiles/pio_matrix.dir/C_/Users/Lex/.pico-sdk/sdk/2.1.0/src/common/pico_sync/critical_section.c.obj
                0x10001380                critical_section_init
 .text.critical_section_init_with_lock_num
                0x1000139c       0x14 CMakeFiles/pio_matrix.dir/C_/Users/Lex/.pico-sdk/sdk/2.1.0/src/common/pico_sync/critical_section.c.obj
                0x1000139c                critical_section_init_with_lock_num
 .text.sleep_until_callback
                0x100013b0       0x30 CMakeFiles/pio_matrix.dir/C_/Users/Lex/.pico-sdk/sdk/2.1.0/src/common/pico_time/time.c.obj
 .text.alarm_pool_irq_handler
                0x100013e0      0x2fc CMakeFiles/pio_matrix.dir/C_/Users/Lex/.pico-sdk/sdk/2.1.0/src/common/pico_time/time.c.obj
 .text.runtime_init_default_alarm_pool
                0x100016dc       0xdc CMakeFiles/pio_matrix.dir/C_/Users/Lex/.pico-sdk/sdk/2.1.0/src/common/pico_time/time.c.obj
                0x100016dc                runtime_init_default_alarm_pool
 .text.alarm_pool_get_default
                0x100017b8        0x8 CMakeFiles/pio_matrix.dir/C_/Users/Lex/.pico-sdk/sdk/2.1.0/src/common/pico_time/time.c.obj
                0x100017b8                alarm_pool_get_default
 .text.alarm_pool_add_alarm_at
                0x100017c0       0xd4 CMakeFiles/pio_matrix.dir/C_/Users/Lex/.pico-sdk/sdk/2.1.0/src/common/pico_time/time.c.obj
                0x100017c0                alarm_pool_add_alarm_at
 .text.alarm_pool_add_alarm_at_force_in_context
                0x10001894       0xb0 CMakeFiles/pio_matrix.dir/C_/Users/Lex/.pico-sdk/sdk/2.1.0/src/common/pico_time/time.c.obj
                0x10001894                alarm_pool_add_alarm_at_force_in_context
 .text.alarm_pool_cancel_alarm
                0x10001944       0x74 CMakeFiles/pio_matrix.dir/C_/Users/Lex/.pico-sdk/sdk/2.1.0/src/common/pico_time/time.c.obj
                0x10001944                alarm_pool_cancel_alarm
 .text.alarm_pool_core_num
                0x100019b8        0x4 CMakeFiles/pio_matrix.dir/C_/Users/Lex/.pico-sdk/sdk/2.1.0/src/common/pico_time/time.c.obj
                0x100019b8                alarm_pool_core_num
 .text.sleep_until
                0x100019bc       0xd8 CMakeFiles/pio_matrix.dir/C_/Users/Lex/.pico-sdk/sdk/2.1.0/src/common/pico_time/time.c.obj
                0x100019bc                sleep_until
 .text.sleep_ms
                0x10001a94       0x38 CMakeFiles/pio_matrix.dir/C_/Users/Lex/.pico-sdk/sdk/2.1.0/src/common/pico_time/time.c.obj
                0x10001a94                sleep_ms
 .text.best_effort_wfe_or_timeout
                0x10001acc       0xe0 CMakeFiles/pio_matrix.dir/C_/Users/Lex/.pico-sdk/sdk/2.1.0/src/common/pico_time/time.c.obj
                0x10001acc                best_effort_wfe_or_timeout
 .text.timer_hardware_alarm_claim
                0x10001bac       0x14 CMakeFiles/pio_matrix.dir/C_/Users/Lex/.pico-sdk/sdk/2.1.0/src/rp2_common/hardware_timer/timer.c.obj
                0x10001bac                timer_hardware_alarm_claim
 .text.timer_time_us_64
                0x10001bc0       0x10 CMakeFiles/pio_matrix.dir/C_/Users/Lex/.pico-sdk/sdk/2.1.0/src/rp2_common/hardware_timer/timer.c.obj
                0x10001bc0                timer_time_us_64
 .text.time_us_64
                0x10001bd0       0x14 CMakeFiles/pio_matrix.dir/C_/Users/Lex/.pico-sdk/sdk/2.1.0/src/rp2_common/hardware_timer/timer.c.obj
                0x10001bd0                time_us_64
 .text.busy_wait_until
                0x10001be4       0x20 CMakeFiles/pio_matrix.dir/C_/Users/Lex/.pico-sdk/sdk/2.1.0/src/rp2_common/hardware_timer/timer.c.obj
                0x10001be4                busy_wait_until
 .text.clock_configure_int_divider
                0x10001c04       0xf4 CMakeFiles/pio_matrix.dir/C_/Users/Lex/.pico-sdk/sdk/2.1.0/src/rp2_common/hardware_clocks/clocks.c.obj
                0x10001c04                clock_configure_int_divider
 .text.clock_configure_undivided
                0x10001cf8       0xe8 CMakeFiles/pio_matrix.dir/C_/Users/Lex/.pico-sdk/sdk/2.1.0/src/rp2_common/hardware_clocks/clocks.c.obj
                0x10001cf8                clock_configure_undivided
 .text.clock_get_hz
                0x10001de0        0xc CMakeFiles/pio_matrix.dir/C_/Users/Lex/.pico-sdk/sdk/2.1.0/src/rp2_common/hardware_clocks/clocks.c.obj
                0x10001de0                clock_get_hz
 .text.set_sys_clock_pll
                0x10001dec      0x1b8 CMakeFiles/pio_matrix.dir/C_/Users/Lex/.pico-sdk/sdk/2.1.0/src/rp2_common/hardware_clocks/clocks.c.obj
                0x10001dec                set_sys_clock_pll
 .text.check_sys_clock_khz
                0x10001fa4      0x234 CMakeFiles/pio_matrix.dir/C_/Users/Lex/.pico-sdk/sdk/2.1.0/src/rp2_common/hardware_clocks/clocks.c.obj
                0x10001fa4                check_sys_clock_khz
 .text.pll_init
                0x100021d8       0xa4 CMakeFiles/pio_matrix.dir/C_/Users/Lex/.pico-sdk/sdk/2.1.0/src/rp2_common/hardware_pll/pll.c.obj
                0x100021d8                pll_init
 .text.watchdog_reboot
                0x1000227c       0x9c CMakeFiles/pio_matrix.dir/C_/Users/Lex/.pico-sdk/sdk/2.1.0/src/rp2_common/hardware_watchdog/watchdog.c.obj
                0x1000227c                watchdog_reboot
 .text.tick_start
                0x10002318       0x10 CMakeFiles/pio_matrix.dir/C_/Users/Lex/.pico-sdk/sdk/2.1.0/src/rp2_common/hardware_ticks/ticks.c.obj
                0x10002318                tick_start
 .text.rom_func_lookup
                0x10002328       0x10 CMakeFiles/pio_matrix.dir/C_/Users/Lex/.pico-sdk/sdk/2.1.0/src/rp2_common/pico_bootrom/bootrom.c.obj
                0x10002328                rom_func_lookup
 .text.rom_data_lookup
                0x10002338       0x10 CMakeFiles/pio_matrix.dir/C_/Users/Lex/.pico-sdk/sdk/2.1.0/src/rp2_common/pico_bootrom/bootrom.c.obj
                0x10002338                rom_data_lookup
 .text.rom_funcs_lookup
                0x10002348       0x44 CMakeFiles/pio_matrix.dir/C_/Users/Lex/.pico-sdk/sdk/2.1.0/src/rp2_common/pico_bootrom/bootrom.c.obj
                0x10002348                rom_funcs_lookup
 .text.rom_reset_usb_boot
                0x1000238c       0x20 CMakeFiles/pio_matrix.dir/C_/Users/Lex/.pico-sdk/sdk/2.1.0/src/rp2_common/pico_bootrom/bootrom.c.obj
                0x1000238c                rom_reset_usb_boot
 .text.rom_reset_usb_boot_extra
                0x100023ac       0x28 CMakeFiles/pio_matrix.dir/C_/Users/Lex/.pico-sdk/sdk/2.1.0/src/rp2_common/pico_bootrom/bootrom.c.obj
                0x100023ac                rom_reset_usb_boot_extra
 .text.xosc_init
                0x100023d4       0x28 CMakeFiles/pio_matrix.dir/C_/Users/Lex/.pico-sdk/sdk/2.1.0/src/rp2_common/hardware_xosc/xosc.c.obj
                0x100023d4                xosc_init
 .text.first_per_core_initializer
                0x100023fc        0x4 CMakeFiles/pio_matrix.dir/C_/Users/Lex/.pico-sdk/sdk/2.1.0/src/rp2_common/pico_runtime/runtime.c.obj
 .text.hard_assertion_failure
                0x10002400        0xc CMakeFiles/pio_matrix.dir/C_/Users/Lex/.pico-sdk/sdk/2.1.0/src/rp2_common/pico_runtime/runtime.c.obj
                0x10002400                hard_assertion_failure
 .text.runtime_run_initializers
                0x1000240c       0x28 CMakeFiles/pio_matrix.dir/C_/Users/Lex/.pico-sdk/sdk/2.1.0/src/rp2_common/pico_runtime/runtime.c.obj
                0x1000240c                runtime_run_initializers
 .text.runtime_init_early_resets
                0x10002434       0x2c CMakeFiles/pio_matrix.dir/C_/Users/Lex/.pico-sdk/sdk/2.1.0/src/rp2_common/pico_runtime_init/runtime_init.c.obj
                0x10002434                runtime_init_early_resets
 .text.runtime_init_usb_power_down
                0x10002460       0x1c CMakeFiles/pio_matrix.dir/C_/Users/Lex/.pico-sdk/sdk/2.1.0/src/rp2_common/pico_runtime_init/runtime_init.c.obj
                0x10002460                runtime_init_usb_power_down
 .text.runtime_init_post_clock_resets
                0x1000247c       0x20 CMakeFiles/pio_matrix.dir/C_/Users/Lex/.pico-sdk/sdk/2.1.0/src/rp2_common/pico_runtime_init/runtime_init.c.obj
                0x1000247c                runtime_init_post_clock_resets
 .text.runtime_init_rp2040_gpio_ie_disable
                0x1000249c       0x14 CMakeFiles/pio_matrix.dir/C_/Users/Lex/.pico-sdk/sdk/2.1.0/src/rp2_common/pico_runtime_init/runtime_init.c.obj
                0x1000249c                runtime_init_rp2040_gpio_ie_disable
 .text.runtime_init_spin_locks_reset
                0x100024b0        0x8 CMakeFiles/pio_matrix.dir/C_/Users/Lex/.pico-sdk/sdk/2.1.0/src/rp2_common/pico_runtime_init/runtime_init.c.obj
                0x100024b0                runtime_init_spin_locks_reset
 .text.runtime_init_install_ram_vector_table
                0x100024b8       0x1c CMakeFiles/pio_matrix.dir/C_/Users/Lex/.pico-sdk/sdk/2.1.0/src/rp2_common/pico_runtime_init/runtime_init.c.obj
                0x100024b8                runtime_init_install_ram_vector_table
 .text.runtime_init_clocks
                0x100024d4       0xd8 CMakeFiles/pio_matrix.dir/C_/Users/Lex/.pico-sdk/sdk/2.1.0/src/rp2_common/pico_runtime_init/runtime_init_clocks.c.obj
                0x100024d4                runtime_init_clocks
 .text          0x100025ac       0x10 CMakeFiles/pio_matrix.dir/C_/Users/Lex/.pico-sdk/sdk/2.1.0/src/rp2_common/pico_bit_ops/bit_ops_aeabi.S.obj
 .text.__wrap___aeabi_idiv
                0x100025bc       0x50 CMakeFiles/pio_matrix.dir/C_/Users/Lex/.pico-sdk/sdk/2.1.0/src/rp2_common/pico_divider/divider_hardware.S.obj
                0x100025bc                __wrap___aeabi_idivmod
                0x100025bc                divmod_s32s32
                0x100025bc                div_s32s32
                0x100025bc                __wrap___aeabi_idiv
                0x100025c4                divmod_s32s32_unsafe
                0x100025f0                divmod_s32s32_savestate
 .text.__wrap___aeabi_uidiv
                0x1000260c       0x4c CMakeFiles/pio_matrix.dir/C_/Users/Lex/.pico-sdk/sdk/2.1.0/src/rp2_common/pico_divider/divider_hardware.S.obj
                0x1000260c                __wrap___aeabi_uidiv
                0x1000260c                __wrap___aeabi_uidivmod
                0x1000260c                div_u32u32
                0x1000260c                divmod_u32u32
                0x10002614                divmod_u32u32_unsafe
                0x1000263c                divmod_u32u32_savestate
 .text.__wrap___aeabi_ldiv
                0x10002658      0x424 CMakeFiles/pio_matrix.dir/C_/Users/Lex/.pico-sdk/sdk/2.1.0/src/rp2_common/pico_divider/divider_hardware.S.obj
                0x10002658                div_s64s64
                0x10002658                divmod_s64s64
                0x10002658                __wrap___aeabi_ldivmod
                0x10002688                divmod_u64u64
                0x10002688                div_u64u64
                0x10002688                __wrap___aeabi_uldivmod
                0x10002698                divmod_u64u64_savestate
                0x100026b8                divmod_s64s64_unsafe
                0x10002740                divmod_u64u64_unsafe
 .text.__wrap___aeabi_darithmetic
                0x10002a7c       0x60 CMakeFiles/pio_matrix.dir/C_/Users/Lex/.pico-sdk/sdk/2.1.0/src/rp2_common/pico_double/double_aeabi_rp2040.S.obj
                0x10002a7c                __wrap___aeabi_drsub
                0x10002a82                __wrap___aeabi_dsub
                0x10002a8c                __wrap___aeabi_dadd
                0x10002a96                __wrap___aeabi_ddiv
                0x10002aca                __wrap___aeabi_dmul
 .text.__wrap___aeabi_cdcmple
                0x10002adc       0x6c CMakeFiles/pio_matrix.dir/C_/Users/Lex/.pico-sdk/sdk/2.1.0/src/rp2_common/pico_double/double_aeabi_rp2040.S.obj
                0x10002adc                __wrap___aeabi_cdrcmple
                0x10002aec                __wrap___aeabi_cdcmpeq
                0x10002aec                __wrap___aeabi_cdcmple
 .text.__wrap___aeabi_dcmplt
                0x10002b48        0xc CMakeFiles/pio_matrix.dir/C_/Users/Lex/.pico-sdk/sdk/2.1.0/src/rp2_common/pico_double/double_aeabi_rp2040.S.obj
                0x10002b48                __wrap___aeabi_dcmplt
 .text.__wrap___aeabi_dcmpge
                0x10002b54       0x10 CMakeFiles/pio_matrix.dir/C_/Users/Lex/.pico-sdk/sdk/2.1.0/src/rp2_common/pico_double/double_aeabi_rp2040.S.obj
                0x10002b54                __wrap___aeabi_dcmpge
 .text.__wrap___aeabi_dcmpgt
                0x10002b64        0xa CMakeFiles/pio_matrix.dir/C_/Users/Lex/.pico-sdk/sdk/2.1.0/src/rp2_common/pico_double/double_aeabi_rp2040.S.obj
                0x10002b64                __wrap___aeabi_dcmpgt
 .text.__wrap___aeabi_dcmpun
                0x10002b6e       0x18 CMakeFiles/pio_matrix.dir/C_/Users/Lex/.pico-sdk/sdk/2.1.0/src/rp2_common/pico_double/double_aeabi_rp2040.S.obj
                0x10002b6e                __wrap___aeabi_dcmpun
 *fill*         0x10002b86        0x2 
 .text.__wrap___aeabi_i2d
                0x10002b88       0x38 CMakeFiles/pio_matrix.dir/C_/Users/Lex/.pico-sdk/sdk/2.1.0/src/rp2_common/pico_double/double_aeabi_rp2040.S.obj
                0x10002b88                __wrap___aeabi_ui2d
                0x10002b90                __wrap___aeabi_i2d
 .text.__wrap___aeabi_d2iz
                0x10002bc0       0x48 CMakeFiles/pio_matrix.dir/C_/Users/Lex/.pico-sdk/sdk/2.1.0/src/rp2_common/pico_double/double_aeabi_rp2040.S.obj
                0x10002bc0                double2int_z
                0x10002bc0                __wrap___aeabi_d2iz
 .text.__wrap___aeabi_d2uiz
                0x10002c08       0x10 CMakeFiles/pio_matrix.dir/C_/Users/Lex/.pico-sdk/sdk/2.1.0/src/rp2_common/pico_double/double_aeabi_rp2040.S.obj
                0x10002c08                __wrap___aeabi_d2uiz
                0x10002c08                double2uint
 .text.__wrap___aeabi_d2f
                0x10002c18       0x10 CMakeFiles/pio_matrix.dir/C_/Users/Lex/.pico-sdk/sdk/2.1.0/src/rp2_common/pico_double/double_aeabi_rp2040.S.obj
                0x10002c18                __wrap___aeabi_d2f
 .text.missing_double_func_shim
                0x10002c28        0xc CMakeFiles/pio_matrix.dir/C_/Users/Lex/.pico-sdk/sdk/2.1.0/src/rp2_common/pico_double/double_init_rom_rp2040.c.obj
 .text.__aeabi_double_init
                0x10002c34       0xa0 CMakeFiles/pio_matrix.dir/C_/Users/Lex/.pico-sdk/sdk/2.1.0/src/rp2_common/pico_double/double_init_rom_rp2040.c.obj
                0x10002c34                __aeabi_double_init
 .text.double_table_shim_on_use_helper
                0x10002cd4       0x2c CMakeFiles/pio_matrix.dir/C_/Users/Lex/.pico-sdk/sdk/2.1.0/src/rp2_common/pico_double/double_v1_rom_shim_rp2040.S.obj
                0x10002cd4                double_table_shim_on_use_helper
 .text.__aeabi_lmul
                0x10002d00       0x32 CMakeFiles/pio_matrix.dir/C_/Users/Lex/.pico-sdk/sdk/2.1.0/src/rp2_common/pico_int64_ops/pico_int64_ops_aeabi.S.obj
                0x10002d00                __wrap___aeabi_lmul
 *fill*         0x10002d32        0x2 
 .text.__wrap___aeabi_farithmetic
                0x10002d34       0x48 CMakeFiles/pio_matrix.dir/C_/Users/Lex/.pico-sdk/sdk/2.1.0/src/rp2_common/pico_float/float_aeabi_rp2040.S.obj
                0x10002d34                __wrap___aeabi_frsub
                0x10002d3a                __wrap___aeabi_fsub
                0x10002d40                __wrap___aeabi_fadd
                0x10002d46                __wrap___aeabi_fdiv
                0x10002d6e                __wrap___aeabi_fmul
 .text.__wrap___aeabi_ui2f
                0x10002d7c        0xa CMakeFiles/pio_matrix.dir/C_/Users/Lex/.pico-sdk/sdk/2.1.0/src/rp2_common/pico_float/float_aeabi_rp2040.S.obj
                0x10002d7c                __wrap___aeabi_ui2f
                0x10002d7c                uint2float
 *fill*         0x10002d86        0x2 
 .text.__wrap___aeabi_i2f
                0x10002d88       0x44 CMakeFiles/pio_matrix.dir/C_/Users/Lex/.pico-sdk/sdk/2.1.0/src/rp2_common/pico_float/float_aeabi_rp2040.S.obj
                0x10002d88                __wrap___aeabi_i2f
                0x10002d88                int2float
 .text.__wrap___aeabi_f2uiz
                0x10002dcc        0xc CMakeFiles/pio_matrix.dir/C_/Users/Lex/.pico-sdk/sdk/2.1.0/src/rp2_common/pico_float/float_aeabi_rp2040.S.obj
                0x10002dcc                __wrap___aeabi_f2uiz
                0x10002dcc                float2uint_z
 .text.missing_float_func_shim
                0x10002dd8        0xc CMakeFiles/pio_matrix.dir/C_/Users/Lex/.pico-sdk/sdk/2.1.0/src/rp2_common/pico_float/float_init_rom_rp2040.c.obj
 .text.__aeabi_float_init
                0x10002de4       0x5c CMakeFiles/pio_matrix.dir/C_/Users/Lex/.pico-sdk/sdk/2.1.0/src/rp2_common/pico_float/float_init_rom_rp2040.c.obj
                0x10002de4                __aeabi_float_init
 .text          0x10002e40       0x10 CMakeFiles/pio_matrix.dir/C_/Users/Lex/.pico-sdk/sdk/2.1.0/src/rp2_common/pico_mem_ops/mem_ops_aeabi.S.obj
                0x10002e40                __aeabi_mem_init
 .text.memset   0x10002e50        0xc CMakeFiles/pio_matrix.dir/C_/Users/Lex/.pico-sdk/sdk/2.1.0/src/rp2_common/pico_mem_ops/mem_ops_aeabi.S.obj
                0x10002e50                __wrap_memset
 .text.memcpy   0x10002e5c        0xc CMakeFiles/pio_matrix.dir/C_/Users/Lex/.pico-sdk/sdk/2.1.0/src/rp2_common/pico_mem_ops/mem_ops_aeabi.S.obj
                0x10002e5c                __wrap_memcpy
                0x10002e5c                __wrap___aeabi_memcpy
 .text._out_null
                0x10002e68        0x4 CMakeFiles/pio_matrix.dir/C_/Users/Lex/.pico-sdk/sdk/2.1.0/src/rp2_common/pico_printf/printf.c.obj
 .text._out_rev
                0x10002e6c       0xac CMakeFiles/pio_matrix.dir/C_/Users/Lex/.pico-sdk/sdk/2.1.0/src/rp2_common/pico_printf/printf.c.obj
 .text._ntoa_format
                0x10002f18      0x250 CMakeFiles/pio_matrix.dir/C_/Users/Lex/.pico-sdk/sdk/2.1.0/src/rp2_common/pico_printf/printf.c.obj
 .text._out_char
                0x10003168       0x10 CMakeFiles/pio_matrix.dir/C_/Users/Lex/.pico-sdk/sdk/2.1.0/src/rp2_common/pico_printf/printf.c.obj
 .text._out_fct
                0x10003178       0x10 CMakeFiles/pio_matrix.dir/C_/Users/Lex/.pico-sdk/sdk/2.1.0/src/rp2_common/pico_printf/printf.c.obj
 .text._etoa    0x10003188      0x464 CMakeFiles/pio_matrix.dir/C_/Users/Lex/.pico-sdk/sdk/2.1.0/src/rp2_common/pico_printf/printf.c.obj
 .text._ftoa    0x100035ec      0x3c0 CMakeFiles/pio_matrix.dir/C_/Users/Lex/.pico-sdk/sdk/2.1.0/src/rp2_common/pico_printf/printf.c.obj
 .text._vsnprintf
                0x100039ac      0xbc8 CMakeFiles/pio_matrix.dir/C_/Users/Lex/.pico-sdk/sdk/2.1.0/src/rp2_common/pico_printf/printf.c.obj
 .text.vfctprintf
                0x10004574       0x20 CMakeFiles/pio_matrix.dir/C_/Users/Lex/.pico-sdk/sdk/2.1.0/src/rp2_common/pico_printf/printf.c.obj
                0x10004574                vfctprintf
 .text.weak_raw_vprintf
                0x10004594       0x30 CMakeFiles/pio_matrix.dir/C_/Users/Lex/.pico-sdk/sdk/2.1.0/src/rp2_common/pico_printf/printf.c.obj
                0x10004594                weak_raw_vprintf
 .text._exit    0x100045c4        0x4 CMakeFiles/pio_matrix.dir/C_/Users/Lex/.pico-sdk/sdk/2.1.0/src/rp2_common/pico_clib_interface/newlib_interface.c.obj
                0x100045c4                _exit
 .text.exit     0x100045c8        0x8 CMakeFiles/pio_matrix.dir/C_/Users/Lex/.pico-sdk/sdk/2.1.0/src/rp2_common/pico_clib_interface/newlib_interface.c.obj
                0x100045c8                exit
 .text.runtime_init
                0x100045d0       0x2c CMakeFiles/pio_matrix.dir/C_/Users/Lex/.pico-sdk/sdk/2.1.0/src/rp2_common/pico_clib_interface/newlib_interface.c.obj
                0x100045d0                runtime_init
 .text.stdio_out_chars_no_crlf
                0x100045fc       0x10 CMakeFiles/pio_matrix.dir/C_/Users/Lex/.pico-sdk/sdk/2.1.0/src/rp2_common/pico_stdio/stdio.c.obj
 .text.stdio_out_chars_crlf
                0x1000460c       0x94 CMakeFiles/pio_matrix.dir/C_/Users/Lex/.pico-sdk/sdk/2.1.0/src/rp2_common/pico_stdio/stdio.c.obj
 .text.stdio_buffered_printer
                0x100046a0       0x64 CMakeFiles/pio_matrix.dir/C_/Users/Lex/.pico-sdk/sdk/2.1.0/src/rp2_common/pico_stdio/stdio.c.obj
 .text.stdio_put_string
                0x10004704      0x100 CMakeFiles/pio_matrix.dir/C_/Users/Lex/.pico-sdk/sdk/2.1.0/src/rp2_common/pico_stdio/stdio.c.obj
                0x10004704                stdio_put_string
 .text.stdio_set_driver_enabled
                0x10004804       0x30 CMakeFiles/pio_matrix.dir/C_/Users/Lex/.pico-sdk/sdk/2.1.0/src/rp2_common/pico_stdio/stdio.c.obj
                0x10004804                stdio_set_driver_enabled
 .text.stdio_init_all
                0x10004834        0x8 CMakeFiles/pio_matrix.dir/C_/Users/Lex/.pico-sdk/sdk/2.1.0/src/rp2_common/pico_stdio/stdio.c.obj
                0x10004834                stdio_init_all
 .text.__wrap_putchar
                0x1000483c       0x98 CMakeFiles/pio_matrix.dir/C_/Users/Lex/.pico-sdk/sdk/2.1.0/src/rp2_common/pico_stdio/stdio.c.obj
                0x1000483c                __wrap_putchar
                0x1000483c                stdio_putchar
 .text.__wrap_puts
                0x100048d4       0x3c CMakeFiles/pio_matrix.dir/C_/Users/Lex/.pico-sdk/sdk/2.1.0/src/rp2_common/pico_stdio/stdio.c.obj
                0x100048d4                stdio_puts
                0x100048d4                __wrap_puts
 .text.__wrap_vprintf
                0x10004910       0xd4 CMakeFiles/pio_matrix.dir/C_/Users/Lex/.pico-sdk/sdk/2.1.0/src/rp2_common/pico_stdio/stdio.c.obj
                0x10004910                stdio_vprintf
                0x10004910                __wrap_vprintf
 .text.__wrap_printf
                0x100049e4       0x18 CMakeFiles/pio_matrix.dir/C_/Users/Lex/.pico-sdk/sdk/2.1.0/src/rp2_common/pico_stdio/stdio.c.obj
                0x100049e4                __wrap_printf
                0x100049e4                stdio_printf
 .text.resetd_init
                0x100049fc        0x4 CMakeFiles/pio_matrix.dir/C_/Users/Lex/.pico-sdk/sdk/2.1.0/src/rp2_common/pico_stdio_usb/reset_interface.c.obj
 .text.resetd_reset
                0x10004a00        0xc CMakeFiles/pio_matrix.dir/C_/Users/Lex/.pico-sdk/sdk/2.1.0/src/rp2_common/pico_stdio_usb/reset_interface.c.obj
 .text.resetd_open
                0x10004a0c       0x28 CMakeFiles/pio_matrix.dir/C_/Users/Lex/.pico-sdk/sdk/2.1.0/src/rp2_common/pico_stdio_usb/reset_interface.c.obj
 .text.resetd_xfer_cb
                0x10004a34        0x4 CMakeFiles/pio_matrix.dir/C_/Users/Lex/.pico-sdk/sdk/2.1.0/src/rp2_common/pico_stdio_usb/reset_interface.c.obj
 .text.resetd_control_xfer_cb
                0x10004a38       0x5c CMakeFiles/pio_matrix.dir/C_/Users/Lex/.pico-sdk/sdk/2.1.0/src/rp2_common/pico_stdio_usb/reset_interface.c.obj
 .text.tud_descriptor_bos_cb
                0x10004a94        0x8 CMakeFiles/pio_matrix.dir/C_/Users/Lex/.pico-sdk/sdk/2.1.0/src/rp2_common/pico_stdio_usb/reset_interface.c.obj
                0x10004a94                tud_descriptor_bos_cb
 .text.tud_vendor_control_xfer_cb
                0x10004a9c       0x34 CMakeFiles/pio_matrix.dir/C_/Users/Lex/.pico-sdk/sdk/2.1.0/src/rp2_common/pico_stdio_usb/reset_interface.c.obj
                0x10004a9c                tud_vendor_control_xfer_cb
 .text.usbd_app_driver_get_cb
                0x10004ad0        0xc CMakeFiles/pio_matrix.dir/C_/Users/Lex/.pico-sdk/sdk/2.1.0/src/rp2_common/pico_stdio_usb/reset_interface.c.obj
                0x10004ad0                usbd_app_driver_get_cb
 .text.tud_cdc_line_coding_cb
                0x10004adc       0x2c CMakeFiles/pio_matrix.dir/C_/Users/Lex/.pico-sdk/sdk/2.1.0/src/rp2_common/pico_stdio_usb/reset_interface.c.obj
                0x10004adc                tud_cdc_line_coding_cb
 .text.stdio_usb_set_chars_available_callback
                0x10004b08       0x14 CMakeFiles/pio_matrix.dir/C_/Users/Lex/.pico-sdk/sdk/2.1.0/src/rp2_common/pico_stdio_usb/stdio_usb.c.obj
                0x10004b08                stdio_usb_set_chars_available_callback
 .text.usb_irq  0x10004b1c       0x10 CMakeFiles/pio_matrix.dir/C_/Users/Lex/.pico-sdk/sdk/2.1.0/src/rp2_common/pico_stdio_usb/stdio_usb.c.obj
 .text.timer_task
                0x10004b2c       0x64 CMakeFiles/pio_matrix.dir/C_/Users/Lex/.pico-sdk/sdk/2.1.0/src/rp2_common/pico_stdio_usb/stdio_usb.c.obj
 .text.stdio_usb_in_chars
                0x10004b90       0x90 CMakeFiles/pio_matrix.dir/C_/Users/Lex/.pico-sdk/sdk/2.1.0/src/rp2_common/pico_stdio_usb/stdio_usb.c.obj
                0x10004b90                stdio_usb_in_chars
 .text.stdio_usb_out_flush
                0x10004c20       0x50 CMakeFiles/pio_matrix.dir/C_/Users/Lex/.pico-sdk/sdk/2.1.0/src/rp2_common/pico_stdio_usb/stdio_usb.c.obj
 .text.stdio_usb_out_chars
                0x10004c70      0x104 CMakeFiles/pio_matrix.dir/C_/Users/Lex/.pico-sdk/sdk/2.1.0/src/rp2_common/pico_stdio_usb/stdio_usb.c.obj
 .text.low_priority_worker_irq
                0x10004d74       0xcc CMakeFiles/pio_matrix.dir/C_/Users/Lex/.pico-sdk/sdk/2.1.0/src/rp2_common/pico_stdio_usb/stdio_usb.c.obj
 .text.stdio_usb_init
                0x10004e40       0xe8 CMakeFiles/pio_matrix.dir/C_/Users/Lex/.pico-sdk/sdk/2.1.0/src/rp2_common/pico_stdio_usb/stdio_usb.c.obj
                0x10004e40                stdio_usb_init
 .text.tud_descriptor_device_cb
                0x10004f28        0x8 CMakeFiles/pio_matrix.dir/C_/Users/Lex/.pico-sdk/sdk/2.1.0/src/rp2_common/pico_stdio_usb/stdio_usb_descriptors.c.obj
                0x10004f28                tud_descriptor_device_cb
 .text.tud_descriptor_configuration_cb
                0x10004f30        0x8 CMakeFiles/pio_matrix.dir/C_/Users/Lex/.pico-sdk/sdk/2.1.0/src/rp2_common/pico_stdio_usb/stdio_usb_descriptors.c.obj
                0x10004f30                tud_descriptor_configuration_cb
 .text.tud_descriptor_string_cb
                0x10004f38       0x78 CMakeFiles/pio_matrix.dir/C_/Users/Lex/.pico-sdk/sdk/2.1.0/src/rp2_common/pico_stdio_usb/stdio_usb_descriptors.c.obj
                0x10004f38                tud_descriptor_string_cb
 .text.startup._retrieve_unique_id_on_boot
                0x10004fb0       0x10 CMakeFiles/pio_matrix.dir/C_/Users/Lex/.pico-sdk/sdk/2.1.0/src/rp2_common/pico_unique_id/unique_id.c.obj
 .text.pico_get_unique_board_id_string
                0x10004fc0      0x1a8 CMakeFiles/pio_matrix.dir/C_/Users/Lex/.pico-sdk/sdk/2.1.0/src/rp2_common/pico_unique_id/unique_id.c.obj
                0x10004fc0                pico_get_unique_board_id_string
 .text.flash_get_unique_id
                0x10005168       0x3c CMakeFiles/pio_matrix.dir/C_/Users/Lex/.pico-sdk/sdk/2.1.0/src/rp2_common/hardware_flash/flash.c.obj
                0x10005168                flash_get_unique_id
 .text.dcd_init
                0x100051a4       0x8c CMakeFiles/pio_matrix.dir/C_/Users/Lex/.pico-sdk/sdk/2.1.0/lib/tinyusb/src/portable/raspberrypi/rp2040/dcd_rp2040.c.obj
                0x100051a4                dcd_init
 .text.dcd_int_enable
                0x10005230        0xc CMakeFiles/pio_matrix.dir/C_/Users/Lex/.pico-sdk/sdk/2.1.0/lib/tinyusb/src/portable/raspberrypi/rp2040/dcd_rp2040.c.obj
                0x10005230                dcd_int_enable
 .text.dcd_set_address
                0x1000523c       0x14 CMakeFiles/pio_matrix.dir/C_/Users/Lex/.pico-sdk/sdk/2.1.0/lib/tinyusb/src/portable/raspberrypi/rp2040/dcd_rp2040.c.obj
                0x1000523c                dcd_set_address
 .text.dcd_sof_enable
                0x10005250       0x1c CMakeFiles/pio_matrix.dir/C_/Users/Lex/.pico-sdk/sdk/2.1.0/lib/tinyusb/src/portable/raspberrypi/rp2040/dcd_rp2040.c.obj
                0x10005250                dcd_sof_enable
 .text.dcd_edpt0_status_complete
                0x1000526c       0x1c CMakeFiles/pio_matrix.dir/C_/Users/Lex/.pico-sdk/sdk/2.1.0/lib/tinyusb/src/portable/raspberrypi/rp2040/dcd_rp2040.c.obj
                0x1000526c                dcd_edpt0_status_complete
 .text.dcd_edpt_open
                0x10005288      0x108 CMakeFiles/pio_matrix.dir/C_/Users/Lex/.pico-sdk/sdk/2.1.0/lib/tinyusb/src/portable/raspberrypi/rp2040/dcd_rp2040.c.obj
                0x10005288                dcd_edpt_open
 .text.dcd_edpt_close_all
                0x10005390        0x8 CMakeFiles/pio_matrix.dir/C_/Users/Lex/.pico-sdk/sdk/2.1.0/lib/tinyusb/src/portable/raspberrypi/rp2040/dcd_rp2040.c.obj
                0x10005390                dcd_edpt_close_all
 .text.dcd_edpt_xfer
                0x10005398       0x24 CMakeFiles/pio_matrix.dir/C_/Users/Lex/.pico-sdk/sdk/2.1.0/lib/tinyusb/src/portable/raspberrypi/rp2040/dcd_rp2040.c.obj
                0x10005398                dcd_edpt_xfer
 .text.dcd_edpt_stall
                0x100053bc       0x34 CMakeFiles/pio_matrix.dir/C_/Users/Lex/.pico-sdk/sdk/2.1.0/lib/tinyusb/src/portable/raspberrypi/rp2040/dcd_rp2040.c.obj
                0x100053bc                dcd_edpt_stall
 .text.dcd_edpt_clear_stall
                0x100053f0       0x30 CMakeFiles/pio_matrix.dir/C_/Users/Lex/.pico-sdk/sdk/2.1.0/lib/tinyusb/src/portable/raspberrypi/rp2040/dcd_rp2040.c.obj
                0x100053f0                dcd_edpt_clear_stall
 .text.rp2040_usb_init
                0x10005420       0x40 CMakeFiles/pio_matrix.dir/C_/Users/Lex/.pico-sdk/sdk/2.1.0/lib/tinyusb/src/portable/raspberrypi/rp2040/rp2040_usb.c.obj
                0x10005420                rp2040_usb_init
 .text.hw_endpoint_xfer_start
                0x10005460       0x40 CMakeFiles/pio_matrix.dir/C_/Users/Lex/.pico-sdk/sdk/2.1.0/lib/tinyusb/src/portable/raspberrypi/rp2040/rp2040_usb.c.obj
                0x10005460                hw_endpoint_xfer_start
 .text.tud_event_hook_cb
                0x100054a0        0x4 CMakeFiles/pio_matrix.dir/C_/Users/Lex/.pico-sdk/sdk/2.1.0/lib/tinyusb/src/device/usbd.c.obj
                0x100054a0                tud_event_hook_cb
 .text.tud_sof_cb
                0x100054a4        0x4 CMakeFiles/pio_matrix.dir/C_/Users/Lex/.pico-sdk/sdk/2.1.0/lib/tinyusb/src/device/usbd.c.obj
                0x100054a4                tud_sof_cb
 .text.tud_descriptor_device_qualifier_cb
                0x100054a8        0x4 CMakeFiles/pio_matrix.dir/C_/Users/Lex/.pico-sdk/sdk/2.1.0/lib/tinyusb/src/device/usbd.c.obj
                0x100054a8                tud_descriptor_device_qualifier_cb
 .text.tud_descriptor_other_speed_configuration_cb
                0x100054ac        0x4 CMakeFiles/pio_matrix.dir/C_/Users/Lex/.pico-sdk/sdk/2.1.0/lib/tinyusb/src/device/usbd.c.obj
                0x100054ac                tud_descriptor_other_speed_configuration_cb
 .text.tud_mount_cb
                0x100054b0        0x4 CMakeFiles/pio_matrix.dir/C_/Users/Lex/.pico-sdk/sdk/2.1.0/lib/tinyusb/src/device/usbd.c.obj
                0x100054b0                tud_mount_cb
 .text.tud_umount_cb
                0x100054b4        0x4 CMakeFiles/pio_matrix.dir/C_/Users/Lex/.pico-sdk/sdk/2.1.0/lib/tinyusb/src/device/usbd.c.obj
                0x100054b4                tud_umount_cb
 .text.tud_suspend_cb
                0x100054b8        0x4 CMakeFiles/pio_matrix.dir/C_/Users/Lex/.pico-sdk/sdk/2.1.0/lib/tinyusb/src/device/usbd.c.obj
                0x100054b8                tud_suspend_cb
 .text.tud_resume_cb
                0x100054bc        0x4 CMakeFiles/pio_matrix.dir/C_/Users/Lex/.pico-sdk/sdk/2.1.0/lib/tinyusb/src/device/usbd.c.obj
                0x100054bc                tud_resume_cb
 .text.tud_mounted
                0x100054c0       0x10 CMakeFiles/pio_matrix.dir/C_/Users/Lex/.pico-sdk/sdk/2.1.0/lib/tinyusb/src/device/usbd.c.obj
                0x100054c0                tud_mounted
 .text.tud_suspended
                0x100054d0       0x10 CMakeFiles/pio_matrix.dir/C_/Users/Lex/.pico-sdk/sdk/2.1.0/lib/tinyusb/src/device/usbd.c.obj
                0x100054d0                tud_suspended
 .text.tud_init
                0x100054e0       0xe4 CMakeFiles/pio_matrix.dir/C_/Users/Lex/.pico-sdk/sdk/2.1.0/lib/tinyusb/src/device/usbd.c.obj
                0x100054e0                tud_init
 .text.tud_task_ext
                0x100055c4      0x800 CMakeFiles/pio_matrix.dir/C_/Users/Lex/.pico-sdk/sdk/2.1.0/lib/tinyusb/src/device/usbd.c.obj
                0x100055c4                tud_task_ext
 .text.usbd_open_edpt_pair
                0x10005dc4       0x9c CMakeFiles/pio_matrix.dir/C_/Users/Lex/.pico-sdk/sdk/2.1.0/lib/tinyusb/src/device/usbd.c.obj
                0x10005dc4                usbd_open_edpt_pair
 .text.usbd_edpt_open
                0x10005e60       0x34 CMakeFiles/pio_matrix.dir/C_/Users/Lex/.pico-sdk/sdk/2.1.0/lib/tinyusb/src/device/usbd.c.obj
                0x10005e60                usbd_edpt_open
 .text.usbd_edpt_claim
                0x10005e94       0x28 CMakeFiles/pio_matrix.dir/C_/Users/Lex/.pico-sdk/sdk/2.1.0/lib/tinyusb/src/device/usbd.c.obj
                0x10005e94                usbd_edpt_claim
 .text.usbd_edpt_release
                0x10005ebc       0x28 CMakeFiles/pio_matrix.dir/C_/Users/Lex/.pico-sdk/sdk/2.1.0/lib/tinyusb/src/device/usbd.c.obj
                0x10005ebc                usbd_edpt_release
 .text.usbd_edpt_xfer
                0x10005ee4       0x4c CMakeFiles/pio_matrix.dir/C_/Users/Lex/.pico-sdk/sdk/2.1.0/lib/tinyusb/src/device/usbd.c.obj
                0x10005ee4                usbd_edpt_xfer
 .text.tud_control_status
                0x10005f30       0x2c CMakeFiles/pio_matrix.dir/C_/Users/Lex/.pico-sdk/sdk/2.1.0/lib/tinyusb/src/device/usbd_control.c.obj
                0x10005f30                tud_control_status
 .text.tud_control_xfer
                0x10005f5c       0xac CMakeFiles/pio_matrix.dir/C_/Users/Lex/.pico-sdk/sdk/2.1.0/lib/tinyusb/src/device/usbd_control.c.obj
                0x10005f5c                tud_control_xfer
 .text.usbd_control_reset
                0x10006008       0x14 CMakeFiles/pio_matrix.dir/C_/Users/Lex/.pico-sdk/sdk/2.1.0/lib/tinyusb/src/device/usbd_control.c.obj
                0x10006008                usbd_control_reset
 .text.usbd_control_set_complete_callback
                0x1000601c        0xc CMakeFiles/pio_matrix.dir/C_/Users/Lex/.pico-sdk/sdk/2.1.0/lib/tinyusb/src/device/usbd_control.c.obj
                0x1000601c                usbd_control_set_complete_callback
 .text.usbd_control_set_request
                0x10006028       0x1c CMakeFiles/pio_matrix.dir/C_/Users/Lex/.pico-sdk/sdk/2.1.0/lib/tinyusb/src/device/usbd_control.c.obj
                0x10006028                usbd_control_set_request
 .text.usbd_control_xfer_cb
                0x10006044       0xec CMakeFiles/pio_matrix.dir/C_/Users/Lex/.pico-sdk/sdk/2.1.0/lib/tinyusb/src/device/usbd_control.c.obj
                0x10006044                usbd_control_xfer_cb
 .text._prep_out_transaction.isra.0
                0x10006130       0x5c CMakeFiles/pio_matrix.dir/C_/Users/Lex/.pico-sdk/sdk/2.1.0/lib/tinyusb/src/class/cdc/cdc_device.c.obj
 .text.tud_cdc_n_connected
                0x1000618c       0x30 CMakeFiles/pio_matrix.dir/C_/Users/Lex/.pico-sdk/sdk/2.1.0/lib/tinyusb/src/class/cdc/cdc_device.c.obj
                0x1000618c                tud_cdc_n_connected
 .text.tud_cdc_n_available
                0x100061bc       0x18 CMakeFiles/pio_matrix.dir/C_/Users/Lex/.pico-sdk/sdk/2.1.0/lib/tinyusb/src/class/cdc/cdc_device.c.obj
                0x100061bc                tud_cdc_n_available
 .text.tud_cdc_n_read
                0x100061d4       0x98 CMakeFiles/pio_matrix.dir/C_/Users/Lex/.pico-sdk/sdk/2.1.0/lib/tinyusb/src/class/cdc/cdc_device.c.obj
                0x100061d4                tud_cdc_n_read
 .text.tud_cdc_n_write_flush
                0x1000626c       0x78 CMakeFiles/pio_matrix.dir/C_/Users/Lex/.pico-sdk/sdk/2.1.0/lib/tinyusb/src/class/cdc/cdc_device.c.obj
                0x1000626c                tud_cdc_n_write_flush
 .text.tud_cdc_n_write
                0x100062e4       0x40 CMakeFiles/pio_matrix.dir/C_/Users/Lex/.pico-sdk/sdk/2.1.0/lib/tinyusb/src/class/cdc/cdc_device.c.obj
                0x100062e4                tud_cdc_n_write
 .text.tud_cdc_n_write_available
                0x10006324       0x18 CMakeFiles/pio_matrix.dir/C_/Users/Lex/.pico-sdk/sdk/2.1.0/lib/tinyusb/src/class/cdc/cdc_device.c.obj
                0x10006324                tud_cdc_n_write_available
 .text.cdcd_init
                0x1000633c       0x7c CMakeFiles/pio_matrix.dir/C_/Users/Lex/.pico-sdk/sdk/2.1.0/lib/tinyusb/src/class/cdc/cdc_device.c.obj
                0x1000633c                cdcd_init
 .text.cdcd_deinit
                0x100063b8       0x34 CMakeFiles/pio_matrix.dir/C_/Users/Lex/.pico-sdk/sdk/2.1.0/lib/tinyusb/src/class/cdc/cdc_device.c.obj
                0x100063b8                cdcd_deinit
 .text.cdcd_reset
                0x100063ec       0x4c CMakeFiles/pio_matrix.dir/C_/Users/Lex/.pico-sdk/sdk/2.1.0/lib/tinyusb/src/class/cdc/cdc_device.c.obj
                0x100063ec                cdcd_reset
 .text.cdcd_open
                0x10006438       0xb0 CMakeFiles/pio_matrix.dir/C_/Users/Lex/.pico-sdk/sdk/2.1.0/lib/tinyusb/src/class/cdc/cdc_device.c.obj
                0x10006438                cdcd_open
 .text.cdcd_control_xfer_cb
                0x100064e8       0xe4 CMakeFiles/pio_matrix.dir/C_/Users/Lex/.pico-sdk/sdk/2.1.0/lib/tinyusb/src/class/cdc/cdc_device.c.obj
                0x100064e8                cdcd_control_xfer_cb
 .text.cdcd_xfer_cb
                0x100065cc      0x100 CMakeFiles/pio_matrix.dir/C_/Users/Lex/.pico-sdk/sdk/2.1.0/lib/tinyusb/src/class/cdc/cdc_device.c.obj
                0x100065cc                cdcd_xfer_cb
 .text.vendord_init
                0x100066cc       0x5c CMakeFiles/pio_matrix.dir/C_/Users/Lex/.pico-sdk/sdk/2.1.0/lib/tinyusb/src/class/vendor/vendor_device.c.obj
                0x100066cc                vendord_init
 .text.vendord_deinit
                0x10006728       0x1c CMakeFiles/pio_matrix.dir/C_/Users/Lex/.pico-sdk/sdk/2.1.0/lib/tinyusb/src/class/vendor/vendor_device.c.obj
                0x10006728                vendord_deinit
 .text.vendord_reset
                0x10006744       0x20 CMakeFiles/pio_matrix.dir/C_/Users/Lex/.pico-sdk/sdk/2.1.0/lib/tinyusb/src/class/vendor/vendor_device.c.obj
                0x10006744                vendord_reset
 .text.vendord_open
                0x10006764      0x138 CMakeFiles/pio_matrix.dir/C_/Users/Lex/.pico-sdk/sdk/2.1.0/lib/tinyusb/src/class/vendor/vendor_device.c.obj
                0x10006764                vendord_open
 .text.vendord_xfer_cb
                0x1000689c       0x9c CMakeFiles/pio_matrix.dir/C_/Users/Lex/.pico-sdk/sdk/2.1.0/lib/tinyusb/src/class/vendor/vendor_device.c.obj
                0x1000689c                vendord_xfer_cb
 .text.tusb_init
                0x10006938        0xc CMakeFiles/pio_matrix.dir/C_/Users/Lex/.pico-sdk/sdk/2.1.0/lib/tinyusb/src/tusb.c.obj
                0x10006938                tusb_init
 .text.tu_edpt_claim
                0x10006944       0x50 CMakeFiles/pio_matrix.dir/C_/Users/Lex/.pico-sdk/sdk/2.1.0/lib/tinyusb/src/tusb.c.obj
                0x10006944                tu_edpt_claim
 .text.tu_edpt_release
                0x10006994       0x38 CMakeFiles/pio_matrix.dir/C_/Users/Lex/.pico-sdk/sdk/2.1.0/lib/tinyusb/src/tusb.c.obj
                0x10006994                tu_edpt_release
 .text.tu_edpt_validate
                0x100069cc       0x7c CMakeFiles/pio_matrix.dir/C_/Users/Lex/.pico-sdk/sdk/2.1.0/lib/tinyusb/src/tusb.c.obj
                0x100069cc                tu_edpt_validate
 .text.tu_edpt_bind_driver
                0x10006a48       0x34 CMakeFiles/pio_matrix.dir/C_/Users/Lex/.pico-sdk/sdk/2.1.0/lib/tinyusb/src/tusb.c.obj
                0x10006a48                tu_edpt_bind_driver
 .text.tu_edpt_stream_init
                0x10006a7c       0x6c CMakeFiles/pio_matrix.dir/C_/Users/Lex/.pico-sdk/sdk/2.1.0/lib/tinyusb/src/tusb.c.obj
                0x10006a7c                tu_edpt_stream_init
 .text.tu_edpt_stream_deinit
                0x10006ae8        0x4 CMakeFiles/pio_matrix.dir/C_/Users/Lex/.pico-sdk/sdk/2.1.0/lib/tinyusb/src/tusb.c.obj
                0x10006ae8                tu_edpt_stream_deinit
 .text.tu_edpt_stream_write_zlp_if_needed
                0x10006aec       0x68 CMakeFiles/pio_matrix.dir/C_/Users/Lex/.pico-sdk/sdk/2.1.0/lib/tinyusb/src/tusb.c.obj
                0x10006aec                tu_edpt_stream_write_zlp_if_needed
 .text.tu_edpt_stream_write_xfer
                0x10006b54       0x64 CMakeFiles/pio_matrix.dir/C_/Users/Lex/.pico-sdk/sdk/2.1.0/lib/tinyusb/src/tusb.c.obj
                0x10006b54                tu_edpt_stream_write_xfer
 .text.tu_edpt_stream_read_xfer
                0x10006bb8       0xdc CMakeFiles/pio_matrix.dir/C_/Users/Lex/.pico-sdk/sdk/2.1.0/lib/tinyusb/src/tusb.c.obj
                0x10006bb8                tu_edpt_stream_read_xfer
 .text.tu_fifo_config
                0x10006c94       0x6c CMakeFiles/pio_matrix.dir/C_/Users/Lex/.pico-sdk/sdk/2.1.0/lib/tinyusb/src/common/tusb_fifo.c.obj
                0x10006c94                tu_fifo_config
 .text.tu_fifo_count
                0x10006d00       0x2c CMakeFiles/pio_matrix.dir/C_/Users/Lex/.pico-sdk/sdk/2.1.0/lib/tinyusb/src/common/tusb_fifo.c.obj
                0x10006d00                tu_fifo_count
 .text.tu_fifo_empty
                0x10006d2c       0x10 CMakeFiles/pio_matrix.dir/C_/Users/Lex/.pico-sdk/sdk/2.1.0/lib/tinyusb/src/common/tusb_fifo.c.obj
                0x10006d2c                tu_fifo_empty
 .text.tu_fifo_remaining
                0x10006d3c       0x2c CMakeFiles/pio_matrix.dir/C_/Users/Lex/.pico-sdk/sdk/2.1.0/lib/tinyusb/src/common/tusb_fifo.c.obj
                0x10006d3c                tu_fifo_remaining
 .text.tu_fifo_read
                0x10006d68       0x9c CMakeFiles/pio_matrix.dir/C_/Users/Lex/.pico-sdk/sdk/2.1.0/lib/tinyusb/src/common/tusb_fifo.c.obj
                0x10006d68                tu_fifo_read
 .text.tu_fifo_read_n
                0x10006e04       0xe8 CMakeFiles/pio_matrix.dir/C_/Users/Lex/.pico-sdk/sdk/2.1.0/lib/tinyusb/src/common/tusb_fifo.c.obj
                0x10006e04                tu_fifo_read_n
 .text.tu_fifo_write
                0x10006eec       0xa8 CMakeFiles/pio_matrix.dir/C_/Users/Lex/.pico-sdk/sdk/2.1.0/lib/tinyusb/src/common/tusb_fifo.c.obj
                0x10006eec                tu_fifo_write
 .text.tu_fifo_write_n
                0x10006f94      0x178 CMakeFiles/pio_matrix.dir/C_/Users/Lex/.pico-sdk/sdk/2.1.0/lib/tinyusb/src/common/tusb_fifo.c.obj
                0x10006f94                tu_fifo_write_n
 .text.tu_fifo_clear
                0x1000710c       0x40 CMakeFiles/pio_matrix.dir/C_/Users/Lex/.pico-sdk/sdk/2.1.0/lib/tinyusb/src/common/tusb_fifo.c.obj
                0x1000710c                tu_fifo_clear
 .text.tu_fifo_set_overwritable
                0x1000714c       0x48 CMakeFiles/pio_matrix.dir/C_/Users/Lex/.pico-sdk/sdk/2.1.0/lib/tinyusb/src/common/tusb_fifo.c.obj
                0x1000714c                tu_fifo_set_overwritable
 .text.pio_claim_unused_sm
                0x10007194       0x38 CMakeFiles/pio_matrix.dir/C_/Users/Lex/.pico-sdk/sdk/2.1.0/src/rp2_common/hardware_pio/pio.c.obj
                0x10007194                pio_claim_unused_sm
 .text.pio_add_program
                0x100071cc      0x104 CMakeFiles/pio_matrix.dir/C_/Users/Lex/.pico-sdk/sdk/2.1.0/src/rp2_common/hardware_pio/pio.c.obj
                0x100071cc                pio_add_program
 .text.pio_sm_set_consecutive_pindirs
                0x100072d0       0xb4 CMakeFiles/pio_matrix.dir/C_/Users/Lex/.pico-sdk/sdk/2.1.0/src/rp2_common/hardware_pio/pio.c.obj
                0x100072d0                pio_sm_set_consecutive_pindirs
 .text.pio_sm_init
                0x10007384       0x9c CMakeFiles/pio_matrix.dir/C_/Users/Lex/.pico-sdk/sdk/2.1.0/src/rp2_common/hardware_pio/pio.c.obj
                0x10007384                pio_sm_init
 .text.strlen   0x10007420       0x5c C:/Users/Lex/.pico-sdk/toolchain/13_3_Rel1/bin/../lib/gcc/arm-none-eabi/13.3.1/thumb/v6-m/nofp\libg.a(libc_a-strlen-stub.o)
                0x10007420                strlen
 *(.fini)
 .fini          0x1000747c        0x4 C:/Users/Lex/.pico-sdk/toolchain/13_3_Rel1/bin/../lib/gcc/arm-none-eabi/13.3.1/thumb/v6-m/nofp/crti.o
                0x1000747c                _fini
 .fini.__stub   0x10007480       0xc0 linker stubs
 *crtbegin.o(.ctors)
 *crtbegin?.o(.ctors)
 *(EXCLUDE_FILE(*crtend.o *crtend?.o) .ctors)
 *(SORT_BY_NAME(.ctors.*))
 *(.ctors)
 *crtbegin.o(.dtors)
 *crtbegin?.o(.dtors)
 *(EXCLUDE_FILE(*crtend.o *crtend?.o) .dtors)
 *(SORT_BY_NAME(.dtors.*))
 *(.dtors)
                0x10007540                        . = ALIGN (0x4)
                0x10007540                        PROVIDE (__preinit_array_start = .)
 *(SORT_BY_NAME(.preinit_array.*))
 .preinit_array.00100
                0x10007540        0x4 CMakeFiles/pio_matrix.dir/C_/Users/Lex/.pico-sdk/sdk/2.1.0/src/rp2_common/pico_runtime_init/runtime_init.c.obj
                0x10007540                __pre_init_runtime_init_early_resets
 .preinit_array.00101
                0x10007544        0x4 CMakeFiles/pio_matrix.dir/C_/Users/Lex/.pico-sdk/sdk/2.1.0/src/rp2_common/pico_runtime_init/runtime_init.c.obj
                0x10007544                __pre_init_runtime_init_usb_power_down
 .preinit_array.00275
                0x10007548        0x4 CMakeFiles/pio_matrix.dir/C_/Users/Lex/.pico-sdk/sdk/2.1.0/src/rp2_common/pico_bit_ops/bit_ops_aeabi.S.obj
 .preinit_array.00300
                0x1000754c        0x4 CMakeFiles/pio_matrix.dir/C_/Users/Lex/.pico-sdk/sdk/2.1.0/src/rp2_common/pico_mem_ops/mem_ops_aeabi.S.obj
 .preinit_array.00350
                0x10007550        0x4 CMakeFiles/pio_matrix.dir/C_/Users/Lex/.pico-sdk/sdk/2.1.0/src/rp2_common/pico_double/double_aeabi_rp2040.S.obj
 .preinit_array.00350
                0x10007554        0x4 CMakeFiles/pio_matrix.dir/C_/Users/Lex/.pico-sdk/sdk/2.1.0/src/rp2_common/pico_float/float_aeabi_rp2040.S.obj
 .preinit_array.00500
                0x10007558        0x4 CMakeFiles/pio_matrix.dir/C_/Users/Lex/.pico-sdk/sdk/2.1.0/src/rp2_common/pico_runtime_init/runtime_init.c.obj
                0x10007558                __pre_init_runtime_init_clocks
 .preinit_array.00600
                0x1000755c        0x4 CMakeFiles/pio_matrix.dir/C_/Users/Lex/.pico-sdk/sdk/2.1.0/src/rp2_common/pico_runtime_init/runtime_init.c.obj
                0x1000755c                __pre_init_runtime_init_post_clock_resets
 .preinit_array.00700
                0x10007560        0x4 CMakeFiles/pio_matrix.dir/C_/Users/Lex/.pico-sdk/sdk/2.1.0/src/rp2_common/pico_runtime_init/runtime_init.c.obj
                0x10007560                __pre_init_runtime_init_rp2040_gpio_ie_disable
 .preinit_array.01000
                0x10007564        0x4 CMakeFiles/pio_matrix.dir/C_/Users/Lex/.pico-sdk/sdk/2.1.0/src/rp2_common/pico_runtime_init/runtime_init.c.obj
                0x10007564                __pre_init_runtime_init_spin_locks_reset
 .preinit_array.01100
                0x10007568        0x4 CMakeFiles/pio_matrix.dir/C_/Users/Lex/.pico-sdk/sdk/2.1.0/src/common/pico_sync/mutex.c.obj
                0x10007568                __pre_init_runtime_init_mutex
 .preinit_array.10080
                0x1000756c        0x4 CMakeFiles/pio_matrix.dir/C_/Users/Lex/.pico-sdk/sdk/2.1.0/src/rp2_common/pico_runtime_init/runtime_init.c.obj
                0x1000756c                __pre_init_runtime_init_install_ram_vector_table
 .preinit_array.11000
                0x10007570        0x4 CMakeFiles/pio_matrix.dir/C_/Users/Lex/.pico-sdk/sdk/2.1.0/src/common/pico_time/time.c.obj
                0x10007570                __pre_init_runtime_init_default_alarm_pool
 .preinit_array.YYYYY
                0x10007574        0x4 CMakeFiles/pio_matrix.dir/C_/Users/Lex/.pico-sdk/sdk/2.1.0/src/rp2_common/pico_runtime/runtime.c.obj
                0x10007574                __pre_init_first_per_core_initializer
 .preinit_array.ZZZZZ.01200
                0x10007578        0x4 CMakeFiles/pio_matrix.dir/C_/Users/Lex/.pico-sdk/sdk/2.1.0/src/rp2_common/hardware_irq/irq.c.obj
                0x10007578                __pre_init_runtime_init_per_core_irq_priorities
 *(.preinit_array)
                0x1000757c                        PROVIDE (__preinit_array_end = .)
                0x1000757c                        . = ALIGN (0x4)
                0x1000757c                        PROVIDE (__init_array_start = .)
 *(SORT_BY_NAME(.init_array.*))
 *(.init_array)
 .init_array    0x1000757c        0x4 C:/Users/Lex/.pico-sdk/toolchain/13_3_Rel1/bin/../lib/gcc/arm-none-eabi/13.3.1/thumb/v6-m/nofp/crtbegin.o
 .init_array    0x10007580        0x4 CMakeFiles/pio_matrix.dir/C_/Users/Lex/.pico-sdk/sdk/2.1.0/src/rp2_common/pico_unique_id/unique_id.c.obj
                0x10007584                        PROVIDE (__init_array_end = .)
                0x10007584                        . = ALIGN (0x4)
                [!provide]                        PROVIDE (__fini_array_start = .)
 *(SORT_BY_NAME(.fini_array.*))
 *(.fini_array)
                [!provide]                        PROVIDE (__fini_array_end = .)
 *(.eh_frame*)
 .eh_frame      0x10007584        0x0 C:/Users/Lex/.pico-sdk/toolchain/13_3_Rel1/bin/../lib/gcc/arm-none-eabi/13.3.1/thumb/v6-m/nofp/crtbegin.o
                0x10007584                        . = ALIGN (0x4)

.glue_7         0x10007584        0x0
 .glue_7        0x10007584        0x0 linker stubs

.glue_7t        0x10007584        0x0
 .glue_7t       0x10007584        0x0 linker stubs

.vfp11_veneer   0x10007584        0x0
 .vfp11_veneer  0x10007584        0x0 linker stubs

.v4_bx          0x10007584        0x0
 .v4_bx         0x10007584        0x0 linker stubs

.iplt           0x10007584        0x0
 .iplt          0x10007584        0x0 C:/Users/Lex/.pico-sdk/toolchain/13_3_Rel1/bin/../lib/gcc/arm-none-eabi/13.3.1/thumb/v6-m/nofp/crtbegin.o

.rodata         0x10007588      0x7ac
 *(EXCLUDE_FILE(*libm.a: *libc.a:*lib_a-mem*.o *libgcc.a:) .rodata*)
 .rodata.gpio_irq_handler.str1.4
                0x10007588      0x248 CMakeFiles/pio_matrix.dir/pio_matrix.c.obj
                                 0x4e (size before relaxing)
 .rodata.main.str1.4
                0x100077d0       0x4b CMakeFiles/pio_matrix.dir/pio_matrix.c.obj
 .rodata.main   0x100077d0       0x80 CMakeFiles/pio_matrix.dir/pio_matrix.c.obj
 .rodata.teclado
                0x10007850       0x10 CMakeFiles/pio_matrix.dir/pio_matrix.c.obj
                0x10007850                teclado
 .rodata.linhas
                0x10007860        0x4 CMakeFiles/pio_matrix.dir/pio_matrix.c.obj
                0x10007860                linhas
 .rodata.colunas
                0x10007864        0x4 CMakeFiles/pio_matrix.dir/pio_matrix.c.obj
                0x10007864                colunas
 .rodata.pio_matrix_program
                0x10007868        0x8 CMakeFiles/pio_matrix.dir/pio_matrix.c.obj
 .rodata.pio_matrix_program_instructions
                0x10007870        0xe CMakeFiles/pio_matrix.dir/pio_matrix.c.obj
 .rodata.panic.str1.4
                0x1000787e       0x12 CMakeFiles/pio_matrix.dir/C_/Users/Lex/.pico-sdk/sdk/2.1.0/src/rp2_common/pico_platform_panic/panic.c.obj
 .rodata.spin_lock_claim_unused.str1.4
                0x1000787e       0x1b CMakeFiles/pio_matrix.dir/C_/Users/Lex/.pico-sdk/sdk/2.1.0/src/rp2_common/hardware_sync/sync.c.obj
 .rodata.user_irq_claim_unused.str1.4
                0x1000787e       0x1b CMakeFiles/pio_matrix.dir/C_/Users/Lex/.pico-sdk/sdk/2.1.0/src/rp2_common/hardware_irq/irq.c.obj
 .rodata.timer_hardware_alarm_claim.str1.4
                0x1000787e       0x22 CMakeFiles/pio_matrix.dir/C_/Users/Lex/.pico-sdk/sdk/2.1.0/src/rp2_common/hardware_timer/timer.c.obj
 .rodata.hard_assertion_failure.str1.4
                0x1000787e        0xc CMakeFiles/pio_matrix.dir/C_/Users/Lex/.pico-sdk/sdk/2.1.0/src/rp2_common/pico_runtime/runtime.c.obj
 .rodata.missing_double_func_shim.str1.4
                0x1000787e       0x18 CMakeFiles/pio_matrix.dir/C_/Users/Lex/.pico-sdk/sdk/2.1.0/src/rp2_common/pico_double/double_init_rom_rp2040.c.obj
 .rodata.missing_float_func_shim.str1.4
                0x1000787e        0x1 CMakeFiles/pio_matrix.dir/C_/Users/Lex/.pico-sdk/sdk/2.1.0/src/rp2_common/pico_float/float_init_rom_rp2040.c.obj
 .rodata.str1.4
                0x1000787e       0x44 CMakeFiles/pio_matrix.dir/C_/Users/Lex/.pico-sdk/sdk/2.1.0/src/rp2_common/pico_standard_binary_info/standard_binary_info.c.obj
 *fill*         0x1000787e        0x2 
 .rodata.__bi_84
                0x10007880        0xc CMakeFiles/pio_matrix.dir/C_/Users/Lex/.pico-sdk/sdk/2.1.0/src/rp2_common/pico_standard_binary_info/standard_binary_info.c.obj
 .rodata.__bi_78
                0x1000788c        0xc CMakeFiles/pio_matrix.dir/C_/Users/Lex/.pico-sdk/sdk/2.1.0/src/rp2_common/pico_standard_binary_info/standard_binary_info.c.obj
 .rodata.__bi_60
                0x10007898        0xc CMakeFiles/pio_matrix.dir/C_/Users/Lex/.pico-sdk/sdk/2.1.0/src/rp2_common/pico_standard_binary_info/standard_binary_info.c.obj
 .rodata.__bi_54
                0x100078a4        0xc CMakeFiles/pio_matrix.dir/C_/Users/Lex/.pico-sdk/sdk/2.1.0/src/rp2_common/pico_standard_binary_info/standard_binary_info.c.obj
 .rodata.__bi_48
                0x100078b0        0xc CMakeFiles/pio_matrix.dir/C_/Users/Lex/.pico-sdk/sdk/2.1.0/src/rp2_common/pico_standard_binary_info/standard_binary_info.c.obj
 .rodata.__bi_42
                0x100078bc        0xc CMakeFiles/pio_matrix.dir/C_/Users/Lex/.pico-sdk/sdk/2.1.0/src/rp2_common/pico_standard_binary_info/standard_binary_info.c.obj
 .rodata.__bi_34
                0x100078c8        0xc CMakeFiles/pio_matrix.dir/C_/Users/Lex/.pico-sdk/sdk/2.1.0/src/rp2_common/pico_standard_binary_info/standard_binary_info.c.obj
 .rodata.__bi_26
                0x100078d4        0xc CMakeFiles/pio_matrix.dir/C_/Users/Lex/.pico-sdk/sdk/2.1.0/src/rp2_common/pico_standard_binary_info/standard_binary_info.c.obj
 .rodata._ftoa.str1.4
                0x100078e0       0x15 CMakeFiles/pio_matrix.dir/C_/Users/Lex/.pico-sdk/sdk/2.1.0/src/rp2_common/pico_printf/printf.c.obj
 .rodata._vsnprintf
                0x100078e0      0x19c CMakeFiles/pio_matrix.dir/C_/Users/Lex/.pico-sdk/sdk/2.1.0/src/rp2_common/pico_printf/printf.c.obj
 *fill*         0x10007a7c        0x4 
 .rodata.pow10.0
                0x10007a80       0x50 CMakeFiles/pio_matrix.dir/C_/Users/Lex/.pico-sdk/sdk/2.1.0/src/rp2_common/pico_printf/printf.c.obj
 .rodata.crlf_str.0
                0x10007ad0        0x2 CMakeFiles/pio_matrix.dir/C_/Users/Lex/.pico-sdk/sdk/2.1.0/src/rp2_common/pico_stdio/stdio.c.obj
 *fill*         0x10007ad2        0x2 
 .rodata._resetd_driver
                0x10007ad4       0x20 CMakeFiles/pio_matrix.dir/C_/Users/Lex/.pico-sdk/sdk/2.1.0/src/rp2_common/pico_stdio_usb/reset_interface.c.obj
 .rodata.desc_ms_os_20
                0x10007af4       0xa6 CMakeFiles/pio_matrix.dir/C_/Users/Lex/.pico-sdk/sdk/2.1.0/src/rp2_common/pico_stdio_usb/reset_interface.c.obj
 *fill*         0x10007b9a        0x2 
 .rodata.desc_bos
                0x10007b9c       0x21 CMakeFiles/pio_matrix.dir/C_/Users/Lex/.pico-sdk/sdk/2.1.0/src/rp2_common/pico_stdio_usb/reset_interface.c.obj
                0x10007b9c                desc_bos
 .rodata.str1.4
                0x10007bbd       0x13 CMakeFiles/pio_matrix.dir/C_/Users/Lex/.pico-sdk/sdk/2.1.0/src/rp2_common/pico_stdio_usb/stdio_usb.c.obj
 *fill*         0x10007bbd        0x3 
 .rodata.__bi_197.0
                0x10007bc0        0xc CMakeFiles/pio_matrix.dir/C_/Users/Lex/.pico-sdk/sdk/2.1.0/src/rp2_common/pico_stdio_usb/stdio_usb.c.obj
 .rodata.str1.4
                0x10007bcc       0x2a CMakeFiles/pio_matrix.dir/C_/Users/Lex/.pico-sdk/sdk/2.1.0/src/rp2_common/pico_stdio_usb/stdio_usb_descriptors.c.obj
 .rodata.usbd_desc_str
                0x10007bcc       0x18 CMakeFiles/pio_matrix.dir/C_/Users/Lex/.pico-sdk/sdk/2.1.0/src/rp2_common/pico_stdio_usb/stdio_usb_descriptors.c.obj
 .rodata.usbd_desc_cfg
                0x10007be4       0x54 CMakeFiles/pio_matrix.dir/C_/Users/Lex/.pico-sdk/sdk/2.1.0/src/rp2_common/pico_stdio_usb/stdio_usb_descriptors.c.obj
 .rodata.usbd_desc_device
                0x10007c38       0x12 CMakeFiles/pio_matrix.dir/C_/Users/Lex/.pico-sdk/sdk/2.1.0/src/rp2_common/pico_stdio_usb/stdio_usb_descriptors.c.obj
 .rodata.str1.4
                0x10007c4a       0x14 CMakeFiles/pio_matrix.dir/C_/Users/Lex/.pico-sdk/sdk/2.1.0/lib/tinyusb/src/portable/raspberrypi/rp2040/dcd_rp2040.c.obj
 .rodata.str1.4
                0x10007c4a       0x48 CMakeFiles/pio_matrix.dir/C_/Users/Lex/.pico-sdk/sdk/2.1.0/lib/tinyusb/src/portable/raspberrypi/rp2040/rp2040_usb.c.obj
 *fill*         0x10007c4a        0x2 
 .rodata.tud_task_ext
                0x10007c4c       0x8c CMakeFiles/pio_matrix.dir/C_/Users/Lex/.pico-sdk/sdk/2.1.0/lib/tinyusb/src/device/usbd.c.obj
 .rodata        0x10007cd8       0x1c CMakeFiles/pio_matrix.dir/C_/Users/Lex/.pico-sdk/sdk/2.1.0/lib/tinyusb/src/device/usbd.c.obj
 .rodata._usbd_driver
                0x10007cf4       0x40 CMakeFiles/pio_matrix.dir/C_/Users/Lex/.pico-sdk/sdk/2.1.0/lib/tinyusb/src/device/usbd.c.obj
 .rodata.pio_claim_unused_sm.str1.4
                0x10007d34       0x24 CMakeFiles/pio_matrix.dir/C_/Users/Lex/.pico-sdk/sdk/2.1.0/src/rp2_common/hardware_pio/pio.c.obj
                0x10007d58                        . = ALIGN (0x4)
 *(SORT_BY_ALIGNMENT(SORT_BY_NAME(.flashdata*)))
                0x10007d58                        . = ALIGN (0x4)

.ARM.extab
 *(.ARM.extab* .gnu.linkonce.armextab.*)
                0x10007d34                        __exidx_start = .

.ARM.exidx
 *(.ARM.exidx* .gnu.linkonce.armexidx.*)
                0x10007d34                        __exidx_end = .
                0x10007d58                        . = ALIGN (0x4)
                0x10007d34                        __binary_info_start = .

.binary_info    0x10007d34       0x24
 *(.binary_info.keep.*)
 .binary_info.keep.__bi_ptr84
                0x10007d34        0x4 CMakeFiles/pio_matrix.dir/C_/Users/Lex/.pico-sdk/sdk/2.1.0/src/rp2_common/pico_standard_binary_info/standard_binary_info.c.obj
 .binary_info.keep.__bi_ptr78
                0x10007d38        0x4 CMakeFiles/pio_matrix.dir/C_/Users/Lex/.pico-sdk/sdk/2.1.0/src/rp2_common/pico_standard_binary_info/standard_binary_info.c.obj
 .binary_info.keep.__bi_ptr60
                0x10007d3c        0x4 CMakeFiles/pio_matrix.dir/C_/Users/Lex/.pico-sdk/sdk/2.1.0/src/rp2_common/pico_standard_binary_info/standard_binary_info.c.obj
 .binary_info.keep.__bi_ptr54
                0x10007d40        0x4 CMakeFiles/pio_matrix.dir/C_/Users/Lex/.pico-sdk/sdk/2.1.0/src/rp2_common/pico_standard_binary_info/standard_binary_info.c.obj
 .binary_info.keep.__bi_ptr48
                0x10007d44        0x4 CMakeFiles/pio_matrix.dir/C_/Users/Lex/.pico-sdk/sdk/2.1.0/src/rp2_common/pico_standard_binary_info/standard_binary_info.c.obj
 .binary_info.keep.__bi_ptr42
                0x10007d48        0x4 CMakeFiles/pio_matrix.dir/C_/Users/Lex/.pico-sdk/sdk/2.1.0/src/rp2_common/pico_standard_binary_info/standard_binary_info.c.obj
 .binary_info.keep.__bi_ptr34
                0x10007d4c        0x4 CMakeFiles/pio_matrix.dir/C_/Users/Lex/.pico-sdk/sdk/2.1.0/src/rp2_common/pico_standard_binary_info/standard_binary_info.c.obj
 .binary_info.keep.__bi_ptr26
                0x10007d50        0x4 CMakeFiles/pio_matrix.dir/C_/Users/Lex/.pico-sdk/sdk/2.1.0/src/rp2_common/pico_standard_binary_info/standard_binary_info.c.obj
 *(.binary_info.*)
 .binary_info.__bi_ptr197
                0x10007d54        0x4 CMakeFiles/pio_matrix.dir/C_/Users/Lex/.pico-sdk/sdk/2.1.0/src/rp2_common/pico_stdio_usb/stdio_usb.c.obj
                0x10007d58                        __binary_info_end = .

.rel.dyn        0x10007d58        0x0
 .rel.iplt      0x10007d58        0x0 C:/Users/Lex/.pico-sdk/toolchain/13_3_Rel1/bin/../lib/gcc/arm-none-eabi/13.3.1/thumb/v6-m/nofp/crtbegin.o
                0x10007d58                        . = ALIGN (0x4)

.ram_vector_table
                0x20000000       0xc0
 *(.ram_vector_table)
 .ram_vector_table
                0x20000000       0xc0 CMakeFiles/pio_matrix.dir/C_/Users/Lex/.pico-sdk/sdk/2.1.0/src/rp2_common/pico_runtime_init/runtime_init.c.obj
                0x20000000                ram_vector_table

.uninitialized_data
                0x200000c0        0x0
                0x200000c0                        . = ALIGN (0x4)
 *(.uninitialized_data*)

.data           0x200000c0     0x3520 load address 0x10007d58
                0x200000c0                        __data_start__ = .
 *(vtable)
 *(.time_critical*)
 .time_critical.mutex_try_enter
                0x200000c0       0x40 CMakeFiles/pio_matrix.dir/C_/Users/Lex/.pico-sdk/sdk/2.1.0/src/common/pico_sync/mutex.c.obj
                0x200000c0                mutex_try_enter
 .time_critical.mutex_try_enter_block_until
                0x20000100       0x9c CMakeFiles/pio_matrix.dir/C_/Users/Lex/.pico-sdk/sdk/2.1.0/src/common/pico_sync/mutex.c.obj
                0x20000100                mutex_try_enter_block_until
 .time_critical.mutex_enter_timeout_ms
                0x2000019c       0x90 CMakeFiles/pio_matrix.dir/C_/Users/Lex/.pico-sdk/sdk/2.1.0/src/common/pico_sync/mutex.c.obj
                0x2000019c                mutex_enter_timeout_ms
 .time_critical.mutex_exit
                0x2000022c       0x28 CMakeFiles/pio_matrix.dir/C_/Users/Lex/.pico-sdk/sdk/2.1.0/src/common/pico_sync/mutex.c.obj
                0x2000022c                mutex_exit
 .time_critical.flash_init_boot2_copyout
                0x20000254       0x30 CMakeFiles/pio_matrix.dir/C_/Users/Lex/.pico-sdk/sdk/2.1.0/src/rp2_common/hardware_flash/flash.c.obj
 .time_critical.flash_enable_xip_via_boot2
                0x20000284        0xc CMakeFiles/pio_matrix.dir/C_/Users/Lex/.pico-sdk/sdk/2.1.0/src/rp2_common/hardware_flash/flash.c.obj
 .time_critical.flash_cs_force
                0x20000290       0x38 CMakeFiles/pio_matrix.dir/C_/Users/Lex/.pico-sdk/sdk/2.1.0/src/rp2_common/hardware_flash/flash.c.obj
 .time_critical.flash_do_cmd
                0x200002c8       0xc0 CMakeFiles/pio_matrix.dir/C_/Users/Lex/.pico-sdk/sdk/2.1.0/src/rp2_common/hardware_flash/flash.c.obj
                0x200002c8                flash_do_cmd
 .time_critical.reset_non_control_endpoints
                0x20000388       0x68 CMakeFiles/pio_matrix.dir/C_/Users/Lex/.pico-sdk/sdk/2.1.0/lib/tinyusb/src/portable/raspberrypi/rp2040/dcd_rp2040.c.obj
 .time_critical.hw_handle_buff_status
                0x200003f0       0xb0 CMakeFiles/pio_matrix.dir/C_/Users/Lex/.pico-sdk/sdk/2.1.0/lib/tinyusb/src/portable/raspberrypi/rp2040/dcd_rp2040.c.obj
 .time_critical.dcd_rp2040_irq
                0x200004a0      0x578 CMakeFiles/pio_matrix.dir/C_/Users/Lex/.pico-sdk/sdk/2.1.0/lib/tinyusb/src/portable/raspberrypi/rp2040/dcd_rp2040.c.obj
 .time_critical.prepare_ep_buffer
                0x20000a18       0xe0 CMakeFiles/pio_matrix.dir/C_/Users/Lex/.pico-sdk/sdk/2.1.0/lib/tinyusb/src/portable/raspberrypi/rp2040/rp2040_usb.c.obj
 .time_critical.sync_ep_buffer
                0x20000af8       0xa8 CMakeFiles/pio_matrix.dir/C_/Users/Lex/.pico-sdk/sdk/2.1.0/lib/tinyusb/src/portable/raspberrypi/rp2040/rp2040_usb.c.obj
 .time_critical._hw_endpoint_xfer_sync
                0x20000ba0       0x28 CMakeFiles/pio_matrix.dir/C_/Users/Lex/.pico-sdk/sdk/2.1.0/lib/tinyusb/src/portable/raspberrypi/rp2040/rp2040_usb.c.obj
 .time_critical.e15_is_bulkin_ep
                0x20000bc8       0x28 CMakeFiles/pio_matrix.dir/C_/Users/Lex/.pico-sdk/sdk/2.1.0/lib/tinyusb/src/portable/raspberrypi/rp2040/rp2040_usb.c.obj
 .time_critical.e15_is_critical_frame_period
                0x20000bf0       0x34 CMakeFiles/pio_matrix.dir/C_/Users/Lex/.pico-sdk/sdk/2.1.0/lib/tinyusb/src/portable/raspberrypi/rp2040/rp2040_usb.c.obj
 .time_critical.hw_endpoint_reset_transfer
                0x20000c24        0xc CMakeFiles/pio_matrix.dir/C_/Users/Lex/.pico-sdk/sdk/2.1.0/lib/tinyusb/src/portable/raspberrypi/rp2040/rp2040_usb.c.obj
                0x20000c24                hw_endpoint_reset_transfer
 .time_critical._hw_endpoint_buffer_control_update32
                0x20000c30       0x50 CMakeFiles/pio_matrix.dir/C_/Users/Lex/.pico-sdk/sdk/2.1.0/lib/tinyusb/src/portable/raspberrypi/rp2040/rp2040_usb.c.obj
                0x20000c30                _hw_endpoint_buffer_control_update32
 .time_critical.hw_endpoint_start_next_buffer
                0x20000c80       0x6c CMakeFiles/pio_matrix.dir/C_/Users/Lex/.pico-sdk/sdk/2.1.0/lib/tinyusb/src/portable/raspberrypi/rp2040/rp2040_usb.c.obj
                0x20000c80                hw_endpoint_start_next_buffer
 .time_critical.hw_endpoint_xfer_continue
                0x20000cec       0x40 CMakeFiles/pio_matrix.dir/C_/Users/Lex/.pico-sdk/sdk/2.1.0/lib/tinyusb/src/portable/raspberrypi/rp2040/rp2040_usb.c.obj
                0x20000cec                hw_endpoint_xfer_continue
 .time_critical.tinyusb
                0x20000d2c      0x1e4 CMakeFiles/pio_matrix.dir/C_/Users/Lex/.pico-sdk/sdk/2.1.0/lib/tinyusb/src/device/usbd.c.obj
                0x20000d2c                dcd_event_handler
 *(.text*)
 .text          0x20000f10        0x4 C:/Users/Lex/.pico-sdk/toolchain/13_3_Rel1/bin/../lib/gcc/arm-none-eabi/13.3.1/thumb/v6-m/nofp\libgcc.a(_dvmd_tls.o)
                0x20000f10                __aeabi_idiv0
                0x20000f10                __aeabi_ldiv0
 *fill*         0x20000f14        0x4 
 .text.__stub   0x20000f18       0x80 linker stubs
                0x20000f98                        . = ALIGN (0x4)
 *(.rodata*)
                0x20000f98                        . = ALIGN (0x4)
 *(.data*)
 *fill*         0x20000f98        0x0 
 .data.frames_embarcatech
                0x20000f98     0x19c8 CMakeFiles/pio_matrix.dir/pio_matrix.c.obj
 .data.frames_alexsami
                0x20002960      0xbb8 CMakeFiles/pio_matrix.dir/pio_matrix.c.obj
 .data.striped_spin_lock_num
                0x20003518        0x1 CMakeFiles/pio_matrix.dir/C_/Users/Lex/.pico-sdk/sdk/2.1.0/src/rp2_common/hardware_sync/sync.c.obj
 *fill*         0x20003519        0x3 
 .data          0x2000351c       0x48 CMakeFiles/pio_matrix.dir/C_/Users/Lex/.pico-sdk/sdk/2.1.0/src/rp2_common/hardware_irq/irq_handler_chain.S.obj
                0x2000351c                irq_handler_chain_slots
                0x2000354c                irq_handler_chain_first_slot
                0x20003556                irq_handler_chain_remove_tail
 .data.default_alarm_pool
                0x20003564       0x18 CMakeFiles/pio_matrix.dir/C_/Users/Lex/.pico-sdk/sdk/2.1.0/src/common/pico_time/time.c.obj
 *fill*         0x2000357c        0x4 
 .data.aeabi_bits_funcs
                0x20003580       0x10 CMakeFiles/pio_matrix.dir/C_/Users/Lex/.pico-sdk/sdk/2.1.0/src/rp2_common/pico_bit_ops/bit_ops_aeabi.S.obj
                0x20003580                aeabi_bits_funcs
                0x20003590                aeabi_bits_funcs_end
 .data.aeabi_mem_funcs
                0x20003590       0x10 CMakeFiles/pio_matrix.dir/C_/Users/Lex/.pico-sdk/sdk/2.1.0/src/rp2_common/pico_mem_ops/mem_ops_aeabi.S.obj
                0x20003590                aeabi_mem_funcs
                0x200035a0                aeabi_mem_funcs_end
 .data.stdio_usb
                0x200035a0       0x18 CMakeFiles/pio_matrix.dir/C_/Users/Lex/.pico-sdk/sdk/2.1.0/src/rp2_common/pico_stdio_usb/stdio_usb.c.obj
                0x200035a0                stdio_usb
 .data._usbd_qdef
                0x200035b8       0x1c CMakeFiles/pio_matrix.dir/C_/Users/Lex/.pico-sdk/sdk/2.1.0/lib/tinyusb/src/device/usbd.c.obj
                0x200035b8                _usbd_qdef
 .data._usbd_rhport
                0x200035d4        0x1 CMakeFiles/pio_matrix.dir/C_/Users/Lex/.pico-sdk/sdk/2.1.0/lib/tinyusb/src/device/usbd.c.obj
                0x200035d8                        . = ALIGN (0x4)
 *fill*         0x200035d5        0x3 
 *(.after_data.*)
                0x200035d8                        . = ALIGN (0x4)
                0x200035d8                        PROVIDE (__mutex_array_start = .)
 *(SORT_BY_NAME(.mutex_array.*))
 *(.mutex_array)
 .mutex_array   0x200035d8        0x8 CMakeFiles/pio_matrix.dir/C_/Users/Lex/.pico-sdk/sdk/2.1.0/src/rp2_common/pico_stdio/stdio.c.obj
                0x200035e0                        PROVIDE (__mutex_array_end = .)
                0x200035e0                        . = ALIGN (0x4)
 *(.jcr)
                0x200035e0                        . = ALIGN (0x4)

.tm_clone_table
                0x200035e0        0x0 load address 0x1000b278
 .tm_clone_table
                0x200035e0        0x0 C:/Users/Lex/.pico-sdk/toolchain/13_3_Rel1/bin/../lib/gcc/arm-none-eabi/13.3.1/thumb/v6-m/nofp/crtbegin.o
 .tm_clone_table
                0x200035e0        0x0 C:/Users/Lex/.pico-sdk/toolchain/13_3_Rel1/bin/../lib/gcc/arm-none-eabi/13.3.1/thumb/v6-m/nofp/crtend.o

.igot.plt       0x200035e0        0x0 load address 0x1000b278
 .igot.plt      0x200035e0        0x0 C:/Users/Lex/.pico-sdk/toolchain/13_3_Rel1/bin/../lib/gcc/arm-none-eabi/13.3.1/thumb/v6-m/nofp/crtbegin.o

.tdata          0x200035e0        0x0 load address 0x1000b278
                0x200035e0                        . = ALIGN (0x4)
 *(.tdata .tdata.* .gnu.linkonce.td.*)
                0x200035e0                        __tdata_end = .
                0x200035e0                        PROVIDE (__data_end__ = .)
                0x10007d58                        __etext = LOADADDR (.data)

.tbss           0x200035e0        0x0 load address 0x1000b278
                0x200035e0                        . = ALIGN (0x4)
                0x200035e0                        __bss_start__ = .
                0x200035e0                        __tls_base = .
 *(.tbss .tbss.* .gnu.linkonce.tb.*)
 *(.tcommon)
                0x200035e0                        __tls_end = .

.bss            0x200035e0     0x1094 load address 0x1000b278
                0x200035e0                        . = ALIGN (0x4)
                0x200035e0                        __tbss_end = .
 *(SORT_BY_ALIGNMENT(SORT_BY_NAME(.bss*)))
 .bss.default_alarm_pool_entries
                0x200035e0      0x180 CMakeFiles/pio_matrix.dir/C_/Users/Lex/.pico-sdk/sdk/2.1.0/src/common/pico_time/time.c.obj
 .bss.last_avail_time.1
                0x20003760        0x8 CMakeFiles/pio_matrix.dir/C_/Users/Lex/.pico-sdk/sdk/2.1.0/src/rp2_common/pico_stdio_usb/stdio_usb.c.obj
 .bss.sd_table  0x20003768      0x100 CMakeFiles/pio_matrix.dir/C_/Users/Lex/.pico-sdk/sdk/2.1.0/src/rp2_common/pico_double/double_init_rom_rp2040.c.obj
                0x20003768                sd_table
 .bss._app_driver
                0x20003868        0x4 CMakeFiles/pio_matrix.dir/C_/Users/Lex/.pico-sdk/sdk/2.1.0/lib/tinyusb/src/device/usbd.c.obj
 .bss._cdcd_fifo_cfg
                0x2000386c        0x1 CMakeFiles/pio_matrix.dir/C_/Users/Lex/.pico-sdk/sdk/2.1.0/lib/tinyusb/src/class/cdc/cdc_device.c.obj
 *fill*         0x2000386d        0x3 
 .bss._cdcd_itf
                0x20003870      0x2c8 CMakeFiles/pio_matrix.dir/C_/Users/Lex/.pico-sdk/sdk/2.1.0/lib/tinyusb/src/class/cdc/cdc_device.c.obj
 .bss._ctrl_xfer
                0x20003b38       0x14 CMakeFiles/pio_matrix.dir/C_/Users/Lex/.pico-sdk/sdk/2.1.0/lib/tinyusb/src/device/usbd_control.c.obj
 .bss._ubsd_mutexdef
                0x20003b4c        0x8 CMakeFiles/pio_matrix.dir/C_/Users/Lex/.pico-sdk/sdk/2.1.0/lib/tinyusb/src/device/usbd.c.obj
 .bss._usbd_ctrl_buf
                0x20003b54       0x40 CMakeFiles/pio_matrix.dir/C_/Users/Lex/.pico-sdk/sdk/2.1.0/lib/tinyusb/src/device/usbd_control.c.obj
 .bss._usbd_dev
                0x20003b94       0x54 CMakeFiles/pio_matrix.dir/C_/Users/Lex/.pico-sdk/sdk/2.1.0/lib/tinyusb/src/device/usbd.c.obj
 .bss._usbd_mutex
                0x20003be8        0x4 CMakeFiles/pio_matrix.dir/C_/Users/Lex/.pico-sdk/sdk/2.1.0/lib/tinyusb/src/device/usbd.c.obj
 .bss._usbd_q   0x20003bec        0x4 CMakeFiles/pio_matrix.dir/C_/Users/Lex/.pico-sdk/sdk/2.1.0/lib/tinyusb/src/device/usbd.c.obj
 .bss._usbd_qdef_buf
                0x20003bf0       0xc0 CMakeFiles/pio_matrix.dir/C_/Users/Lex/.pico-sdk/sdk/2.1.0/lib/tinyusb/src/device/usbd.c.obj
                0x20003bf0                _usbd_qdef_buf
 .bss._used_instruction_space
                0x20003cb0        0x8 CMakeFiles/pio_matrix.dir/C_/Users/Lex/.pico-sdk/sdk/2.1.0/src/rp2_common/hardware_pio/pio.c.obj
 .bss._vendord_itf
                0x20003cb8      0x2cc CMakeFiles/pio_matrix.dir/C_/Users/Lex/.pico-sdk/sdk/2.1.0/lib/tinyusb/src/class/vendor/vendor_device.c.obj
 .bss.boot2_copyout
                0x20003f84      0x100 CMakeFiles/pio_matrix.dir/C_/Users/Lex/.pico-sdk/sdk/2.1.0/src/rp2_common/hardware_flash/flash.c.obj
 .bss.callbacks
                0x20004084        0x8 CMakeFiles/pio_matrix.dir/C_/Users/Lex/.pico-sdk/sdk/2.1.0/src/rp2_common/hardware_gpio/gpio.c.obj
 .bss.chars_available_callback
                0x2000408c        0x4 CMakeFiles/pio_matrix.dir/C_/Users/Lex/.pico-sdk/sdk/2.1.0/src/rp2_common/pico_stdio_usb/stdio_usb.c.obj
 .bss.chars_available_param
                0x20004090        0x4 CMakeFiles/pio_matrix.dir/C_/Users/Lex/.pico-sdk/sdk/2.1.0/src/rp2_common/pico_stdio_usb/stdio_usb.c.obj
 .bss.claimed   0x20004094        0x4 CMakeFiles/pio_matrix.dir/C_/Users/Lex/.pico-sdk/sdk/2.1.0/src/rp2_common/hardware_sync/sync.c.obj
 .bss.claimed   0x20004098        0x1 CMakeFiles/pio_matrix.dir/C_/Users/Lex/.pico-sdk/sdk/2.1.0/src/rp2_common/hardware_timer/timer.c.obj
 *fill*         0x20004099        0x3 
 .bss.claimed   0x2000409c        0x1 CMakeFiles/pio_matrix.dir/C_/Users/Lex/.pico-sdk/sdk/2.1.0/src/rp2_common/hardware_pio/pio.c.obj
 *fill*         0x2000409d        0x3 
 .bss.configured_freq
                0x200040a0       0x28 CMakeFiles/pio_matrix.dir/C_/Users/Lex/.pico-sdk/sdk/2.1.0/src/rp2_common/hardware_clocks/clocks.c.obj
 .bss.desc_str.0
                0x200040c8       0x28 CMakeFiles/pio_matrix.dir/C_/Users/Lex/.pico-sdk/sdk/2.1.0/src/rp2_common/pico_stdio_usb/stdio_usb_descriptors.c.obj
 .bss.drivers   0x200040f0        0x4 CMakeFiles/pio_matrix.dir/C_/Users/Lex/.pico-sdk/sdk/2.1.0/src/rp2_common/pico_stdio/stdio.c.obj
 .bss.e15_last_sof
                0x200040f4        0x4 CMakeFiles/pio_matrix.dir/C_/Users/Lex/.pico-sdk/sdk/2.1.0/lib/tinyusb/src/portable/raspberrypi/rp2040/rp2040_usb.c.obj
                0x200040f4                e15_last_sof
 .bss.filter    0x200040f8        0x4 CMakeFiles/pio_matrix.dir/C_/Users/Lex/.pico-sdk/sdk/2.1.0/src/rp2_common/pico_stdio/stdio.c.obj
 .bss.hw_endpoints
                0x200040fc      0x400 CMakeFiles/pio_matrix.dir/C_/Users/Lex/.pico-sdk/sdk/2.1.0/lib/tinyusb/src/portable/raspberrypi/rp2040/dcd_rp2040.c.obj
 .bss.lazy_vsnprintf
                0x200044fc        0x4 CMakeFiles/pio_matrix.dir/C_/Users/Lex/.pico-sdk/sdk/2.1.0/src/rp2_common/pico_printf/printf.c.obj
 .bss.load_value
                0x20004500        0x4 CMakeFiles/pio_matrix.dir/C_/Users/Lex/.pico-sdk/sdk/2.1.0/src/rp2_common/hardware_watchdog/watchdog.c.obj
 .bss.next_buffer_ptr
                0x20004504        0x4 CMakeFiles/pio_matrix.dir/C_/Users/Lex/.pico-sdk/sdk/2.1.0/lib/tinyusb/src/portable/raspberrypi/rp2040/dcd_rp2040.c.obj
 .bss.object.0  0x20004508       0x18 C:/Users/Lex/.pico-sdk/toolchain/13_3_Rel1/bin/../lib/gcc/arm-none-eabi/13.3.1/thumb/v6-m/nofp/crtbegin.o
 .bss.one_shot_timer_crit_sec
                0x20004520        0x8 CMakeFiles/pio_matrix.dir/C_/Users/Lex/.pico-sdk/sdk/2.1.0/src/rp2_common/pico_stdio_usb/stdio_usb.c.obj
 .bss.pools     0x20004528       0x10 CMakeFiles/pio_matrix.dir/C_/Users/Lex/.pico-sdk/sdk/2.1.0/src/common/pico_time/time.c.obj
 .bss.raw_irq_mask
                0x20004538        0x8 CMakeFiles/pio_matrix.dir/C_/Users/Lex/.pico-sdk/sdk/2.1.0/src/rp2_common/hardware_gpio/gpio.c.obj
 .bss.retrieved_id
                0x20004540        0x8 CMakeFiles/pio_matrix.dir/C_/Users/Lex/.pico-sdk/sdk/2.1.0/src/rp2_common/pico_unique_id/unique_id.c.obj
 .bss.sf_clz_func
                0x20004548        0x4 CMakeFiles/pio_matrix.dir/C_/Users/Lex/.pico-sdk/sdk/2.1.0/src/rp2_common/pico_double/double_init_rom_rp2040.c.obj
                0x20004548                sf_clz_func
 .bss.sf_table  0x2000454c      0x100 CMakeFiles/pio_matrix.dir/C_/Users/Lex/.pico-sdk/sdk/2.1.0/src/rp2_common/pico_float/float_init_rom_rp2040.c.obj
                0x2000454c                sf_table
 .bss.sleep_notifier
                0x2000464c        0x4 CMakeFiles/pio_matrix.dir/C_/Users/Lex/.pico-sdk/sdk/2.1.0/src/common/pico_time/time.c.obj
 .bss.stdio_usb_mutex
                0x20004650        0x8 CMakeFiles/pio_matrix.dir/C_/Users/Lex/.pico-sdk/sdk/2.1.0/src/rp2_common/pico_stdio_usb/stdio_usb.c.obj
 .bss.usbd_serial_str
                0x20004658       0x11 CMakeFiles/pio_matrix.dir/C_/Users/Lex/.pico-sdk/sdk/2.1.0/src/rp2_common/pico_stdio_usb/stdio_usb_descriptors.c.obj
 .bss._app_driver_count
                0x20004669        0x1 CMakeFiles/pio_matrix.dir/C_/Users/Lex/.pico-sdk/sdk/2.1.0/lib/tinyusb/src/device/usbd.c.obj
 .bss._sof_enable
                0x2000466a        0x1 CMakeFiles/pio_matrix.dir/C_/Users/Lex/.pico-sdk/sdk/2.1.0/lib/tinyusb/src/portable/raspberrypi/rp2040/dcd_rp2040.c.obj
 .bss._usbd_queued_setup
                0x2000466b        0x1 CMakeFiles/pio_matrix.dir/C_/Users/Lex/.pico-sdk/sdk/2.1.0/lib/tinyusb/src/device/usbd.c.obj
 .bss.boot2_copyout_valid
                0x2000466c        0x1 CMakeFiles/pio_matrix.dir/C_/Users/Lex/.pico-sdk/sdk/2.1.0/src/rp2_common/hardware_flash/flash.c.obj
 .bss.irq_handler_chain_free_slot_head
                0x2000466d        0x1 CMakeFiles/pio_matrix.dir/C_/Users/Lex/.pico-sdk/sdk/2.1.0/src/rp2_common/hardware_irq/irq.c.obj
 .bss.itf_num   0x2000466e        0x1 CMakeFiles/pio_matrix.dir/C_/Users/Lex/.pico-sdk/sdk/2.1.0/src/rp2_common/pico_stdio_usb/reset_interface.c.obj
 .bss.low_priority_irq_num
                0x2000466f        0x1 CMakeFiles/pio_matrix.dir/C_/Users/Lex/.pico-sdk/sdk/2.1.0/src/rp2_common/pico_stdio_usb/stdio_usb.c.obj
 .bss.one_shot_timer_pending
                0x20004670        0x1 CMakeFiles/pio_matrix.dir/C_/Users/Lex/.pico-sdk/sdk/2.1.0/src/rp2_common/pico_stdio_usb/stdio_usb.c.obj
 .bss.user_irq_claimed
                0x20004671        0x1 CMakeFiles/pio_matrix.dir/C_/Users/Lex/.pico-sdk/sdk/2.1.0/src/rp2_common/hardware_irq/irq.c.obj
 *(COMMON)
                0x20004674                        . = ALIGN (0x4)
 *fill*         0x20004672        0x2 
                0x20004674                        __bss_end__ = .

.heap           0x20004674      0x800 load address 0x1000b278
                0x20004674                        __end__ = .
                0x20004674                        end = __end__
 *(.heap*)
 .heap          0x20004674      0x800 CMakeFiles/pio_matrix.dir/C_/Users/Lex/.pico-sdk/sdk/2.1.0/src/rp2_common/pico_crt0/crt0.S.obj
                0x20040000                        __HeapLimit = (ORIGIN (RAM) + LENGTH (RAM))

.scratch_x      0x20040000        0x0 load address 0x1000b278
                0x20040000                        __scratch_x_start__ = .
 *(.scratch_x.*)
                0x20040000                        . = ALIGN (0x4)
                0x20040000                        __scratch_x_end__ = .
                0x1000b278                        __scratch_x_source__ = LOADADDR (.scratch_x)

.scratch_y      0x20041000        0x0 load address 0x1000b278
                0x20041000                        __scratch_y_start__ = .
 *(.scratch_y.*)
                0x20041000                        . = ALIGN (0x4)
                0x20041000                        __scratch_y_end__ = .
                0x1000b278                        __scratch_y_source__ = LOADADDR (.scratch_y)

.stack1_dummy
 *(.stack1*)

.stack_dummy    0x20041000      0x800
 *(.stack*)
 .stack         0x20041000      0x800 CMakeFiles/pio_matrix.dir/C_/Users/Lex/.pico-sdk/sdk/2.1.0/src/rp2_common/pico_crt0/crt0.S.obj

.flash_end      0x1000b278        0x0
 *(.embedded_end_block*)
                0x1000b278                        PROVIDE (__flash_binary_end = .)
                0x20040000                        __StackLimit = (ORIGIN (RAM) + LENGTH (RAM))
                0x20041000                        __StackOneTop = (ORIGIN (SCRATCH_X) + LENGTH (SCRATCH_X))
                0x20042000                        __StackTop = (ORIGIN (SCRATCH_Y) + LENGTH (SCRATCH_Y))
                0x20041000                        __StackOneBottom = (__StackOneTop - SIZEOF (.stack1_dummy))
                0x20041800                        __StackBottom = (__StackTop - SIZEOF (.stack_dummy))
                0x20042000                        PROVIDE (__stack = __StackTop)
                [!provide]                        PROVIDE (__heap_start = __end__)
                [!provide]                        PROVIDE (__heap_end = __HeapLimit)
                [!provide]                        PROVIDE (__tls_align = MAX (ALIGNOF (.tdata), ALIGNOF (.tbss)))
                [!provide]                        PROVIDE (__tls_size_align = (((__tls_size + __tls_align) - 0x1) & ~ ((__tls_align - 0x1))))
                [!provide]                        PROVIDE (__arm32_tls_tcb_offset = MAX (0x8, __tls_align))
                [!provide]                        PROVIDE (_end = __end__)
                [!provide]                        PROVIDE (__llvm_libc_heap_limit = __HeapLimit)
                0x00000001                        ASSERT ((__StackLimit >= __HeapLimit), region RAM overflowed)
                0x00000001                        ASSERT (((__binary_info_header_end - __logical_binary_start) <= 0x100), Binary info must be in first 256 bytes of the binary)
LOAD CMakeFiles/pio_matrix.dir/pio_matrix.c.obj
LOAD CMakeFiles/pio_matrix.dir/C_/Users/Lex/.pico-sdk/sdk/2.1.0/src/rp2_common/pico_stdlib/stdlib.c.obj
LOAD CMakeFiles/pio_matrix.dir/C_/Users/Lex/.pico-sdk/sdk/2.1.0/src/rp2_common/hardware_gpio/gpio.c.obj
LOAD CMakeFiles/pio_matrix.dir/C_/Users/Lex/.pico-sdk/sdk/2.1.0/src/rp2040/pico_platform/platform.c.obj
LOAD CMakeFiles/pio_matrix.dir/C_/Users/Lex/.pico-sdk/sdk/2.1.0/src/rp2_common/pico_platform_panic/panic.c.obj
LOAD CMakeFiles/pio_matrix.dir/C_/Users/Lex/.pico-sdk/sdk/2.1.0/src/common/hardware_claim/claim.c.obj
LOAD CMakeFiles/pio_matrix.dir/C_/Users/Lex/.pico-sdk/sdk/2.1.0/src/rp2_common/hardware_sync/sync.c.obj
LOAD CMakeFiles/pio_matrix.dir/C_/Users/Lex/.pico-sdk/sdk/2.1.0/src/rp2_common/hardware_sync_spin_lock/sync_spin_lock.c.obj
LOAD CMakeFiles/pio_matrix.dir/C_/Users/Lex/.pico-sdk/sdk/2.1.0/src/rp2_common/hardware_irq/irq.c.obj
LOAD CMakeFiles/pio_matrix.dir/C_/Users/Lex/.pico-sdk/sdk/2.1.0/src/rp2_common/hardware_irq/irq_handler_chain.S.obj