Archive member included to satisfy reference by file (symbol)

/home/mdlos/.pico-sdk/toolchain/13_3_Rel1/bin/../lib/gcc/arm-none-eabi/13.3.1/thumb/v6-m/nofp/libgcc.a(_dvmd_tls.o)
                              CMakeFiles/pio_matrix.dir/home/mdlos/.pico-sdk/sdk/2.1.0/src/rp2_common/pico_divider/divider_hardware.S.o (__aeabi_idiv0)
/home/mdlos/.pico-sdk/toolchain/13_3_Rel1/bin/../lib/gcc/arm-none-eabi/13.3.1/../../../../arm-none-eabi/lib/thumb/v6-m/nofp/libg.a(libc_a-strlen-stub.o)
                              CMakeFiles/pio_matrix.dir/home/mdlos/.pico-sdk/sdk/2.1.0/src/rp2_common/pico_stdio/stdio.c.o (strlen)
/home/mdlos/.pico-sdk/toolchain/13_3_Rel1/bin/../lib/gcc/arm-none-eabi/13.3.1/../../../../arm-none-eabi/lib/thumb/v6-m/nofp/libg.a(libc_a-malloc.o)
                              CMakeFiles/pio_matrix.dir/home/mdlos/.pico-sdk/sdk/2.1.0/src/rp2_common/pico_malloc/malloc.c.o (malloc)
/home/mdlos/.pico-sdk/toolchain/13_3_Rel1/bin/../lib/gcc/arm-none-eabi/13.3.1/../../../../arm-none-eabi/lib/thumb/v6-m/nofp/libg.a(libc_a-mallocr.o)
                              /home/mdlos/.pico-sdk/toolchain/13_3_Rel1/bin/../lib/gcc/arm-none-eabi/13.3.1/../../../../arm-none-eabi/lib/thumb/v6-m/nofp/libg.a(libc_a-malloc.o) (_malloc_r)
/home/mdlos/.pico-sdk/toolchain/13_3_Rel1/bin/../lib/gcc/arm-none-eabi/13.3.1/../../../../arm-none-eabi/lib/thumb/v6-m/nofp/libg.a(libc_a-lcltime_r.o)
                              CMakeFiles/pio_matrix.dir/home/mdlos/.pico-sdk/sdk/2.1.0/src/common/pico_util/datetime.c.o (localtime_r)
/home/mdlos/.pico-sdk/toolchain/13_3_Rel1/bin/../lib/gcc/arm-none-eabi/13.3.1/../../../../arm-none-eabi/lib/thumb/v6-m/nofp/libg.a(libc_a-sbrkr.o)
                              /home/mdlos/.pico-sdk/toolchain/13_3_Rel1/bin/../lib/gcc/arm-none-eabi/13.3.1/../../../../arm-none-eabi/lib/thumb/v6-m/nofp/libg.a(libc_a-mallocr.o) (_sbrk_r)
/home/mdlos/.pico-sdk/toolchain/13_3_Rel1/bin/../lib/gcc/arm-none-eabi/13.3.1/../../../../arm-none-eabi/lib/thumb/v6-m/nofp/libg.a(libc_a-mktime.o)
                              CMakeFiles/pio_matrix.dir/home/mdlos/.pico-sdk/sdk/2.1.0/src/common/pico_util/datetime.c.o (mktime)
/home/mdlos/.pico-sdk/toolchain/13_3_Rel1/bin/../lib/gcc/arm-none-eabi/13.3.1/../../../../arm-none-eabi/lib/thumb/v6-m/nofp/libg.a(libc_a-month_lengths.o)
                              /home/mdlos/.pico-sdk/toolchain/13_3_Rel1/bin/../lib/gcc/arm-none-eabi/13.3.1/../../../../arm-none-eabi/lib/thumb/v6-m/nofp/libg.a(libc_a-lcltime_r.o) (__month_lengths)
/home/mdlos/.pico-sdk/toolchain/13_3_Rel1/bin/../lib/gcc/arm-none-eabi/13.3.1/../../../../arm-none-eabi/lib/thumb/v6-m/nofp/libg.a(libc_a-tzcalc_limits.o)
                              /home/mdlos/.pico-sdk/toolchain/13_3_Rel1/bin/../lib/gcc/arm-none-eabi/13.3.1/../../../../arm-none-eabi/lib/thumb/v6-m/nofp/libg.a(libc_a-lcltime_r.o) (__tzcalc_limits)
/home/mdlos/.pico-sdk/toolchain/13_3_Rel1/bin/../lib/gcc/arm-none-eabi/13.3.1/../../../../arm-none-eabi/lib/thumb/v6-m/nofp/libg.a(libc_a-tzlock.o)
                              /home/mdlos/.pico-sdk/toolchain/13_3_Rel1/bin/../lib/gcc/arm-none-eabi/13.3.1/../../../../arm-none-eabi/lib/thumb/v6-m/nofp/libg.a(libc_a-lcltime_r.o) (__tz_lock)
/home/mdlos/.pico-sdk/toolchain/13_3_Rel1/bin/../lib/gcc/arm-none-eabi/13.3.1/../../../../arm-none-eabi/lib/thumb/v6-m/nofp/libg.a(libc_a-tzset.o)
                              /home/mdlos/.pico-sdk/toolchain/13_3_Rel1/bin/../lib/gcc/arm-none-eabi/13.3.1/../../../../arm-none-eabi/lib/thumb/v6-m/nofp/libg.a(libc_a-lcltime_r.o) (_tzset_unlocked)
/home/mdlos/.pico-sdk/toolchain/13_3_Rel1/bin/../lib/gcc/arm-none-eabi/13.3.1/../../../../arm-none-eabi/lib/thumb/v6-m/nofp/libg.a(libc_a-mlock.o)
                              /home/mdlos/.pico-sdk/toolchain/13_3_Rel1/bin/../lib/gcc/arm-none-eabi/13.3.1/../../../../arm-none-eabi/lib/thumb/v6-m/nofp/libg.a(libc_a-mallocr.o) (__malloc_lock)
/home/mdlos/.pico-sdk/toolchain/13_3_Rel1/bin/../lib/gcc/arm-none-eabi/13.3.1/../../../../arm-none-eabi/lib/thumb/v6-m/nofp/libg.a(libc_a-calloc.o)
                              CMakeFiles/pio_matrix.dir/home/mdlos/.pico-sdk/sdk/2.1.0/src/rp2_common/pico_malloc/malloc.c.o (calloc)
/home/mdlos/.pico-sdk/toolchain/13_3_Rel1/bin/../lib/gcc/arm-none-eabi/13.3.1/../../../../arm-none-eabi/lib/thumb/v6-m/nofp/libg.a(libc_a-memcmp.o)
                              CMakeFiles/pio_matrix.dir/home/mdlos/.pico-sdk/sdk/2.1.0/src/rp2_common/pico_atomic/atomic.c.o (memcmp)
/home/mdlos/.pico-sdk/toolchain/13_3_Rel1/bin/../lib/gcc/arm-none-eabi/13.3.1/../../../../arm-none-eabi/lib/thumb/v6-m/nofp/libg.a(libc_a-callocr.o)
                              /home/mdlos/.pico-sdk/toolchain/13_3_Rel1/bin/../lib/gcc/arm-none-eabi/13.3.1/../../../../arm-none-eabi/lib/thumb/v6-m/nofp/libg.a(libc_a-calloc.o) (_calloc_r)
/home/mdlos/.pico-sdk/toolchain/13_3_Rel1/bin/../lib/gcc/arm-none-eabi/13.3.1/../../../../arm-none-eabi/lib/thumb/v6-m/nofp/libg.a(libc_a-div.o)
[...]
Memory Configuration

Name             Origin             Length             Attributes
FLASH            0x10000000         0x00200000         xr
RAM              0x20000000         0x00040000         xrw
SCRATCH_X        0x20040000         0x00001000         xrw
SCRATCH_Y        0x20041000         0x00001000         xrw
*default*        0x00000000         0xffffffff

Linker script and memory map

LOAD /home/mdlos/.pico-sdk/toolchain/13_3_Rel1/bin/../lib/gcc/arm-none-eabi/13.3.1/thumb/v6-m/nofp/crti.o
LOAD /home/mdlos/.pico-sdk/toolchain/13_3_Rel1/bin/../lib/gcc/arm-none-eabi/13.3.1/thumb/v6-m/nofp/crtbegin.o
LOAD /home/mdlos/.pico-sdk/toolchain/13_3_Rel1/bin/../lib/gcc/arm-none-eabi/13.3.1/../../../../arm-none-eabi/lib/thumb/v6-m/nofp/crt0.o

.flash_begin    0x10000000        0x0
                0x10000000                        __flash_binary_start = .

.boot2          0x10000000      0x100
                0x10000000                        __boot2_start__ = .
 *(.boot2)
 .boot2         0x10000000      0x100 pico-sdk/src/rp2040/boot_stage2/CMakeFiles/bs2_default_library.dir/bs2_default_padded_checksummed.S.o
                0x10000100                        __boot2_end__ = .
                0x00000001                        ASSERT (((__boot2_end__ - __boot2_start__) == 0x100), ERROR: Pico second stage bootloader must be 256 bytes in size)

.text           0x10000100     0x6d34
                0x10000100                        __logical_binary_start = .
 *(.vectors)
 .vectors       0x10000100       0xd4 CMakeFiles/pio_matrix.dir/home/mdlos/.pico-sdk/sdk/2.1.0/src/rp2_common/pico_crt0/crt0.S.o
                0x10000100                __vectors
                0x10000100                __VECTOR_TABLE
                0x100001c0                isr_invalid
                0x100001c0                __default_isrs_start
                0x100001c2                isr_nmi
                0x100001c4                isr_hardfault
                0x100001c6                isr_svcall
                0x100001c8                isr_pendsv
                0x100001ca                isr_systick
                0x100001cc                isr_irq30
                0x100001cc                __unhandled_user_irq
                0x100001cc                isr_irq13
                0x100001cc                isr_irq27
                0x100001cc                isr_irq31
                0x100001cc                isr_irq5
                0x100001cc                isr_irq11
                0x100001cc                isr_irq23
                0x100001cc                isr_irq18
                0x100001cc                isr_irq28
                0x100001cc                isr_irq19
                0x100001cc                isr_irq0
                0x100001cc                isr_irq6
                0x100001cc                isr_irq22
                0x100001cc                isr_irq17
                0x100001cc                isr_irq14
                0x100001cc                isr_irq2
                0x100001cc                isr_irq10
                0x100001cc                isr_irq8
                0x100001cc                isr_irq24
                0x100001cc                isr_irq1
                0x100001cc                isr_irq7
                0x100001cc                isr_irq21
                0x100001cc                isr_irq20
                0x100001cc                isr_irq15
                0x100001cc                isr_irq25
                0x100001cc                isr_irq4
                0x100001cc                isr_irq16
                0x100001cc                isr_irq29
                0x100001cc                isr_irq26
                0x100001cc                __default_isrs_end
                0x100001cc                isr_irq3
                0x100001cc                isr_irq12
                0x100001cc                isr_irq9
                0x100001d2                unhandled_user_irq_num_in_r0
 *(.binary_info_header)
 .binary_info_header
                0x100001d4       0x14 CMakeFiles/pio_matrix.dir/home/mdlos/.pico-sdk/sdk/2.1.0/src/rp2_common/pico_crt0/crt0.S.o
                0x100001e8                        __binary_info_header_end = .
 *(.embedded_block)
                0x100001e8                        __embedded_block_end = .
 *(.reset)
 .reset         0x100001e8       0x9c CMakeFiles/pio_matrix.dir/home/mdlos/.pico-sdk/sdk/2.1.0/src/rp2_common/pico_crt0/crt0.S.o
                0x100001e8                _entry_point
 *(.init)
 .init          0x10000284        0x4 /home/mdlos/.pico-sdk/toolchain/13_3_Rel1/bin/../lib/gcc/arm-none-eabi/13.3.1/thumb/v6-m/nofp/crti.o
                0x10000284                _init
 *(EXCLUDE_FILE(*libm.a: *libc.a:*lib_a-mem*.o *libgcc.a:) .text*)
 .text.register_tm_clones
                0x10000288       0x28 /home/mdlos/.pico-sdk/toolchain/13_3_Rel1/bin/../lib/gcc/arm-none-eabi/13.3.1/thumb/v6-m/nofp/crtbegin.o
 .text.frame_dummy
                0x100002b0       0x24 /home/mdlos/.pico-sdk/toolchain/13_3_Rel1/bin/../lib/gcc/arm-none-eabi/13.3.1/thumb/v6-m/nofp/crtbegin.o
 .text.sm_config_set_clkdiv
                0x100002d4       0x44 CMakeFiles/pio_matrix.dir/pio_matrix.c.o
 .text.pio_get_default_sm_config
                0x10000318       0x28 CMakeFiles/pio_matrix.dir/pio_matrix.c.o
 .text.pio_matrix_program_get_default_config
                0x10000340       0x24 CMakeFiles/pio_matrix.dir/pio_matrix.c.o
 .text.pio_matrix_program_init
                0x10000364       0xd8 CMakeFiles/pio_matrix.dir/pio_matrix.c.o
 .text.matrix_rgb
                0x1000043c       0x70 CMakeFiles/pio_matrix.dir/pio_matrix.c.o
                0x1000043c                matrix_rgb
 .text.acionar_leds
                0x100004ac       0x48 CMakeFiles/pio_matrix.dir/pio_matrix.c.o
                0x100004ac                acionar_leds
 .text.desenhar_padrao
                0x100004f4       0x4c CMakeFiles/pio_matrix.dir/pio_matrix.c.o
                0x100004f4                desenhar_padrao
 .text.configurar_teclado
                0x10000540       0x48 CMakeFiles/pio_matrix.dir/pio_matrix.c.o
                0x10000540                configurar_teclado
 .text.ler_tecla
                0x10000588       0x5c CMakeFiles/pio_matrix.dir/pio_matrix.c.o
                0x10000588                ler_tecla
 .text.gerar_sinal_sonoro
                0x100005e4       0x16 CMakeFiles/pio_matrix.dir/pio_matrix.c.o
                0x100005e4                gerar_sinal_sonoro
 *fill*         0x100005fa        0x2 
 .text.execute_command
                0x100005fc      0x120 CMakeFiles/pio_matrix.dir/pio_matrix.c.o
                0x100005fc                execute_command
 .text.main     0x1000071c      0x1ac CMakeFiles/pio_matrix.dir/pio_matrix.c.o
                0x1000071c                main
 .text.gpio_set_function
                0x100008c8       0x34 CMakeFiles/pio_matrix.dir/home/mdlos/.pico-sdk/sdk/2.1.0/src/rp2_common/hardware_gpio/gpio.c.o
                0x100008c8                gpio_set_function
 .text.gpio_set_pulls
                0x100008fc       0x38 CMakeFiles/pio_matrix.dir/home/mdlos/.pico-sdk/sdk/2.1.0/src/rp2_common/hardware_gpio/gpio.c.o
                0x100008fc                gpio_set_pulls
 .text.gpio_init
                0x10000934       0x16 CMakeFiles/pio_matrix.dir/home/mdlos/.pico-sdk/sdk/2.1.0/src/rp2_common/hardware_gpio/gpio.c.o
                0x10000934                gpio_init
 *fill*         0x1000094a        0x2 
 .text.rp2040_chip_version
                0x1000094c       0x54 CMakeFiles/pio_matrix.dir/home/mdlos/.pico-sdk/sdk/2.1.0/src/rp2040/pico_platform/platform.c.o
                0x1000094c                rp2040_chip_version
 .text.panic    0x100009a0       0x30 CMakeFiles/pio_matrix.dir/home/mdlos/.pico-sdk/sdk/2.1.0/src/rp2_common/pico_platform_panic/panic.c.o
                0x100009a0                panic
 .text.hw_claim_lock
                0x100009d0       0x18 CMakeFiles/pio_matrix.dir/home/mdlos/.pico-sdk/sdk/2.1.0/src/common/hardware_claim/claim.c.o
                0x100009d0                hw_claim_lock
 .text.hw_claim_unlock
                0x100009e8       0x14 CMakeFiles/pio_matrix.dir/home/mdlos/.pico-sdk/sdk/2.1.0/src/common/hardware_claim/claim.c.o
                0x100009e8                hw_claim_unlock
 .text.hw_claim_or_assert
                0x100009fc       0x32 CMakeFiles/pio_matrix.dir/home/mdlos/.pico-sdk/sdk/2.1.0/src/common/hardware_claim/claim.c.o
                0x100009fc                hw_claim_or_assert
 .text.hw_claim_unused_from_range
                0x10000a2e       0x50 CMakeFiles/pio_matrix.dir/home/mdlos/.pico-sdk/sdk/2.1.0/src/common/hardware_claim/claim.c.o
                0x10000a2e                hw_claim_unused_from_range
 *fill*         0x10000a7e        0x2 
 .text.next_striped_spin_lock_num
                0x10000a80       0x1c CMakeFiles/pio_matrix.dir/home/mdlos/.pico-sdk/sdk/2.1.0/src/rp2_common/hardware_sync/sync.c.o
                0x10000a80                next_striped_spin_lock_num
 .text.spin_lock_claim_unused
                0x10000a9c       0x24 CMakeFiles/pio_matrix.dir/home/mdlos/.pico-sdk/sdk/2.1.0/src/rp2_common/hardware_sync/sync.c.o
                0x10000a9c                spin_lock_claim_unused
 .text.spin_locks_reset
                0x10000ac0       0x20 CMakeFiles/pio_matrix.dir/home/mdlos/.pico-sdk/sdk/2.1.0/src/rp2_common/hardware_sync_spin_lock/sync_spin_lock.c.o
                0x10000ac0                spin_locks_reset
 .text.set_raw_irq_handler_and_unlock
                0x10000ae0       0x28 CMakeFiles/pio_matrix.dir/home/mdlos/.pico-sdk/sdk/2.1.0/src/rp2_common/hardware_irq/irq.c.o
 .text.nvic_ipr0
                0x10000b08        0x8 CMakeFiles/pio_matrix.dir/home/mdlos/.pico-sdk/sdk/2.1.0/src/rp2_common/hardware_irq/irq.c.o
 .text.runtime_init_per_core_irq_priorities
                0x10000b10       0x1c CMakeFiles/pio_matrix.dir/home/mdlos/.pico-sdk/sdk/2.1.0/src/rp2_common/hardware_irq/irq.c.o
                0x10000b10                runtime_init_per_core_irq_priorities
 .text.resolve_j_16
                0x10000b2c       0x30 CMakeFiles/pio_matrix.dir/home/mdlos/.pico-sdk/sdk/2.1.0/src/rp2_common/hardware_irq/irq.c.o
 .text.make_j_16
                0x10000b5c       0x48 CMakeFiles/pio_matrix.dir/home/mdlos/.pico-sdk/sdk/2.1.0/src/rp2_common/hardware_irq/irq.c.o
 .text.irq_is_enabled
                0x10000ba4       0x18 CMakeFiles/pio_matrix.dir/home/mdlos/.pico-sdk/sdk/2.1.0/src/rp2_common/hardware_irq/irq.c.o
                0x10000ba4                irq_is_enabled
 .text.irq_set_mask_n_enabled
                0x10000bbc       0x1c CMakeFiles/pio_matrix.dir/home/mdlos/.pico-sdk/sdk/2.1.0/src/rp2_common/hardware_irq/irq.c.o
                0x10000bbc                irq_set_mask_n_enabled
 .text.irq_set_enabled
                0x10000bd8       0x14 CMakeFiles/pio_matrix.dir/home/mdlos/.pico-sdk/sdk/2.1.0/src/rp2_common/hardware_irq/irq.c.o
                0x10000bd8                irq_set_enabled
 .text.irq_set_pending
                0x10000bec       0x10 CMakeFiles/pio_matrix.dir/home/mdlos/.pico-sdk/sdk/2.1.0/src/rp2_common/hardware_irq/irq.c.o
                0x10000bec                irq_set_pending
 .text.irq_get_vtable_handler
                0x10000bfc       0x10 CMakeFiles/pio_matrix.dir/home/mdlos/.pico-sdk/sdk/2.1.0/src/rp2_common/hardware_irq/irq.c.o
                0x10000bfc                irq_get_vtable_handler
 .text.irq_has_shared_handler
                0x10000c0c       0x24 CMakeFiles/pio_matrix.dir/home/mdlos/.pico-sdk/sdk/2.1.0/src/rp2_common/hardware_irq/irq.c.o
                0x10000c0c                irq_has_shared_handler
 .text.irq_set_exclusive_handler
                0x10000c30       0x54 CMakeFiles/pio_matrix.dir/home/mdlos/.pico-sdk/sdk/2.1.0/src/rp2_common/hardware_irq/irq.c.o
                0x10000c30                irq_set_exclusive_handler
 .text.irq_add_shared_handler
                0x10000c84      0x218 CMakeFiles/pio_matrix.dir/home/mdlos/.pico-sdk/sdk/2.1.0/src/rp2_common/hardware_irq/irq.c.o
                0x10000c84                irq_add_shared_handler
 .text.irq_add_tail_to_free_list
                0x10000e9c       0xf4 CMakeFiles/pio_matrix.dir/home/mdlos/.pico-sdk/sdk/2.1.0/src/rp2_common/hardware_irq/irq.c.o
                0x10000e9c                irq_add_tail_to_free_list
 .text.user_irq_claim_unused
                0x10000f90       0x2c CMakeFiles/pio_matrix.dir/home/mdlos/.pico-sdk/sdk/2.1.0/src/rp2_common/hardware_irq/irq.c.o
                0x10000f90                user_irq_claim_unused
 .text.lock_init
                0x10000fbc       0x10 CMakeFiles/pio_matrix.dir/home/mdlos/.pico-sdk/sdk/2.1.0/src/common/pico_sync/lock_core.c.o
                0x10000fbc                lock_init
 .text.mutex_init
                0x10000fcc       0x1a CMakeFiles/pio_matrix.dir/home/mdlos/.pico-sdk/sdk/2.1.0/src/common/pico_sync/mutex.c.o
                0x10000fcc                mutex_init
 .text.recursive_mutex_init
                0x10000fe6       0x1e CMakeFiles/pio_matrix.dir/home/mdlos/.pico-sdk/sdk/2.1.0/src/common/pico_sync/mutex.c.o
                0x10000fe6                recursive_mutex_init
 .text.runtime_init_mutex
                0x10001004       0x4c CMakeFiles/pio_matrix.dir/home/mdlos/.pico-sdk/sdk/2.1.0/src/common/pico_sync/mutex.c.o
                0x10001004                runtime_init_mutex
 .text.critical_section_init_with_lock_num
                0x10001050       0x14 CMakeFiles/pio_matrix.dir/home/mdlos/.pico-sdk/sdk/2.1.0/src/common/pico_sync/critical_section.c.o
                0x10001050                critical_section_init_with_lock_num
 .text.critical_section_init
                0x10001064       0x14 CMakeFiles/pio_matrix.dir/home/mdlos/.pico-sdk/sdk/2.1.0/src/common/pico_sync/critical_section.c.o
                0x10001064                critical_section_init
 .text.make_alarm_id
                0x10001078        0x6 CMakeFiles/pio_matrix.dir/home/mdlos/.pico-sdk/sdk/2.1.0/src/common/pico_time/time.c.o
 *fill*         0x1000107e        0x2 
 .text.sleep_until_callback
                0x10001080       0x30 CMakeFiles/pio_matrix.dir/home/mdlos/.pico-sdk/sdk/2.1.0/src/common/pico_time/time.c.o
 .text.alarm_pool_irq_handler
                0x100010b0      0x2f8 CMakeFiles/pio_matrix.dir/home/mdlos/.pico-sdk/sdk/2.1.0/src/common/pico_time/time.c.o
 .text.ta_enable_irq_handler
                0x100013a8       0x2c CMakeFiles/pio_matrix.dir/home/mdlos/.pico-sdk/sdk/2.1.0/src/common/pico_time/time.c.o
 .text.alarm_pool_post_alloc_init
                0x100013d4       0x78 CMakeFiles/pio_matrix.dir/home/mdlos/.pico-sdk/sdk/2.1.0/src/common/pico_time/time.c.o
 .text.alarm_pool_get_default
                0x1000144c       0x2c CMakeFiles/pio_matrix.dir/home/mdlos/.pico-sdk/sdk/2.1.0/src/common/pico_time/time.c.o
                0x1000144c                alarm_pool_get_default
 .text.alarm_pool_add_alarm_at_force_in_context
                0x10001478       0xa4 CMakeFiles/pio_matrix.dir/home/mdlos/.pico-sdk/sdk/2.1.0/src/common/pico_time/time.c.o
                0x10001478                alarm_pool_add_alarm_at_force_in_context
 .text.alarm_pool_add_alarm_at
                0x1000151c       0x3c CMakeFiles/pio_matrix.dir/home/mdlos/.pico-sdk/sdk/2.1.0/src/common/pico_time/time.c.o
                0x1000151c                alarm_pool_add_alarm_at
 .text.add_alarm_at
                0x10001558       0x2e CMakeFiles/pio_matrix.dir/home/mdlos/.pico-sdk/sdk/2.1.0/src/common/pico_time/time.c.o
 *fill*         0x10001586        0x2 
 .text.alarm_pool_cancel_alarm
                0x10001588       0x78 CMakeFiles/pio_matrix.dir/home/mdlos/.pico-sdk/sdk/2.1.0/src/common/pico_time/time.c.o
                0x10001588                alarm_pool_cancel_alarm
 .text.cancel_alarm
                0x10001600       0x10 CMakeFiles/pio_matrix.dir/home/mdlos/.pico-sdk/sdk/2.1.0/src/common/pico_time/time.c.o
 .text.alarm_pool_core_num
                0x10001610        0x4 CMakeFiles/pio_matrix.dir/home/mdlos/.pico-sdk/sdk/2.1.0/src/common/pico_time/time.c.o
                0x10001610                alarm_pool_core_num
 .text.sleep_until
                0x10001614       0xc0 CMakeFiles/pio_matrix.dir/home/mdlos/.pico-sdk/sdk/2.1.0/src/common/pico_time/time.c.o
                0x10001614                sleep_until
 .text.sleep_us
                0x100016d4       0x24 CMakeFiles/pio_matrix.dir/home/mdlos/.pico-sdk/sdk/2.1.0/src/common/pico_time/time.c.o
                0x100016d4                sleep_us
 .text.sleep_ms
                0x100016f8       0x14 CMakeFiles/pio_matrix.dir/home/mdlos/.pico-sdk/sdk/2.1.0/src/common/pico_time/time.c.o
                0x100016f8                sleep_ms
 .text.best_effort_wfe_or_timeout
                0x1000170c      0x104 CMakeFiles/pio_matrix.dir/home/mdlos/.pico-sdk/sdk/2.1.0/src/common/pico_time/time.c.o
                0x1000170c                best_effort_wfe_or_timeout
 .text.alarm_pool_get_default_timer
                0x10001810        0x8 CMakeFiles/pio_matrix.dir/home/mdlos/.pico-sdk/sdk/2.1.0/src/common/pico_time/time.c.o
                0x10001810                alarm_pool_get_default_timer
 .text.runtime_init_default_alarm_pool
                0x10001818       0x38 CMakeFiles/pio_matrix.dir/home/mdlos/.pico-sdk/sdk/2.1.0/src/common/pico_time/time.c.o
                0x10001818                runtime_init_default_alarm_pool
 .text.timer_hardware_alarm_claim
                0x10001850       0x14 CMakeFiles/pio_matrix.dir/home/mdlos/.pico-sdk/sdk/2.1.0/src/rp2_common/hardware_timer/timer.c.o
                0x10001850                timer_hardware_alarm_claim
 .text.timer_time_us_64
                0x10001864       0x10 CMakeFiles/pio_matrix.dir/home/mdlos/.pico-sdk/sdk/2.1.0/src/rp2_common/hardware_timer/timer.c.o
                0x10001864                timer_time_us_64
 .text.timer_busy_wait_until
                0x10001874       0x1a CMakeFiles/pio_matrix.dir/home/mdlos/.pico-sdk/sdk/2.1.0/src/rp2_common/hardware_timer/timer.c.o
                0x10001874                timer_busy_wait_until
 *fill*         0x1000188e        0x2 
 .text.time_us_64
                0x10001890       0x10 CMakeFiles/pio_matrix.dir/home/mdlos/.pico-sdk/sdk/2.1.0/src/rp2_common/hardware_timer/timer.c.o
                0x10001890                time_us_64
 .text.busy_wait_until
                0x100018a0       0x14 CMakeFiles/pio_matrix.dir/home/mdlos/.pico-sdk/sdk/2.1.0/src/rp2_common/hardware_timer/timer.c.o
                0x100018a0                busy_wait_until
 .text.clock_configure_internal
                0x100018b4       0xc4 CMakeFiles/pio_matrix.dir/home/mdlos/.pico-sdk/sdk/2.1.0/src/rp2_common/hardware_clocks/clocks.c.o
 .text.clock_configure_int_divider
                0x10001978       0x28 CMakeFiles/pio_matrix.dir/home/mdlos/.pico-sdk/sdk/2.1.0/src/rp2_common/hardware_clocks/clocks.c.o
                0x10001978                clock_configure_int_divider
 .text.clock_configure_undivided
                0x100019a0       0x12 CMakeFiles/pio_matrix.dir/home/mdlos/.pico-sdk/sdk/2.1.0/src/rp2_common/hardware_clocks/clocks.c.o
                0x100019a0                clock_configure_undivided
 *fill*         0x100019b2        0x2 
 .text.clock_get_hz
                0x100019b4        0xc CMakeFiles/pio_matrix.dir/home/mdlos/.pico-sdk/sdk/2.1.0/src/rp2_common/hardware_clocks/clocks.c.o
                0x100019b4                clock_get_hz
 .text.pll_init
                0x100019c0      0x124 CMakeFiles/pio_matrix.dir/home/mdlos/.pico-sdk/sdk/2.1.0/src/rp2_common/hardware_pll/pll.c.o
                0x100019c0                pll_init
 .text.watchdog_update
                0x10001ae4       0x14 CMakeFiles/pio_matrix.dir/home/mdlos/.pico-sdk/sdk/2.1.0/src/rp2_common/hardware_watchdog/watchdog.c.o
                0x10001ae4                watchdog_update
 .text._watchdog_enable
                0x10001af8       0x7c CMakeFiles/pio_matrix.dir/home/mdlos/.pico-sdk/sdk/2.1.0/src/rp2_common/hardware_watchdog/watchdog.c.o
                0x10001af8                _watchdog_enable
 .text.watchdog_reboot
                0x10001b74       0x48 CMakeFiles/pio_matrix.dir/home/mdlos/.pico-sdk/sdk/2.1.0/src/rp2_common/hardware_watchdog/watchdog.c.o
                0x10001b74                watchdog_reboot
 .text.tick_start
                0x10001bbc       0x10 CMakeFiles/pio_matrix.dir/home/mdlos/.pico-sdk/sdk/2.1.0/src/rp2_common/hardware_ticks/ticks.c.o
                0x10001bbc                tick_start
 .text.rom_func_lookup
                0x10001bcc       0x10 CMakeFiles/pio_matrix.dir/home/mdlos/.pico-sdk/sdk/2.1.0/src/rp2_common/pico_bootrom/bootrom.c.o
                0x10001bcc                rom_func_lookup
 .text.rom_data_lookup
                0x10001bdc       0x10 CMakeFiles/pio_matrix.dir/home/mdlos/.pico-sdk/sdk/2.1.0/src/rp2_common/pico_bootrom/bootrom.c.o
                0x10001bdc                rom_data_lookup
 .text.rom_funcs_lookup
                0x10001bec       0x36 CMakeFiles/pio_matrix.dir/home/mdlos/.pico-sdk/sdk/2.1.0/src/rp2_common/pico_bootrom/bootrom.c.o
                0x10001bec                rom_funcs_lookup
 *fill*         0x10001c22        0x2 
 .text.rom_reset_usb_boot
                0x10001c24       0x18 CMakeFiles/pio_matrix.dir/home/mdlos/.pico-sdk/sdk/2.1.0/src/rp2_common/pico_bootrom/bootrom.c.o
                0x10001c24                rom_reset_usb_boot
 .text.rom_reset_usb_boot_extra
                0x10001c3c       0x24 CMakeFiles/pio_matrix.dir/home/mdlos/.pico-sdk/sdk/2.1.0/src/rp2_common/pico_bootrom/bootrom.c.o
                0x10001c3c                rom_reset_usb_boot_extra
 .text.xosc_init
                0x10001c60       0x28 CMakeFiles/pio_matrix.dir/home/mdlos/.pico-sdk/sdk/2.1.0/src/rp2_common/hardware_xosc/xosc.c.o
                0x10001c60                xosc_init
 .text.runtime_run_initializers_from
                0x10001c88       0x18 CMakeFiles/pio_matrix.dir/home/mdlos/.pico-sdk/sdk/2.1.0/src/rp2_common/pico_runtime/runtime.c.o
 .text.first_per_core_initializer
                0x10001ca0        0x2 CMakeFiles/pio_matrix.dir/home/mdlos/.pico-sdk/sdk/2.1.0/src/rp2_common/pico_runtime/runtime.c.o
 *fill*         0x10001ca2        0x2 
 .text.runtime_run_initializers
                0x10001ca4       0x10 CMakeFiles/pio_matrix.dir/home/mdlos/.pico-sdk/sdk/2.1.0/src/rp2_common/pico_runtime/runtime.c.o
                0x10001ca4                runtime_run_initializers
 .text.runtime_init_early_resets
                0x10001cb4       0x2c CMakeFiles/pio_matrix.dir/home/mdlos/.pico-sdk/sdk/2.1.0/src/rp2_common/pico_runtime_init/runtime_init.c.o
                0x10001cb4                runtime_init_early_resets
 .text.runtime_init_usb_power_down
                0x10001ce0       0x1c CMakeFiles/pio_matrix.dir/home/mdlos/.pico-sdk/sdk/2.1.0/src/rp2_common/pico_runtime_init/runtime_init.c.o
                0x10001ce0                runtime_init_usb_power_down
 .text.runtime_init_post_clock_resets
                0x10001cfc       0x20 CMakeFiles/pio_matrix.dir/home/mdlos/.pico-sdk/sdk/2.1.0/src/rp2_common/pico_runtime_init/runtime_init.c.o
                0x10001cfc                runtime_init_post_clock_resets
 .text.runtime_init_rp2040_gpio_ie_disable
                0x10001d1c       0x14 CMakeFiles/pio_matrix.dir/home/mdlos/.pico-sdk/sdk/2.1.0/src/rp2_common/pico_runtime_init/runtime_init.c.o
                0x10001d1c                runtime_init_rp2040_gpio_ie_disable
 .text.runtime_init_spin_locks_reset
                0x10001d30        0x8 CMakeFiles/pio_matrix.dir/home/mdlos/.pico-sdk/sdk/2.1.0/src/rp2_common/pico_runtime_init/runtime_init.c.o
                0x10001d30                runtime_init_spin_locks_reset
 .text.runtime_init_install_ram_vector_table
                0x10001d38       0x1c CMakeFiles/pio_matrix.dir/home/mdlos/.pico-sdk/sdk/2.1.0/src/rp2_common/pico_runtime_init/runtime_init.c.o
                0x10001d38                runtime_init_install_ram_vector_table
 .text.start_all_ticks
                0x10001d54       0x28 CMakeFiles/pio_matrix.dir/home/mdlos/.pico-sdk/sdk/2.1.0/src/rp2_common/pico_runtime_init/runtime_init_clocks.c.o
 .text.runtime_init_clocks
                0x10001d7c       0xcc CMakeFiles/pio_matrix.dir/home/mdlos/.pico-sdk/sdk/2.1.0/src/rp2_common/pico_runtime_init/runtime_init_clocks.c.o
                0x10001d7c                runtime_init_clocks
 .text          0x10001e48       0x10 CMakeFiles/pio_matrix.dir/home/mdlos/.pico-sdk/sdk/2.1.0/src/rp2_common/pico_bit_ops/bit_ops_aeabi.S.o
 .text.__wrap___aeabi_idiv
                0x10001e58       0x50 CMakeFiles/pio_matrix.dir/home/mdlos/.pico-sdk/sdk/2.1.0/src/rp2_common/pico_divider/divider_hardware.S.o
                0x10001e58                __wrap___aeabi_idivmod
                0x10001e58                divmod_s32s32
                0x10001e58                div_s32s32
                0x10001e58                __wrap___aeabi_idiv
                0x10001e60                divmod_s32s32_unsafe
                0x10001e8c                divmod_s32s32_savestate
 .text.__wrap___aeabi_uidiv
                0x10001ea8       0x4c CMakeFiles/pio_matrix.dir/home/mdlos/.pico-sdk/sdk/2.1.0/src/rp2_common/pico_divider/divider_hardware.S.o
                0x10001ea8                __wrap___aeabi_uidiv
                0x10001ea8                __wrap___aeabi_uidivmod
                0x10001ea8                div_u32u32
                0x10001ea8                divmod_u32u32
                0x10001eb0                divmod_u32u32_unsafe
                0x10001ed8                divmod_u32u32_savestate
 .text.__wrap___aeabi_ldiv
                0x10001ef4      0x424 CMakeFiles/pio_matrix.dir/home/mdlos/.pico-sdk/sdk/2.1.0/src/rp2_common/pico_divider/divider_hardware.S.o
                0x10001ef4                div_s64s64
                0x10001ef4                divmod_s64s64
                0x10001ef4                __wrap___aeabi_ldivmod
                0x10001f24                div_u64u64
                0x10001f24                divmod_u64u64
                0x10001f24                __wrap___aeabi_uldivmod
                0x10001f34                divmod_u64u64_savestate
                0x10001f54                divmod_s64s64_unsafe
                0x10001fdc                divmod_u64u64_unsafe
 .text.__wrap___aeabi_darithmetic
                0x10002318       0x60 CMakeFiles/pio_matrix.dir/home/mdlos/.pico-sdk/sdk/2.1.0/src/rp2_common/pico_double/double_aeabi_rp2040.S.o
                0x10002318                __wrap___aeabi_drsub
                0x1000231e                __wrap___aeabi_dsub
                0x10002328                __wrap___aeabi_dadd
                0x10002332                __wrap___aeabi_ddiv
                0x10002366                __wrap___aeabi_dmul
 .text.__wrap___aeabi_cdcmple
                0x10002378       0x6c CMakeFiles/pio_matrix.dir/home/mdlos/.pico-sdk/sdk/2.1.0/src/rp2_common/pico_double/double_aeabi_rp2040.S.o
                0x10002378                __wrap___aeabi_cdrcmple
                0x10002388                __wrap___aeabi_cdcmple
                0x10002388                __wrap___aeabi_cdcmpeq
 .text.__wrap___aeabi_dcmplt
                0x100023e4        0xc CMakeFiles/pio_matrix.dir/home/mdlos/.pico-sdk/sdk/2.1.0/src/rp2_common/pico_double/double_aeabi_rp2040.S.o
                0x100023e4                __wrap___aeabi_dcmplt
 .text.__wrap___aeabi_dcmple
                0x100023f0       0x10 CMakeFiles/pio_matrix.dir/home/mdlos/.pico-sdk/sdk/2.1.0/src/rp2_common/pico_double/double_aeabi_rp2040.S.o
                0x100023f0                __wrap___aeabi_dcmple
 .text.__wrap___aeabi_dcmpge
                0x10002400       0x10 CMakeFiles/pio_matrix.dir/home/mdlos/.pico-sdk/sdk/2.1.0/src/rp2_common/pico_double/double_aeabi_rp2040.S.o
                0x10002400                __wrap___aeabi_dcmpge
 .text.__wrap___aeabi_dcmpgt
                0x10002410        0xa CMakeFiles/pio_matrix.dir/home/mdlos/.pico-sdk/sdk/2.1.0/src/rp2_common/pico_double/double_aeabi_rp2040.S.o
                0x10002410                __wrap___aeabi_dcmpgt
 .text.__wrap___aeabi_dcmpun
                0x1000241a       0x18 CMakeFiles/pio_matrix.dir/home/mdlos/.pico-sdk/sdk/2.1.0/src/rp2_common/pico_double/double_aeabi_rp2040.S.o
                0x1000241a                __wrap___aeabi_dcmpun
 *fill*         0x10002432        0x2 
 .text.__wrap___aeabi_i2d
                0x10002434       0x38 CMakeFiles/pio_matrix.dir/home/mdlos/.pico-sdk/sdk/2.1.0/src/rp2_common/pico_double/double_aeabi_rp2040.S.o
                0x10002434                __wrap___aeabi_ui2d
                0x1000243c                __wrap___aeabi_i2d
 .text.__wrap___aeabi_d2iz
                0x1000246c       0x48 CMakeFiles/pio_matrix.dir/home/mdlos/.pico-sdk/sdk/2.1.0/src/rp2_common/pico_double/double_aeabi_rp2040.S.o
                0x1000246c                __wrap___aeabi_d2iz
                0x1000246c                double2int_z
 .text.__wrap___aeabi_d2uiz
                0x100024b4       0x10 CMakeFiles/pio_matrix.dir/home/mdlos/.pico-sdk/sdk/2.1.0/src/rp2_common/pico_double/double_aeabi_rp2040.S.o
                0x100024b4                double2uint
                0x100024b4                __wrap___aeabi_d2uiz
 .text.__wrap___aeabi_d2f
                0x100024c4       0x10 CMakeFiles/pio_matrix.dir/home/mdlos/.pico-sdk/sdk/2.1.0/src/rp2_common/pico_double/double_aeabi_rp2040.S.o
                0x100024c4                __wrap___aeabi_d2f
 .text.missing_double_func_shim
                0x100024d4        0xc CMakeFiles/pio_matrix.dir/home/mdlos/.pico-sdk/sdk/2.1.0/src/rp2_common/pico_double/double_init_rom_rp2040.c.o
 .text.__aeabi_double_init
                0x100024e0       0xd0 CMakeFiles/pio_matrix.dir/home/mdlos/.pico-sdk/sdk/2.1.0/src/rp2_common/pico_double/double_init_rom_rp2040.c.o
                0x100024e0                __aeabi_double_init
 .text.double_table_shim_on_use_helper
                0x100025b0       0x34 CMakeFiles/pio_matrix.dir/home/mdlos/.pico-sdk/sdk/2.1.0/src/rp2_common/pico_double/double_v1_rom_shim_rp2040.S.o
                0x100025b0                double_table_shim_on_use_helper
 .text.__aeabi_lmul
                0x100025e4       0x32 CMakeFiles/pio_matrix.dir/home/mdlos/.pico-sdk/sdk/2.1.0/src/rp2_common/pico_int64_ops/pico_int64_ops_aeabi.S.o
                0x100025e4                __wrap___aeabi_lmul
 *fill*         0x10002616        0x2 
 .text.__wrap___aeabi_farithmetic
                0x10002618       0x48 CMakeFiles/pio_matrix.dir/home/mdlos/.pico-sdk/sdk/2.1.0/src/rp2_common/pico_float/float_aeabi_rp2040.S.o
                0x10002618                __wrap___aeabi_frsub
                0x1000261e                __wrap___aeabi_fsub
                0x10002624                __wrap___aeabi_fadd
                0x1000262a                __wrap___aeabi_fdiv
                0x10002652                __wrap___aeabi_fmul
 .text.__wrap___aeabi_ui2f
                0x10002660        0xa CMakeFiles/pio_matrix.dir/home/mdlos/.pico-sdk/sdk/2.1.0/src/rp2_common/pico_float/float_aeabi_rp2040.S.o
                0x10002660                uint2float
                0x10002660                __wrap___aeabi_ui2f
 *fill*         0x1000266a        0x2 
 .text.__wrap___aeabi_i2f
                0x1000266c       0x44 CMakeFiles/pio_matrix.dir/home/mdlos/.pico-sdk/sdk/2.1.0/src/rp2_common/pico_float/float_aeabi_rp2040.S.o
                0x1000266c                int2float
                0x1000266c                __wrap___aeabi_i2f
 .text.__wrap___aeabi_f2uiz
                0x100026b0        0xc CMakeFiles/pio_matrix.dir/home/mdlos/.pico-sdk/sdk/2.1.0/src/rp2_common/pico_float/float_aeabi_rp2040.S.o
                0x100026b0                float2uint_z
                0x100026b0                __wrap___aeabi_f2uiz
 .text.missing_float_func_shim
                0x100026bc        0xc CMakeFiles/pio_matrix.dir/home/mdlos/.pico-sdk/sdk/2.1.0/src/rp2_common/pico_float/float_init_rom_rp2040.c.o
 .text.__aeabi_float_init
                0x100026c8       0x88 CMakeFiles/pio_matrix.dir/home/mdlos/.pico-sdk/sdk/2.1.0/src/rp2_common/pico_float/float_init_rom_rp2040.c.o
                0x100026c8                __aeabi_float_init
 .text          0x10002750       0x10 CMakeFiles/pio_matrix.dir/home/mdlos/.pico-sdk/sdk/2.1.0/src/rp2_common/pico_mem_ops/mem_ops_aeabi.S.o
                0x10002750                __aeabi_mem_init
 .text.memset   0x10002760        0xc CMakeFiles/pio_matrix.dir/home/mdlos/.pico-sdk/sdk/2.1.0/src/rp2_common/pico_mem_ops/mem_ops_aeabi.S.o
                0x10002760                __wrap_memset
 .text.memcpy   0x1000276c        0xc CMakeFiles/pio_matrix.dir/home/mdlos/.pico-sdk/sdk/2.1.0/src/rp2_common/pico_mem_ops/mem_ops_aeabi.S.o
                0x1000276c                __wrap___aeabi_memcpy
                0x1000276c                __wrap_memcpy
 .text._out_null
                0x10002778        0x2 CMakeFiles/pio_matrix.dir/home/mdlos/.pico-sdk/sdk/2.1.0/src/rp2_common/pico_printf/printf.c.o
 .text._out_fct
                0x1000277a        0xe CMakeFiles/pio_matrix.dir/home/mdlos/.pico-sdk/sdk/2.1.0/src/rp2_common/pico_printf/printf.c.o
 .text._atoi    0x10002788       0x24 CMakeFiles/pio_matrix.dir/home/mdlos/.pico-sdk/sdk/2.1.0/src/rp2_common/pico_printf/printf.c.o
 .text._out_rev
                0x100027ac       0xae CMakeFiles/pio_matrix.dir/home/mdlos/.pico-sdk/sdk/2.1.0/src/rp2_common/pico_printf/printf.c.o
 .text._ntoa_format
                0x1000285a      0x110 CMakeFiles/pio_matrix.dir/home/mdlos/.pico-sdk/sdk/2.1.0/src/rp2_common/pico_printf/printf.c.o
 .text._ntoa_long
                0x1000296a       0xbc CMakeFiles/pio_matrix.dir/home/mdlos/.pico-sdk/sdk/2.1.0/src/rp2_common/pico_printf/printf.c.o
 .text._ntoa_long_long
                0x10002a26      0x10e CMakeFiles/pio_matrix.dir/home/mdlos/.pico-sdk/sdk/2.1.0/src/rp2_common/pico_printf/printf.c.o
 .text._etoa    0x10002b34      0x420 CMakeFiles/pio_matrix.dir/home/mdlos/.pico-sdk/sdk/2.1.0/src/rp2_common/pico_printf/printf.c.o
 .text._ftoa    0x10002f54      0x354 CMakeFiles/pio_matrix.dir/home/mdlos/.pico-sdk/sdk/2.1.0/src/rp2_common/pico_printf/printf.c.o
 .text._vsnprintf
                0x100032a8      0x668 CMakeFiles/pio_matrix.dir/home/mdlos/.pico-sdk/sdk/2.1.0/src/rp2_common/pico_printf/printf.c.o
 .text.vfctprintf
                0x10003910       0x20 CMakeFiles/pio_matrix.dir/home/mdlos/.pico-sdk/sdk/2.1.0/src/rp2_common/pico_printf/printf.c.o
                0x10003910                vfctprintf
 .text._exit    0x10003930        0x4 CMakeFiles/pio_matrix.dir/home/mdlos/.pico-sdk/sdk/2.1.0/src/rp2_common/pico_clib_interface/newlib_interface.c.o
                0x10003930                _exit
 .text.exit     0x10003934        0x6 CMakeFiles/pio_matrix.dir/home/mdlos/.pico-sdk/sdk/2.1.0/src/rp2_common/pico_clib_interface/newlib_interface.c.o
                0x10003934                exit
 *fill*         0x1000393a        0x2 
 .text.__assert_func
                0x1000393c       0x38 CMakeFiles/pio_matrix.dir/home/mdlos/.pico-sdk/sdk/2.1.0/src/rp2_common/pico_clib_interface/newlib_interface.c.o
                0x1000393c                __assert_func
 .text.runtime_init
                0x10003974       0x28 CMakeFiles/pio_matrix.dir/home/mdlos/.pico-sdk/sdk/2.1.0/src/rp2_common/pico_clib_interface/newlib_interface.c.o
                0x10003974                runtime_init
 .text.stdio_out_chars_no_crlf
                0x1000399c        0xe CMakeFiles/pio_matrix.dir/home/mdlos/.pico-sdk/sdk/2.1.0/src/rp2_common/pico_stdio/stdio.c.o
 *fill*         0x100039aa        0x2 
 .text.stdio_out_chars_crlf
                0x100039ac       0x80 CMakeFiles/pio_matrix.dir/home/mdlos/.pico-sdk/sdk/2.1.0/src/rp2_common/pico_stdio/stdio.c.o
 .text.stdio_stack_buffer_flush
                0x10003a2c       0x44 CMakeFiles/pio_matrix.dir/home/mdlos/.pico-sdk/sdk/2.1.0/src/rp2_common/pico_stdio/stdio.c.o
 .text.stdio_buffered_printer
                0x10003a70       0x20 CMakeFiles/pio_matrix.dir/home/mdlos/.pico-sdk/sdk/2.1.0/src/rp2_common/pico_stdio/stdio.c.o
 .text.stdout_serialize_begin
                0x10003a90       0x30 CMakeFiles/pio_matrix.dir/home/mdlos/.pico-sdk/sdk/2.1.0/src/rp2_common/pico_stdio/stdio.c.o
                0x10003a90                stdout_serialize_begin
 .text.stdout_serialize_end
                0x10003ac0       0x10 CMakeFiles/pio_matrix.dir/home/mdlos/.pico-sdk/sdk/2.1.0/src/rp2_common/pico_stdio/stdio.c.o
                0x10003ac0                stdout_serialize_end
 .text.stdio_put_string
                0x10003ad0       0x94 CMakeFiles/pio_matrix.dir/home/mdlos/.pico-sdk/sdk/2.1.0/src/rp2_common/pico_stdio/stdio.c.o
                0x10003ad0                stdio_put_string
 .text.stdio_set_driver_enabled
                0x10003b64       0x2c CMakeFiles/pio_matrix.dir/home/mdlos/.pico-sdk/sdk/2.1.0/src/rp2_common/pico_stdio/stdio.c.o
                0x10003b64                stdio_set_driver_enabled
 .text.stdio_flush
                0x10003b90       0x20 CMakeFiles/pio_matrix.dir/home/mdlos/.pico-sdk/sdk/2.1.0/src/rp2_common/pico_stdio/stdio.c.o
                0x10003b90                stdio_flush
 .text.stdio_init_all
                0x10003bb0        0x8 CMakeFiles/pio_matrix.dir/home/mdlos/.pico-sdk/sdk/2.1.0/src/rp2_common/pico_stdio/stdio.c.o
                0x10003bb0                stdio_init_all
 .text.__wrap_puts
                0x10003bb8       0x1e CMakeFiles/pio_matrix.dir/home/mdlos/.pico-sdk/sdk/2.1.0/src/rp2_common/pico_stdio/stdio.c.o
                0x10003bb8                __wrap_puts
                0x10003bb8                stdio_puts
 *fill*         0x10003bd6        0x2 
 .text.__wrap_vprintf
                0x10003bd8       0x40 CMakeFiles/pio_matrix.dir/home/mdlos/.pico-sdk/sdk/2.1.0/src/rp2_common/pico_stdio/stdio.c.o
                0x10003bd8                __wrap_vprintf
                0x10003bd8                stdio_vprintf
 .text.__wrap_printf
                0x10003c18       0x18 CMakeFiles/pio_matrix.dir/home/mdlos/.pico-sdk/sdk/2.1.0/src/rp2_common/pico_stdio/stdio.c.o
                0x10003c18                stdio_printf
                0x10003c18                __wrap_printf
 .text.resetd_init
                0x10003c30        0x2 CMakeFiles/pio_matrix.dir/home/mdlos/.pico-sdk/sdk/2.1.0/src/rp2_common/pico_stdio_usb/reset_interface.c.o
 *fill*         0x10003c32        0x2 
 .text.resetd_reset
                0x10003c34        0xc CMakeFiles/pio_matrix.dir/home/mdlos/.pico-sdk/sdk/2.1.0/src/rp2_common/pico_stdio_usb/reset_interface.c.o
 .text.resetd_open
                0x10003c40       0x34 CMakeFiles/pio_matrix.dir/home/mdlos/.pico-sdk/sdk/2.1.0/src/rp2_common/pico_stdio_usb/reset_interface.c.o
 .text.resetd_xfer_cb
                0x10003c74        0x4 CMakeFiles/pio_matrix.dir/home/mdlos/.pico-sdk/sdk/2.1.0/src/rp2_common/pico_stdio_usb/reset_interface.c.o
 .text.resetd_control_xfer_cb
                0x10003c78       0x60 CMakeFiles/pio_matrix.dir/home/mdlos/.pico-sdk/sdk/2.1.0/src/rp2_common/pico_stdio_usb/reset_interface.c.o
 .text.tud_descriptor_bos_cb
                0x10003cd8        0x8 CMakeFiles/pio_matrix.dir/home/mdlos/.pico-sdk/sdk/2.1.0/src/rp2_common/pico_stdio_usb/reset_interface.c.o
                0x10003cd8                tud_descriptor_bos_cb
 .text.tud_vendor_control_xfer_cb
                0x10003ce0       0x38 CMakeFiles/pio_matrix.dir/home/mdlos/.pico-sdk/sdk/2.1.0/src/rp2_common/pico_stdio_usb/reset_interface.c.o
                0x10003ce0                tud_vendor_control_xfer_cb
 .text.usbd_app_driver_get_cb
                0x10003d18        0xc CMakeFiles/pio_matrix.dir/home/mdlos/.pico-sdk/sdk/2.1.0/src/rp2_common/pico_stdio_usb/reset_interface.c.o
                0x10003d18                usbd_app_driver_get_cb
 .text.tud_cdc_line_coding_cb
                0x10003d24       0x2c CMakeFiles/pio_matrix.dir/home/mdlos/.pico-sdk/sdk/2.1.0/src/rp2_common/pico_stdio_usb/reset_interface.c.o
                0x10003d24                tud_cdc_line_coding_cb
 .text.stdio_usb_set_chars_available_callback
                0x10003d50       0x14 CMakeFiles/pio_matrix.dir/home/mdlos/.pico-sdk/sdk/2.1.0/src/rp2_common/pico_stdio_usb/stdio_usb.c.o
                0x10003d50                stdio_usb_set_chars_available_callback
 .text.stdio_usb_out_flush
                0x10003d64       0x4c CMakeFiles/pio_matrix.dir/home/mdlos/.pico-sdk/sdk/2.1.0/src/rp2_common/pico_stdio_usb/stdio_usb.c.o
 .text.usb_irq  0x10003db0       0x10 CMakeFiles/pio_matrix.dir/home/mdlos/.pico-sdk/sdk/2.1.0/src/rp2_common/pico_stdio_usb/stdio_usb.c.o
 .text.critical_section_enter_blocking
                0x10003dc0       0x16 CMakeFiles/pio_matrix.dir/home/mdlos/.pico-sdk/sdk/2.1.0/src/rp2_common/pico_stdio_usb/stdio_usb.c.o
 *fill*         0x10003dd6        0x2 
 .text.timer_task
                0x10003dd8       0x60 CMakeFiles/pio_matrix.dir/home/mdlos/.pico-sdk/sdk/2.1.0/src/rp2_common/pico_stdio_usb/stdio_usb.c.o
 .text.alarm_pool_add_alarm_in_us
                0x10003e38       0x40 CMakeFiles/pio_matrix.dir/home/mdlos/.pico-sdk/sdk/2.1.0/src/rp2_common/pico_stdio_usb/stdio_usb.c.o
 .text.add_alarm_in_us
                0x10003e78       0x2e CMakeFiles/pio_matrix.dir/home/mdlos/.pico-sdk/sdk/2.1.0/src/rp2_common/pico_stdio_usb/stdio_usb.c.o
 *fill*         0x10003ea6        0x2 
 .text.low_priority_worker_irq
                0x10003ea8       0xa0 CMakeFiles/pio_matrix.dir/home/mdlos/.pico-sdk/sdk/2.1.0/src/rp2_common/pico_stdio_usb/stdio_usb.c.o
 .text.stdio_usb_init
                0x10003f48       0xdc CMakeFiles/pio_matrix.dir/home/mdlos/.pico-sdk/sdk/2.1.0/src/rp2_common/pico_stdio_usb/stdio_usb.c.o
                0x10003f48                stdio_usb_init
 .text.stdio_usb_connected
                0x10004024        0xa CMakeFiles/pio_matrix.dir/home/mdlos/.pico-sdk/sdk/2.1.0/src/rp2_common/pico_stdio_usb/stdio_usb.c.o
                0x10004024                stdio_usb_connected
 *fill*         0x1000402e        0x2 
 .text.stdio_usb_in_chars
                0x10004030       0x98 CMakeFiles/pio_matrix.dir/home/mdlos/.pico-sdk/sdk/2.1.0/src/rp2_common/pico_stdio_usb/stdio_usb.c.o
                0x10004030                stdio_usb_in_chars
 .text.stdio_usb_out_chars
                0x100040c8       0xe8 CMakeFiles/pio_matrix.dir/home/mdlos/.pico-sdk/sdk/2.1.0/src/rp2_common/pico_stdio_usb/stdio_usb.c.o
 .text.tud_descriptor_device_cb
                0x100041b0        0x8 CMakeFiles/pio_matrix.dir/home/mdlos/.pico-sdk/sdk/2.1.0/src/rp2_common/pico_stdio_usb/stdio_usb_descriptors.c.o
                0x100041b0                tud_descriptor_device_cb
 .text.tud_descriptor_configuration_cb
                0x100041b8        0x8 CMakeFiles/pio_matrix.dir/home/mdlos/.pico-sdk/sdk/2.1.0/src/rp2_common/pico_stdio_usb/stdio_usb_descriptors.c.o
                0x100041b8                tud_descriptor_configuration_cb
 .text.tud_descriptor_string_cb
                0x100041c0       0x6c CMakeFiles/pio_matrix.dir/home/mdlos/.pico-sdk/sdk/2.1.0/src/rp2_common/pico_stdio_usb/stdio_usb_descriptors.c.o
                0x100041c0                tud_descriptor_string_cb
 .text._retrieve_unique_id_on_boot
                0x1000422c       0x10 CMakeFiles/pio_matrix.dir/home/mdlos/.pico-sdk/sdk/2.1.0/src/rp2_common/pico_unique_id/unique_id.c.o
 .text.pico_get_unique_board_id_string
                0x1000423c       0x5c CMakeFiles/pio_matrix.dir/home/mdlos/.pico-sdk/sdk/2.1.0/src/rp2_common/pico_unique_id/unique_id.c.o
                0x1000423c                pico_get_unique_board_id_string
 .text.flash_get_unique_id
                0x10004298       0x40 CMakeFiles/pio_matrix.dir/home/mdlos/.pico-sdk/sdk/2.1.0/src/rp2_common/hardware_flash/flash.c.o
                0x10004298                flash_get_unique_id
 .text._hw_endpoint_alloc
                0x100042d8       0x70 CMakeFiles/pio_matrix.dir/home/mdlos/.pico-sdk/sdk/2.1.0/lib/tinyusb/src/portable/raspberrypi/rp2040/dcd_rp2040.c.o
 .text.hw_endpoint_init
                0x10004348       0xbc CMakeFiles/pio_matrix.dir/home/mdlos/.pico-sdk/sdk/2.1.0/lib/tinyusb/src/portable/raspberrypi/rp2040/dcd_rp2040.c.o
 .text.hw_endpoint_xfer
                0x10004404       0x20 CMakeFiles/pio_matrix.dir/home/mdlos/.pico-sdk/sdk/2.1.0/lib/tinyusb/src/portable/raspberrypi/rp2040/dcd_rp2040.c.o
 .text.dcd_int_enable
                0x10004424       0x2c CMakeFiles/pio_matrix.dir/home/mdlos/.pico-sdk/sdk/2.1.0/lib/tinyusb/src/portable/raspberrypi/rp2040/dcd_rp2040.c.o
                0x10004424                dcd_int_enable
 .text.dcd_set_address
                0x10004450       0x2c CMakeFiles/pio_matrix.dir/home/mdlos/.pico-sdk/sdk/2.1.0/lib/tinyusb/src/portable/raspberrypi/rp2040/dcd_rp2040.c.o
                0x10004450                dcd_set_address
 .text.dcd_connect
                0x1000447c       0x10 CMakeFiles/pio_matrix.dir/home/mdlos/.pico-sdk/sdk/2.1.0/lib/tinyusb/src/portable/raspberrypi/rp2040/dcd_rp2040.c.o
                0x1000447c                dcd_connect
 .text.dcd_init
                0x1000448c       0x80 CMakeFiles/pio_matrix.dir/home/mdlos/.pico-sdk/sdk/2.1.0/lib/tinyusb/src/portable/raspberrypi/rp2040/dcd_rp2040.c.o
                0x1000448c                dcd_init
 .text.dcd_sof_enable
                0x1000450c       0x1c CMakeFiles/pio_matrix.dir/home/mdlos/.pico-sdk/sdk/2.1.0/lib/tinyusb/src/portable/raspberrypi/rp2040/dcd_rp2040.c.o
                0x1000450c                dcd_sof_enable
 .text.dcd_edpt0_status_complete
                0x10004528       0x1c CMakeFiles/pio_matrix.dir/home/mdlos/.pico-sdk/sdk/2.1.0/lib/tinyusb/src/portable/raspberrypi/rp2040/dcd_rp2040.c.o
                0x10004528                dcd_edpt0_status_complete
 .text.dcd_edpt_open
                0x10004544       0x40 CMakeFiles/pio_matrix.dir/home/mdlos/.pico-sdk/sdk/2.1.0/lib/tinyusb/src/portable/raspberrypi/rp2040/dcd_rp2040.c.o
                0x10004544                dcd_edpt_open
 .text.dcd_edpt_close_all
                0x10004584        0x8 CMakeFiles/pio_matrix.dir/home/mdlos/.pico-sdk/sdk/2.1.0/lib/tinyusb/src/portable/raspberrypi/rp2040/dcd_rp2040.c.o
                0x10004584                dcd_edpt_close_all
 .text.dcd_edpt_xfer
                0x1000458c       0x30 CMakeFiles/pio_matrix.dir/home/mdlos/.pico-sdk/sdk/2.1.0/lib/tinyusb/src/portable/raspberrypi/rp2040/dcd_rp2040.c.o
                0x1000458c                dcd_edpt_xfer
 .text.dcd_edpt_stall
                0x100045bc       0x3c CMakeFiles/pio_matrix.dir/home/mdlos/.pico-sdk/sdk/2.1.0/lib/tinyusb/src/portable/raspberrypi/rp2040/dcd_rp2040.c.o
                0x100045bc                dcd_edpt_stall
 .text.dcd_edpt_clear_stall
                0x100045f8       0x30 CMakeFiles/pio_matrix.dir/home/mdlos/.pico-sdk/sdk/2.1.0/lib/tinyusb/src/portable/raspberrypi/rp2040/dcd_rp2040.c.o
                0x100045f8                dcd_edpt_clear_stall
 .text.unaligned_memcpy
                0x10004628       0x14 CMakeFiles/pio_matrix.dir/home/mdlos/.pico-sdk/sdk/2.1.0/lib/tinyusb/src/portable/raspberrypi/rp2040/rp2040_usb.c.o
 .text.rp2040_usb_init
                0x1000463c       0x44 CMakeFiles/pio_matrix.dir/home/mdlos/.pico-sdk/sdk/2.1.0/lib/tinyusb/src/portable/raspberrypi/rp2040/rp2040_usb.c.o
                0x1000463c                rp2040_usb_init
 .text.hw_endpoint_xfer_start
                0x10004680       0x60 CMakeFiles/pio_matrix.dir/home/mdlos/.pico-sdk/sdk/2.1.0/lib/tinyusb/src/portable/raspberrypi/rp2040/rp2040_usb.c.o
                0x10004680                hw_endpoint_xfer_start
 .text.configuration_reset
                0x100046e0       0x84 CMakeFiles/pio_matrix.dir/home/mdlos/.pico-sdk/sdk/2.1.0/lib/tinyusb/src/device/usbd.c.o
 .text.critical_section_enter_blocking
                0x10004764       0x16 CMakeFiles/pio_matrix.dir/home/mdlos/.pico-sdk/sdk/2.1.0/lib/tinyusb/src/device/usbd.c.o
 .text.usbd_reset
                0x1000477a        0xc CMakeFiles/pio_matrix.dir/home/mdlos/.pico-sdk/sdk/2.1.0/lib/tinyusb/src/device/usbd.c.o
 .text.invoke_class_control
                0x10004786       0x1a CMakeFiles/pio_matrix.dir/home/mdlos/.pico-sdk/sdk/2.1.0/lib/tinyusb/src/device/usbd.c.o
 .text.process_set_config
                0x100047a0      0x1b0 CMakeFiles/pio_matrix.dir/home/mdlos/.pico-sdk/sdk/2.1.0/lib/tinyusb/src/device/usbd.c.o
 .text.tud_event_hook_cb
                0x10004950        0x2 CMakeFiles/pio_matrix.dir/home/mdlos/.pico-sdk/sdk/2.1.0/lib/tinyusb/src/device/usbd.c.o
                0x10004950                tud_event_hook_cb
 .text.tud_sof_cb
                0x10004952        0x2 CMakeFiles/pio_matrix.dir/home/mdlos/.pico-sdk/sdk/2.1.0/lib/tinyusb/src/device/usbd.c.o
                0x10004952                tud_sof_cb
 .text.tud_descriptor_device_qualifier_cb
                0x10004954        0x4 CMakeFiles/pio_matrix.dir/home/mdlos/.pico-sdk/sdk/2.1.0/lib/tinyusb/src/device/usbd.c.o
                0x10004954                tud_descriptor_device_qualifier_cb
 .text.tud_descriptor_other_speed_configuration_cb
                0x10004958        0x4 CMakeFiles/pio_matrix.dir/home/mdlos/.pico-sdk/sdk/2.1.0/lib/tinyusb/src/device/usbd.c.o
                0x10004958                tud_descriptor_other_speed_configuration_cb
 .text.process_get_descriptor
                0x1000495c       0xe0 CMakeFiles/pio_matrix.dir/home/mdlos/.pico-sdk/sdk/2.1.0/lib/tinyusb/src/device/usbd.c.o
 .text.tud_mount_cb
                0x10004a3c        0x2 CMakeFiles/pio_matrix.dir/home/mdlos/.pico-sdk/sdk/2.1.0/lib/tinyusb/src/device/usbd.c.o
                0x10004a3c                tud_mount_cb
 .text.tud_umount_cb
                0x10004a3e        0x2 CMakeFiles/pio_matrix.dir/home/mdlos/.pico-sdk/sdk/2.1.0/lib/tinyusb/src/device/usbd.c.o
                0x10004a3e                tud_umount_cb
 .text.tud_suspend_cb
                0x10004a40        0x2 CMakeFiles/pio_matrix.dir/home/mdlos/.pico-sdk/sdk/2.1.0/lib/tinyusb/src/device/usbd.c.o
                0x10004a40                tud_suspend_cb
 .text.tud_resume_cb
                0x10004a42        0x2 CMakeFiles/pio_matrix.dir/home/mdlos/.pico-sdk/sdk/2.1.0/lib/tinyusb/src/device/usbd.c.o
                0x10004a42                tud_resume_cb
 .text.tud_mounted
                0x10004a44       0x10 CMakeFiles/pio_matrix.dir/home/mdlos/.pico-sdk/sdk/2.1.0/lib/tinyusb/src/device/usbd.c.o
                0x10004a44                tud_mounted
 .text.tud_suspended
                0x10004a54       0x10 CMakeFiles/pio_matrix.dir/home/mdlos/.pico-sdk/sdk/2.1.0/lib/tinyusb/src/device/usbd.c.o
                0x10004a54                tud_suspended
 .text.tud_inited
                0x10004a64       0x14 CMakeFiles/pio_matrix.dir/home/mdlos/.pico-sdk/sdk/2.1.0/lib/tinyusb/src/device/usbd.c.o
                0x10004a64                tud_inited
 .text.tud_init
                0x10004a78       0xdc CMakeFiles/pio_matrix.dir/home/mdlos/.pico-sdk/sdk/2.1.0/lib/tinyusb/src/device/usbd.c.o
                0x10004a78                tud_init
 .text.usbd_edpt_open
                0x10004b54       0x60 CMakeFiles/pio_matrix.dir/home/mdlos/.pico-sdk/sdk/2.1.0/lib/tinyusb/src/device/usbd.c.o
                0x10004b54                usbd_edpt_open
 .text.usbd_open_edpt_pair
                0x10004bb4       0x88 CMakeFiles/pio_matrix.dir/home/mdlos/.pico-sdk/sdk/2.1.0/lib/tinyusb/src/device/usbd.c.o
                0x10004bb4                usbd_open_edpt_pair
 .text.usbd_edpt_claim
                0x10004c3c       0x28 CMakeFiles/pio_matrix.dir/home/mdlos/.pico-sdk/sdk/2.1.0/lib/tinyusb/src/device/usbd.c.o
                0x10004c3c                usbd_edpt_claim
 .text.usbd_edpt_release
                0x10004c64       0x28 CMakeFiles/pio_matrix.dir/home/mdlos/.pico-sdk/sdk/2.1.0/lib/tinyusb/src/device/usbd.c.o
                0x10004c64                usbd_edpt_release
 .text.usbd_edpt_xfer
                0x10004c8c       0x88 CMakeFiles/pio_matrix.dir/home/mdlos/.pico-sdk/sdk/2.1.0/lib/tinyusb/src/device/usbd.c.o
                0x10004c8c                usbd_edpt_xfer
 .text.usbd_edpt_stall
                0x10004d14       0x34 CMakeFiles/pio_matrix.dir/home/mdlos/.pico-sdk/sdk/2.1.0/lib/tinyusb/src/device/usbd.c.o
                0x10004d14                usbd_edpt_stall
 .text.usbd_edpt_clear_stall
                0x10004d48       0x34 CMakeFiles/pio_matrix.dir/home/mdlos/.pico-sdk/sdk/2.1.0/lib/tinyusb/src/device/usbd.c.o
                0x10004d48                usbd_edpt_clear_stall
 .text.usbd_edpt_stalled
                0x10004d7c       0x1c CMakeFiles/pio_matrix.dir/home/mdlos/.pico-sdk/sdk/2.1.0/lib/tinyusb/src/device/usbd.c.o
                0x10004d7c                usbd_edpt_stalled
 .text.process_control_request
                0x10004d98      0x390 CMakeFiles/pio_matrix.dir/home/mdlos/.pico-sdk/sdk/2.1.0/lib/tinyusb/src/device/usbd.c.o
 .text.tud_task_ext
                0x10005128      0x1c8 CMakeFiles/pio_matrix.dir/home/mdlos/.pico-sdk/sdk/2.1.0/lib/tinyusb/src/device/usbd.c.o
                0x10005128                tud_task_ext
 .text._status_stage_xact
                0x100052f0       0x1a CMakeFiles/pio_matrix.dir/home/mdlos/.pico-sdk/sdk/2.1.0/lib/tinyusb/src/device/usbd_control.c.o
 *fill*         0x1000530a        0x2 
 .text._data_stage_xact
                0x1000530c       0x60 CMakeFiles/pio_matrix.dir/home/mdlos/.pico-sdk/sdk/2.1.0/lib/tinyusb/src/device/usbd_control.c.o
 .text.tud_control_status
                0x1000536c       0x28 CMakeFiles/pio_matrix.dir/home/mdlos/.pico-sdk/sdk/2.1.0/lib/tinyusb/src/device/usbd_control.c.o
                0x1000536c                tud_control_status
 .text.tud_control_xfer
                0x10005394       0x98 CMakeFiles/pio_matrix.dir/home/mdlos/.pico-sdk/sdk/2.1.0/lib/tinyusb/src/device/usbd_control.c.o
                0x10005394                tud_control_xfer
 .text.usbd_control_reset
                0x1000542c       0x14 CMakeFiles/pio_matrix.dir/home/mdlos/.pico-sdk/sdk/2.1.0/lib/tinyusb/src/device/usbd_control.c.o
                0x1000542c                usbd_control_reset
 .text.usbd_control_set_complete_callback
                0x10005440        0xc CMakeFiles/pio_matrix.dir/home/mdlos/.pico-sdk/sdk/2.1.0/lib/tinyusb/src/device/usbd_control.c.o
                0x10005440                usbd_control_set_complete_callback
 .text.usbd_control_set_request
                0x1000544c       0x1c CMakeFiles/pio_matrix.dir/home/mdlos/.pico-sdk/sdk/2.1.0/lib/tinyusb/src/device/usbd_control.c.o
                0x1000544c                usbd_control_set_request
 .text.usbd_control_xfer_cb
                0x10005468       0xe0 CMakeFiles/pio_matrix.dir/home/mdlos/.pico-sdk/sdk/2.1.0/lib/tinyusb/src/device/usbd_control.c.o
                0x10005468                usbd_control_xfer_cb
 .text._prep_out_transaction
                0x10005548       0x72 CMakeFiles/pio_matrix.dir/home/mdlos/.pico-sdk/sdk/2.1.0/lib/tinyusb/src/class/cdc/cdc_device.c.o
 *fill*         0x100055ba        0x2 
 .text.tud_cdc_n_connected
                0x100055bc       0x38 CMakeFiles/pio_matrix.dir/home/mdlos/.pico-sdk/sdk/2.1.0/lib/tinyusb/src/class/cdc/cdc_device.c.o
                0x100055bc                tud_cdc_n_connected
 .text.tud_cdc_n_available
                0x100055f4       0x18 CMakeFiles/pio_matrix.dir/home/mdlos/.pico-sdk/sdk/2.1.0/lib/tinyusb/src/class/cdc/cdc_device.c.o
                0x100055f4                tud_cdc_n_available
 .text.tud_cdc_n_read
                0x1000560c       0x38 CMakeFiles/pio_matrix.dir/home/mdlos/.pico-sdk/sdk/2.1.0/lib/tinyusb/src/class/cdc/cdc_device.c.o
                0x1000560c                tud_cdc_n_read
 .text.tud_cdc_n_write_flush
                0x10005644       0xcc CMakeFiles/pio_matrix.dir/home/mdlos/.pico-sdk/sdk/2.1.0/lib/tinyusb/src/class/cdc/cdc_device.c.o
                0x10005644                tud_cdc_n_write_flush
 .text.tud_cdc_n_write
                0x10005710       0x48 CMakeFiles/pio_matrix.dir/home/mdlos/.pico-sdk/sdk/2.1.0/lib/tinyusb/src/class/cdc/cdc_device.c.o
                0x10005710                tud_cdc_n_write
 .text.tud_cdc_n_write_available
                0x10005758       0x1c CMakeFiles/pio_matrix.dir/home/mdlos/.pico-sdk/sdk/2.1.0/lib/tinyusb/src/class/cdc/cdc_device.c.o
                0x10005758                tud_cdc_n_write_available
 .text.cdcd_init
                0x10005774       0xc0 CMakeFiles/pio_matrix.dir/home/mdlos/.pico-sdk/sdk/2.1.0/lib/tinyusb/src/class/cdc/cdc_device.c.o
                0x10005774                cdcd_init
 .text.cdcd_deinit
                0x10005834       0x50 CMakeFiles/pio_matrix.dir/home/mdlos/.pico-sdk/sdk/2.1.0/lib/tinyusb/src/class/cdc/cdc_device.c.o
                0x10005834                cdcd_deinit
 .text.cdcd_reset
                0x10005884       0x78 CMakeFiles/pio_matrix.dir/home/mdlos/.pico-sdk/sdk/2.1.0/lib/tinyusb/src/class/cdc/cdc_device.c.o
                0x10005884                cdcd_reset
 .text.cdcd_open
                0x100058fc       0xf0 CMakeFiles/pio_matrix.dir/home/mdlos/.pico-sdk/sdk/2.1.0/lib/tinyusb/src/class/cdc/cdc_device.c.o
                0x100058fc                cdcd_open
 .text.cdcd_control_xfer_cb
                0x100059ec      0x138 CMakeFiles/pio_matrix.dir/home/mdlos/.pico-sdk/sdk/2.1.0/lib/tinyusb/src/class/cdc/cdc_device.c.o
                0x100059ec                cdcd_control_xfer_cb
 .text.cdcd_xfer_cb
                0x10005b24      0x144 CMakeFiles/pio_matrix.dir/home/mdlos/.pico-sdk/sdk/2.1.0/lib/tinyusb/src/class/cdc/cdc_device.c.o
                0x10005b24                cdcd_xfer_cb
 .text.tud_vendor_n_mounted
                0x10005c68       0x40 CMakeFiles/pio_matrix.dir/home/mdlos/.pico-sdk/sdk/2.1.0/lib/tinyusb/src/class/vendor/vendor_device.c.o
                0x10005c68                tud_vendor_n_mounted
 .text.tud_vendor_n_write_flush
                0x10005ca8       0x24 CMakeFiles/pio_matrix.dir/home/mdlos/.pico-sdk/sdk/2.1.0/lib/tinyusb/src/class/vendor/vendor_device.c.o
                0x10005ca8                tud_vendor_n_write_flush
 .text.vendord_init
                0x10005ccc       0x90 CMakeFiles/pio_matrix.dir/home/mdlos/.pico-sdk/sdk/2.1.0/lib/tinyusb/src/class/vendor/vendor_device.c.o
                0x10005ccc                vendord_init
 .text.vendord_deinit
                0x10005d5c       0x34 CMakeFiles/pio_matrix.dir/home/mdlos/.pico-sdk/sdk/2.1.0/lib/tinyusb/src/class/vendor/vendor_device.c.o
                0x10005d5c                vendord_deinit
 .text.vendord_reset
                0x10005d90       0x38 CMakeFiles/pio_matrix.dir/home/mdlos/.pico-sdk/sdk/2.1.0/lib/tinyusb/src/class/vendor/vendor_device.c.o
                0x10005d90                vendord_reset
 .text.vendord_open
                0x10005dc8      0x164 CMakeFiles/pio_matrix.dir/home/mdlos/.pico-sdk/sdk/2.1.0/lib/tinyusb/src/class/vendor/vendor_device.c.o
                0x10005dc8                vendord_open
 .text.vendord_xfer_cb
                0x10005f2c       0xc0 CMakeFiles/pio_matrix.dir/home/mdlos/.pico-sdk/sdk/2.1.0/lib/tinyusb/src/class/vendor/vendor_device.c.o
                0x10005f2c                vendord_xfer_cb
 .text.tusb_init
                0x10005fec       0x24 CMakeFiles/pio_matrix.dir/home/mdlos/.pico-sdk/sdk/2.1.0/lib/tinyusb/src/tusb.c.o
                0x10005fec                tusb_init
 .text.tu_edpt_claim
                0x10006010       0x50 CMakeFiles/pio_matrix.dir/home/mdlos/.pico-sdk/sdk/2.1.0/lib/tinyusb/src/tusb.c.o
                0x10006010                tu_edpt_claim
 .text.tu_edpt_release
                0x10006060       0x38 CMakeFiles/pio_matrix.dir/home/mdlos/.pico-sdk/sdk/2.1.0/lib/tinyusb/src/tusb.c.o
                0x10006060                tu_edpt_release
 .text.tu_edpt_validate
                0x10006098       0xac CMakeFiles/pio_matrix.dir/home/mdlos/.pico-sdk/sdk/2.1.0/lib/tinyusb/src/tusb.c.o
                0x10006098                tu_edpt_validate
 .text.tu_edpt_bind_driver
                0x10006144       0x26 CMakeFiles/pio_matrix.dir/home/mdlos/.pico-sdk/sdk/2.1.0/lib/tinyusb/src/tusb.c.o
                0x10006144                tu_edpt_bind_driver
 .text.tu_edpt_stream_init
                0x1000616a       0x62 CMakeFiles/pio_matrix.dir/home/mdlos/.pico-sdk/sdk/2.1.0/lib/tinyusb/src/tusb.c.o
                0x1000616a                tu_edpt_stream_init
 .text.tu_edpt_stream_deinit
                0x100061cc        0x4 CMakeFiles/pio_matrix.dir/home/mdlos/.pico-sdk/sdk/2.1.0/lib/tinyusb/src/tusb.c.o
                0x100061cc                tu_edpt_stream_deinit
 .text.tu_edpt_stream_write_zlp_if_needed
                0x100061d0       0x80 CMakeFiles/pio_matrix.dir/home/mdlos/.pico-sdk/sdk/2.1.0/lib/tinyusb/src/tusb.c.o
                0x100061d0                tu_edpt_stream_write_zlp_if_needed
 .text.tu_edpt_stream_write_xfer
                0x10006250       0x84 CMakeFiles/pio_matrix.dir/home/mdlos/.pico-sdk/sdk/2.1.0/lib/tinyusb/src/tusb.c.o
                0x10006250                tu_edpt_stream_write_xfer
 .text.tu_edpt_stream_read_xfer
                0x100062d4       0xf4 CMakeFiles/pio_matrix.dir/home/mdlos/.pico-sdk/sdk/2.1.0/lib/tinyusb/src/tusb.c.o
                0x100062d4                tu_edpt_stream_read_xfer
 .text.advance_index
                0x100063c8       0x1a CMakeFiles/pio_matrix.dir/home/mdlos/.pico-sdk/sdk/2.1.0/lib/tinyusb/src/common/tusb_fifo.c.o
 .text._tu_fifo_peek
                0x100063e2       0x56 CMakeFiles/pio_matrix.dir/home/mdlos/.pico-sdk/sdk/2.1.0/lib/tinyusb/src/common/tusb_fifo.c.o
 .text._ff_pull_n
                0x10006438       0x68 CMakeFiles/pio_matrix.dir/home/mdlos/.pico-sdk/sdk/2.1.0/lib/tinyusb/src/common/tusb_fifo.c.o
 .text._tu_fifo_peek_n
                0x100064a0       0x6a CMakeFiles/pio_matrix.dir/home/mdlos/.pico-sdk/sdk/2.1.0/lib/tinyusb/src/common/tusb_fifo.c.o
 .text._tu_fifo_read_n
                0x1000650a       0x4e CMakeFiles/pio_matrix.dir/home/mdlos/.pico-sdk/sdk/2.1.0/lib/tinyusb/src/common/tusb_fifo.c.o
 .text._ff_push_n
                0x10006558       0x68 CMakeFiles/pio_matrix.dir/home/mdlos/.pico-sdk/sdk/2.1.0/lib/tinyusb/src/common/tusb_fifo.c.o
 .text._tu_fifo_write_n
                0x100065c0       0xf0 CMakeFiles/pio_matrix.dir/home/mdlos/.pico-sdk/sdk/2.1.0/lib/tinyusb/src/common/tusb_fifo.c.o
 .text.tu_fifo_config
                0x100066b0       0x7c CMakeFiles/pio_matrix.dir/home/mdlos/.pico-sdk/sdk/2.1.0/lib/tinyusb/src/common/tusb_fifo.c.o
                0x100066b0                tu_fifo_config
 .text.tu_fifo_count
                0x1000672c       0x2a CMakeFiles/pio_matrix.dir/home/mdlos/.pico-sdk/sdk/2.1.0/lib/tinyusb/src/common/tusb_fifo.c.o
                0x1000672c                tu_fifo_count
 .text.tu_fifo_empty
                0x10006756        0xe CMakeFiles/pio_matrix.dir/home/mdlos/.pico-sdk/sdk/2.1.0/lib/tinyusb/src/common/tusb_fifo.c.o
                0x10006756                tu_fifo_empty
 .text.tu_fifo_full
                0x10006764       0x28 CMakeFiles/pio_matrix.dir/home/mdlos/.pico-sdk/sdk/2.1.0/lib/tinyusb/src/common/tusb_fifo.c.o
                0x10006764                tu_fifo_full
 .text.tu_fifo_remaining
                0x1000678c       0x2c CMakeFiles/pio_matrix.dir/home/mdlos/.pico-sdk/sdk/2.1.0/lib/tinyusb/src/common/tusb_fifo.c.o
                0x1000678c                tu_fifo_remaining
 .text.tu_fifo_read
                0x100067b8       0x42 CMakeFiles/pio_matrix.dir/home/mdlos/.pico-sdk/sdk/2.1.0/lib/tinyusb/src/common/tusb_fifo.c.o
                0x100067b8                tu_fifo_read
 .text.tu_fifo_read_n
                0x100067fa        0xa CMakeFiles/pio_matrix.dir/home/mdlos/.pico-sdk/sdk/2.1.0/lib/tinyusb/src/common/tusb_fifo.c.o
                0x100067fa                tu_fifo_read_n
 .text.tu_fifo_write
                0x10006804       0x64 CMakeFiles/pio_matrix.dir/home/mdlos/.pico-sdk/sdk/2.1.0/lib/tinyusb/src/common/tusb_fifo.c.o
                0x10006804                tu_fifo_write
 .text.tu_fifo_write_n
                0x10006868        0xa CMakeFiles/pio_matrix.dir/home/mdlos/.pico-sdk/sdk/2.1.0/lib/tinyusb/src/common/tusb_fifo.c.o
                0x10006868                tu_fifo_write_n
 .text.tu_fifo_clear
                0x10006872       0x3e CMakeFiles/pio_matrix.dir/home/mdlos/.pico-sdk/sdk/2.1.0/lib/tinyusb/src/common/tusb_fifo.c.o
                0x10006872                tu_fifo_clear
 .text.tu_fifo_set_overwritable
                0x100068b0       0x46 CMakeFiles/pio_matrix.dir/home/mdlos/.pico-sdk/sdk/2.1.0/lib/tinyusb/src/common/tusb_fifo.c.o
                0x100068b0                tu_fifo_set_overwritable
 .text.pio_get_default_sm_config
                0x100068f6       0x28 CMakeFiles/pio_matrix.dir/home/mdlos/.pico-sdk/sdk/2.1.0/src/rp2_common/hardware_pio/pio.c.o
 .text.is_program_gpio_compatible
                0x1000691e        0x4 CMakeFiles/pio_matrix.dir/home/mdlos/.pico-sdk/sdk/2.1.0/src/rp2_common/hardware_pio/pio.c.o
 *fill*         0x10006922        0x2 
 .text.add_program_at_offset_check
                0x10006924       0x64 CMakeFiles/pio_matrix.dir/home/mdlos/.pico-sdk/sdk/2.1.0/src/rp2_common/hardware_pio/pio.c.o
 .text.add_program_at_offset
                0x10006988       0x60 CMakeFiles/pio_matrix.dir/home/mdlos/.pico-sdk/sdk/2.1.0/src/rp2_common/hardware_pio/pio.c.o
 .text.find_offset_for_program
                0x100069e8       0x7c CMakeFiles/pio_matrix.dir/home/mdlos/.pico-sdk/sdk/2.1.0/src/rp2_common/hardware_pio/pio.c.o
 .text.pio_claim_unused_sm
                0x10006a64       0x38 CMakeFiles/pio_matrix.dir/home/mdlos/.pico-sdk/sdk/2.1.0/src/rp2_common/hardware_pio/pio.c.o
                0x10006a64                pio_claim_unused_sm
 .text.pio_add_program
                0x10006a9c       0x30 CMakeFiles/pio_matrix.dir/home/mdlos/.pico-sdk/sdk/2.1.0/src/rp2_common/hardware_pio/pio.c.o
                0x10006a9c                pio_add_program
 .text.pio_sm_set_consecutive_pindirs
                0x10006acc       0xb4 CMakeFiles/pio_matrix.dir/home/mdlos/.pico-sdk/sdk/2.1.0/src/rp2_common/hardware_pio/pio.c.o
                0x10006acc                pio_sm_set_consecutive_pindirs
 .text.pio_sm_init
                0x10006b80       0xb4 CMakeFiles/pio_matrix.dir/home/mdlos/.pico-sdk/sdk/2.1.0/src/rp2_common/hardware_pio/pio.c.o
                0x10006b80                pio_sm_init
 .text.strlen   0x10006c34       0x5c /home/mdlos/.pico-sdk/toolchain/13_3_Rel1/bin/../lib/gcc/arm-none-eabi/13.3.1/../../../../arm-none-eabi/lib/thumb/v6-m/nofp/libg.a(libc_a-strlen-stub.o)
                0x10006c34                strlen
 .text          0x10006c90       0x88 /home/mdlos/.pico-sdk/toolchain/13_3_Rel1/bin/../lib/gcc/arm-none-eabi/13.3.1/../../../../arm-none-eabi/lib/thumb/v6-m/nofp/libg.a(libc_a-strcmp.o)
                0x10006c90                strcmp
 *(.fini)
 .fini          0x10006d18        0x4 /home/mdlos/.pico-sdk/toolchain/13_3_Rel1/bin/../lib/gcc/arm-none-eabi/13.3.1/thumb/v6-m/nofp/crti.o
                0x10006d18                _fini
 *fill*         0x10006d1c        0x4 
 .fini.__stub   0x10006d20       0xd0 linker stubs
 *crtbegin.o(.ctors)
 *crtbegin?.o(.ctors)
 *(EXCLUDE_FILE(*crtend.o *crtend?.o) .ctors)
 *(SORT_BY_NAME(.ctors.*))
 *(.ctors)
 *crtbegin.o(.dtors)
 *crtbegin?.o(.dtors)
 *(EXCLUDE_FILE(*crtend.o *crtend?.o) .dtors)
 *(SORT_BY_NAME(.dtors.*))
 *(.dtors)
                0x10006df0                        . = ALIGN (0x4)
                0x10006df0                        PROVIDE (__preinit_array_start = .)
 *(SORT_BY_NAME(.preinit_array.*))
 .preinit_array.00100
                0x10006df0        0x4 CMakeFiles/pio_matrix.dir/home/mdlos/.pico-sdk/sdk/2.1.0/src/rp2_common/pico_runtime_init/runtime_init.c.o
                0x10006df0                __pre_init_runtime_init_early_resets
 .preinit_array.00101
                0x10006df4        0x4 CMakeFiles/pio_matrix.dir/home/mdlos/.pico-sdk/sdk/2.1.0/src/rp2_common/pico_runtime_init/runtime_init.c.o
                0x10006df4                __pre_init_runtime_init_usb_power_down
 .preinit_array.00275
                0x10006df8        0x4 CMakeFiles/pio_matrix.dir/home/mdlos/.pico-sdk/sdk/2.1.0/src/rp2_common/pico_bit_ops/bit_ops_aeabi.S.o
 .preinit_array.00300
                0x10006dfc        0x4 CMakeFiles/pio_matrix.dir/home/mdlos/.pico-sdk/sdk/2.1.0/src/rp2_common/pico_mem_ops/mem_ops_aeabi.S.o
 .preinit_array.00350
                0x10006e00        0x4 CMakeFiles/pio_matrix.dir/home/mdlos/.pico-sdk/sdk/2.1.0/src/rp2_common/pico_double/double_aeabi_rp2040.S.o
 .preinit_array.00350
                0x10006e04        0x4 CMakeFiles/pio_matrix.dir/home/mdlos/.pico-sdk/sdk/2.1.0/src/rp2_common/pico_float/float_aeabi_rp2040.S.o
 .preinit_array.00500
                0x10006e08        0x4 CMakeFiles/pio_matrix.dir/home/mdlos/.pico-sdk/sdk/2.1.0/src/rp2_common/pico_runtime_init/runtime_init.c.o
                0x10006e08                __pre_init_runtime_init_clocks
 .preinit_array.00600
                0x10006e0c        0x4 CMakeFiles/pio_matrix.dir/home/mdlos/.pico-sdk/sdk/2.1.0/src/rp2_common/pico_runtime_init/runtime_init.c.o
                0x10006e0c                __pre_init_runtime_init_post_clock_resets
 .preinit_array.00700
                0x10006e10        0x4 CMakeFiles/pio_matrix.dir/home/mdlos/.pico-sdk/sdk/2.1.0/src/rp2_common/pico_runtime_init/runtime_init.c.o
                0x10006e10                __pre_init_runtime_init_rp2040_gpio_ie_disable
 .preinit_array.01000
                0x10006e14        0x4 CMakeFiles/pio_matrix.dir/home/mdlos/.pico-sdk/sdk/2.1.0/src/rp2_common/pico_runtime_init/runtime_init.c.o
                0x10006e14                __pre_init_runtime_init_spin_locks_reset
 .preinit_array.01100
                0x10006e18        0x4 CMakeFiles/pio_matrix.dir/home/mdlos/.pico-sdk/sdk/2.1.0/src/common/pico_sync/mutex.c.o
                0x10006e18                __pre_init_runtime_init_mutex
 .preinit_array.10080
                0x10006e1c        0x4 CMakeFiles/pio_matrix.dir/home/mdlos/.pico-sdk/sdk/2.1.0/src/rp2_common/pico_runtime_init/runtime_init.c.o
                0x10006e1c                __pre_init_runtime_init_install_ram_vector_table
 .preinit_array.11000
                0x10006e20        0x4 CMakeFiles/pio_matrix.dir/home/mdlos/.pico-sdk/sdk/2.1.0/src/common/pico_time/time.c.o
                0x10006e20                __pre_init_runtime_init_default_alarm_pool
 .preinit_array.YYYYY
                0x10006e24        0x4 CMakeFiles/pio_matrix.dir/home/mdlos/.pico-sdk/sdk/2.1.0/src/rp2_common/pico_runtime/runtime.c.o
                0x10006e24                __pre_init_first_per_core_initializer
 .preinit_array.ZZZZZ.01200
                0x10006e28        0x4 CMakeFiles/pio_matrix.dir/home/mdlos/.pico-sdk/sdk/2.1.0/src/rp2_common/hardware_irq/irq.c.o
                0x10006e28                __pre_init_runtime_init_per_core_irq_priorities
 *(.preinit_array)
                0x10006e2c                        PROVIDE (__preinit_array_end = .)
                0x10006e2c                        . = ALIGN (0x4)
                0x10006e2c                        PROVIDE (__init_array_start = .)
 *(SORT_BY_NAME(.init_array.*))
 *(.init_array)
 .init_array    0x10006e2c        0x4 /home/mdlos/.pico-sdk/toolchain/13_3_Rel1/bin/../lib/gcc/arm-none-eabi/13.3.1/thumb/v6-m/nofp/crtbegin.o
 .init_array    0x10006e30        0x4 CMakeFiles/pio_matrix.dir/home/mdlos/.pico-sdk/sdk/2.1.0/src/rp2_common/pico_unique_id/unique_id.c.o
                0x10006e34                        PROVIDE (__init_array_end = .)
                0x10006e34                        . = ALIGN (0x4)
                [!provide]                        PROVIDE (__fini_array_start = .)
 *(SORT_BY_NAME(.fini_array.*))
 *(.fini_array)
                [!provide]                        PROVIDE (__fini_array_end = .)
 *(.eh_frame*)
 .eh_frame      0x10006e34        0x0 /home/mdlos/.pico-sdk/toolchain/13_3_Rel1/bin/../lib/gcc/arm-none-eabi/13.3.1/thumb/v6-m/nofp/crtbegin.o
                0x10006e34                        . = ALIGN (0x4)

.glue_7         0x10006e34        0x0
 .glue_7        0x10006e34        0x0 linker stubs

.glue_7t        0x10006e34        0x0
 .glue_7t       0x10006e34        0x0 linker stubs

.vfp11_veneer   0x10006e34        0x0
 .vfp11_veneer  0x10006e34        0x0 linker stubs

.v4_bx          0x10006e34        0x0
 .v4_bx         0x10006e34        0x0 linker stubs

.iplt           0x10006e34        0x0
 .iplt          0x10006e34        0x0 /home/mdlos/.pico-sdk/toolchain/13_3_Rel1/bin/../lib/gcc/arm-none-eabi/13.3.1/thumb/v6-m/nofp/crtbegin.o

.rodata         0x10006e38     0x164c
 *(EXCLUDE_FILE(*libm.a: *libc.a:*lib_a-mem*.o *libgcc.a:) .rodata*)
 .rodata.execute_command.str1.4
                0x10006e38      0xd5c CMakeFiles/pio_matrix.dir/pio_matrix.c.o
                                 0xa3 (size before relaxing)
 .rodata.main.str1.4
                0x10007b94       0x5a CMakeFiles/pio_matrix.dir/pio_matrix.c.o
 .rodata.main   0x10007b94       0x88 CMakeFiles/pio_matrix.dir/pio_matrix.c.o
 .rodata.teclado
                0x10007c1c       0x10 CMakeFiles/pio_matrix.dir/pio_matrix.c.o
                0x10007c1c                teclado
 .rodata.linhas
                0x10007c2c        0x4 CMakeFiles/pio_matrix.dir/pio_matrix.c.o
                0x10007c2c                linhas
 .rodata.colunas
                0x10007c30        0x4 CMakeFiles/pio_matrix.dir/pio_matrix.c.o
                0x10007c30                colunas
 .rodata.pio_matrix_program
                0x10007c34        0x8 CMakeFiles/pio_matrix.dir/pio_matrix.c.o
 .rodata.pio_matrix_program_instructions
                0x10007c3c        0xe CMakeFiles/pio_matrix.dir/pio_matrix.c.o
 .rodata.rp2040_chip_version.str1.4
                0x10007c4a       0x79 CMakeFiles/pio_matrix.dir/home/mdlos/.pico-sdk/sdk/2.1.0/src/rp2040/pico_platform/platform.c.o
 *fill*         0x10007c4a        0x2 
 .rodata.__func__.0
                0x10007c4c       0x14 CMakeFiles/pio_matrix.dir/home/mdlos/.pico-sdk/sdk/2.1.0/src/rp2040/pico_platform/platform.c.o
 .rodata.panic.str1.4
                0x10007c60       0x12 CMakeFiles/pio_matrix.dir/home/mdlos/.pico-sdk/sdk/2.1.0/src/rp2_common/pico_platform_panic/panic.c.o
 .rodata.spin_lock_claim_unused.str1.4
                0x10007c60       0x1b CMakeFiles/pio_matrix.dir/home/mdlos/.pico-sdk/sdk/2.1.0/src/rp2_common/hardware_sync/sync.c.o
 .rodata.resolve_j_16.str1.4
                0x10007c60       0x5a CMakeFiles/pio_matrix.dir/home/mdlos/.pico-sdk/sdk/2.1.0/src/rp2_common/hardware_irq/irq.c.o
 .rodata.make_j_16.str1.4
                0x10007c60       0x30 CMakeFiles/pio_matrix.dir/home/mdlos/.pico-sdk/sdk/2.1.0/src/rp2_common/hardware_irq/irq.c.o
 .rodata.irq_set_exclusive_handler.str1.4
                0x10007c60       0x36 CMakeFiles/pio_matrix.dir/home/mdlos/.pico-sdk/sdk/2.1.0/src/rp2_common/hardware_irq/irq.c.o
 .rodata.irq_add_shared_handler.str1.4
                0x10007c60       0xd2 CMakeFiles/pio_matrix.dir/home/mdlos/.pico-sdk/sdk/2.1.0/src/rp2_common/hardware_irq/irq.c.o
 .rodata.irq_add_tail_to_free_list.str1.4
                0x10007c60       0x3a CMakeFiles/pio_matrix.dir/home/mdlos/.pico-sdk/sdk/2.1.0/src/rp2_common/hardware_irq/irq.c.o
 .rodata.user_irq_claim_unused.str1.4
                0x10007c60       0x1b CMakeFiles/pio_matrix.dir/home/mdlos/.pico-sdk/sdk/2.1.0/src/rp2_common/hardware_irq/irq.c.o
 .rodata.__func__.0
                0x10007c60       0x1a CMakeFiles/pio_matrix.dir/home/mdlos/.pico-sdk/sdk/2.1.0/src/rp2_common/hardware_irq/irq.c.o
 *fill*         0x10007c7a        0x2 
 .rodata.__func__.3
                0x10007c7c        0xa CMakeFiles/pio_matrix.dir/home/mdlos/.pico-sdk/sdk/2.1.0/src/rp2_common/hardware_irq/irq.c.o
 *fill*         0x10007c86        0x2 
 .rodata.__func__.4
                0x10007c88        0xd CMakeFiles/pio_matrix.dir/home/mdlos/.pico-sdk/sdk/2.1.0/src/rp2_common/hardware_irq/irq.c.o
 *fill*         0x10007c95        0x3 
 .rodata.__func__.5
                0x10007c98       0x17 CMakeFiles/pio_matrix.dir/home/mdlos/.pico-sdk/sdk/2.1.0/src/rp2_common/hardware_irq/irq.c.o
 *fill*         0x10007caf        0x1 
 .rodata.__func__.6
                0x10007cb0       0x1a CMakeFiles/pio_matrix.dir/home/mdlos/.pico-sdk/sdk/2.1.0/src/rp2_common/hardware_irq/irq.c.o
 .rodata.runtime_init_mutex.str1.4
                0x10007cca       0x5d CMakeFiles/pio_matrix.dir/home/mdlos/.pico-sdk/sdk/2.1.0/src/common/pico_sync/mutex.c.o
 .rodata.str1.4
                0x10007cca       0x51 CMakeFiles/pio_matrix.dir/home/mdlos/.pico-sdk/sdk/2.1.0/src/common/pico_sync/mutex.c.o
 *fill*         0x10007cca        0x2 
 .rodata.__func__.1
                0x10007ccc        0xb CMakeFiles/pio_matrix.dir/home/mdlos/.pico-sdk/sdk/2.1.0/src/common/pico_sync/mutex.c.o
 *fill*         0x10007cd7        0x1 
 .rodata.__func__.3
                0x10007cd8       0x18 CMakeFiles/pio_matrix.dir/home/mdlos/.pico-sdk/sdk/2.1.0/src/common/pico_sync/mutex.c.o
 .rodata.__func__.6
                0x10007cf0       0x13 CMakeFiles/pio_matrix.dir/home/mdlos/.pico-sdk/sdk/2.1.0/src/common/pico_sync/mutex.c.o
 .rodata.alarm_pool_irq_handler.str1.4
                0x10007d03       0x68 CMakeFiles/pio_matrix.dir/home/mdlos/.pico-sdk/sdk/2.1.0/src/common/pico_time/time.c.o
 .rodata.alarm_pool_get_default.str1.4
                0x10007d03       0x21 CMakeFiles/pio_matrix.dir/home/mdlos/.pico-sdk/sdk/2.1.0/src/common/pico_time/time.c.o
 .rodata.sleep_until.str1.4
                0x10007d03       0x4d CMakeFiles/pio_matrix.dir/home/mdlos/.pico-sdk/sdk/2.1.0/src/common/pico_time/time.c.o
 *fill*         0x10007d03        0x1 
 .rodata.__func__.1
                0x10007d04       0x17 CMakeFiles/pio_matrix.dir/home/mdlos/.pico-sdk/sdk/2.1.0/src/common/pico_time/time.c.o
 *fill*         0x10007d1b        0x1 
 .rodata.__func__.2
                0x10007d1c       0x17 CMakeFiles/pio_matrix.dir/home/mdlos/.pico-sdk/sdk/2.1.0/src/common/pico_time/time.c.o
 .rodata.timer_hardware_alarm_claim.str1.4
                0x10007d33       0x22 CMakeFiles/pio_matrix.dir/home/mdlos/.pico-sdk/sdk/2.1.0/src/rp2_common/hardware_timer/timer.c.o
 .rodata.pll_init.str1.4
                0x10007d33      0x118 CMakeFiles/pio_matrix.dir/home/mdlos/.pico-sdk/sdk/2.1.0/src/rp2_common/hardware_pll/pll.c.o
 *fill*         0x10007d33        0x1 
 .rodata.__func__.0
                0x10007d34        0x9 CMakeFiles/pio_matrix.dir/home/mdlos/.pico-sdk/sdk/2.1.0/src/rp2_common/hardware_pll/pll.c.o
 .rodata.missing_double_func_shim.str1.4
                0x10007d3d       0x18 CMakeFiles/pio_matrix.dir/home/mdlos/.pico-sdk/sdk/2.1.0/src/rp2_common/pico_double/double_init_rom_rp2040.c.o
 .rodata.__aeabi_double_init.str1.4
                0x10007d3d       0x98 CMakeFiles/pio_matrix.dir/home/mdlos/.pico-sdk/sdk/2.1.0/src/rp2_common/pico_double/double_init_rom_rp2040.c.o
 *fill*         0x10007d3d        0x3 
 .rodata.__func__.0
                0x10007d40       0x14 CMakeFiles/pio_matrix.dir/home/mdlos/.pico-sdk/sdk/2.1.0/src/rp2_common/pico_double/double_init_rom_rp2040.c.o
 .rodata.missing_float_func_shim.str1.4
                0x10007d54        0x1 CMakeFiles/pio_matrix.dir/home/mdlos/.pico-sdk/sdk/2.1.0/src/rp2_common/pico_float/float_init_rom_rp2040.c.o
 .rodata.__aeabi_float_init.str1.4
                0x10007d54       0x86 CMakeFiles/pio_matrix.dir/home/mdlos/.pico-sdk/sdk/2.1.0/src/rp2_common/pico_float/float_init_rom_rp2040.c.o
 .rodata.__func__.0
                0x10007d54       0x13 CMakeFiles/pio_matrix.dir/home/mdlos/.pico-sdk/sdk/2.1.0/src/rp2_common/pico_float/float_init_rom_rp2040.c.o
 .rodata.str1.4
                0x10007d67       0x44 CMakeFiles/pio_matrix.dir/home/mdlos/.pico-sdk/sdk/2.1.0/src/rp2_common/pico_standard_binary_info/standard_binary_info.c.o
 *fill*         0x10007d67        0x1 
 .rodata.__bi_84
                0x10007d68        0xc CMakeFiles/pio_matrix.dir/home/mdlos/.pico-sdk/sdk/2.1.0/src/rp2_common/pico_standard_binary_info/standard_binary_info.c.o
 .rodata.__bi_78
                0x10007d74        0xc CMakeFiles/pio_matrix.dir/home/mdlos/.pico-sdk/sdk/2.1.0/src/rp2_common/pico_standard_binary_info/standard_binary_info.c.o
 .rodata.__bi_60
                0x10007d80        0xc CMakeFiles/pio_matrix.dir/home/mdlos/.pico-sdk/sdk/2.1.0/src/rp2_common/pico_standard_binary_info/standard_binary_info.c.o
 .rodata.__bi_54
                0x10007d8c        0xc CMakeFiles/pio_matrix.dir/home/mdlos/.pico-sdk/sdk/2.1.0/src/rp2_common/pico_standard_binary_info/standard_binary_info.c.o
 .rodata.__bi_48
                0x10007d98        0xc CMakeFiles/pio_matrix.dir/home/mdlos/.pico-sdk/sdk/2.1.0/src/rp2_common/pico_standard_binary_info/standard_binary_info.c.o
 .rodata.__bi_42
                0x10007da4        0xc CMakeFiles/pio_matrix.dir/home/mdlos/.pico-sdk/sdk/2.1.0/src/rp2_common/pico_standard_binary_info/standard_binary_info.c.o
 .rodata.__bi_34
                0x10007db0        0xc CMakeFiles/pio_matrix.dir/home/mdlos/.pico-sdk/sdk/2.1.0/src/rp2_common/pico_standard_binary_info/standard_binary_info.c.o
 .rodata.__bi_26
                0x10007dbc        0xc CMakeFiles/pio_matrix.dir/home/mdlos/.pico-sdk/sdk/2.1.0/src/rp2_common/pico_standard_binary_info/standard_binary_info.c.o
 .rodata._ftoa.str1.4
                0x10007dc8       0x15 CMakeFiles/pio_matrix.dir/home/mdlos/.pico-sdk/sdk/2.1.0/src/rp2_common/pico_printf/printf.c.o
 .rodata._vsnprintf
                0x10007dc8      0x19c CMakeFiles/pio_matrix.dir/home/mdlos/.pico-sdk/sdk/2.1.0/src/rp2_common/pico_printf/printf.c.o
 *fill*         0x10007f64        0x4 
 .rodata.pow10.0
                0x10007f68       0x50 CMakeFiles/pio_matrix.dir/home/mdlos/.pico-sdk/sdk/2.1.0/src/rp2_common/pico_printf/printf.c.o
 .rodata.__assert_func.str1.4
                0x10007fb8       0x43 CMakeFiles/pio_matrix.dir/home/mdlos/.pico-sdk/sdk/2.1.0/src/rp2_common/pico_clib_interface/newlib_interface.c.o
 .rodata.crlf_str.0
                0x10007fb8        0x2 CMakeFiles/pio_matrix.dir/home/mdlos/.pico-sdk/sdk/2.1.0/src/rp2_common/pico_stdio/stdio.c.o
 *fill*         0x10007fba        0x2 
 .rodata._resetd_driver
                0x10007fbc       0x20 CMakeFiles/pio_matrix.dir/home/mdlos/.pico-sdk/sdk/2.1.0/src/rp2_common/pico_stdio_usb/reset_interface.c.o
 .rodata.desc_ms_os_20
                0x10007fdc       0xa6 CMakeFiles/pio_matrix.dir/home/mdlos/.pico-sdk/sdk/2.1.0/src/rp2_common/pico_stdio_usb/reset_interface.c.o
 *fill*         0x10008082        0x2 
 .rodata.desc_bos
                0x10008084       0x21 CMakeFiles/pio_matrix.dir/home/mdlos/.pico-sdk/sdk/2.1.0/src/rp2_common/pico_stdio_usb/reset_interface.c.o
                0x10008084                desc_bos
 .rodata.stdio_usb_init.str1.4
                0x100080a5       0x52 CMakeFiles/pio_matrix.dir/home/mdlos/.pico-sdk/sdk/2.1.0/src/rp2_common/pico_stdio_usb/stdio_usb.c.o
 .rodata.str1.4
                0x100080a5       0x13 CMakeFiles/pio_matrix.dir/home/mdlos/.pico-sdk/sdk/2.1.0/src/rp2_common/pico_stdio_usb/stdio_usb.c.o
 *fill*         0x100080a5        0x3 
 .rodata.__bi_197.1
                0x100080a8        0xc CMakeFiles/pio_matrix.dir/home/mdlos/.pico-sdk/sdk/2.1.0/src/rp2_common/pico_stdio_usb/stdio_usb.c.o
 .rodata.__func__.2
                0x100080b4        0xf CMakeFiles/pio_matrix.dir/home/mdlos/.pico-sdk/sdk/2.1.0/src/rp2_common/pico_stdio_usb/stdio_usb.c.o
 .rodata.str1.4
                0x100080c3       0x2a CMakeFiles/pio_matrix.dir/home/mdlos/.pico-sdk/sdk/2.1.0/src/rp2_common/pico_stdio_usb/stdio_usb_descriptors.c.o
 *fill*         0x100080c3        0x1 
 .rodata.usbd_desc_str
                0x100080c4       0x18 CMakeFiles/pio_matrix.dir/home/mdlos/.pico-sdk/sdk/2.1.0/src/rp2_common/pico_stdio_usb/stdio_usb_descriptors.c.o
 .rodata.usbd_desc_cfg
                0x100080dc       0x54 CMakeFiles/pio_matrix.dir/home/mdlos/.pico-sdk/sdk/2.1.0/src/rp2_common/pico_stdio_usb/stdio_usb_descriptors.c.o
 .rodata.usbd_desc_device
                0x10008130       0x12 CMakeFiles/pio_matrix.dir/home/mdlos/.pico-sdk/sdk/2.1.0/src/rp2_common/pico_stdio_usb/stdio_usb_descriptors.c.o
 .rodata.pico_get_unique_board_id_string.str1.4
                0x10008142       0x52 CMakeFiles/pio_matrix.dir/home/mdlos/.pico-sdk/sdk/2.1.0/src/rp2_common/pico_unique_id/unique_id.c.o
 *fill*         0x10008142        0x2 
 .rodata.__func__.0
                0x10008144       0x20 CMakeFiles/pio_matrix.dir/home/mdlos/.pico-sdk/sdk/2.1.0/src/rp2_common/pico_unique_id/unique_id.c.o
 .rodata.str1.4
                0x10008164      0x195 CMakeFiles/pio_matrix.dir/home/mdlos/.pico-sdk/sdk/2.1.0/src/rp2_common/hardware_flash/flash.c.o
 .rodata.__func__.0
                0x10008164        0xd CMakeFiles/pio_matrix.dir/home/mdlos/.pico-sdk/sdk/2.1.0/src/rp2_common/hardware_flash/flash.c.o
 .rodata._hw_endpoint_alloc.str1.4
                0x10008171       0xbd CMakeFiles/pio_matrix.dir/home/mdlos/.pico-sdk/sdk/2.1.0/lib/tinyusb/src/portable/raspberrypi/rp2040/dcd_rp2040.c.o
 .rodata.str1.4
                0x10008171       0x14 CMakeFiles/pio_matrix.dir/home/mdlos/.pico-sdk/sdk/2.1.0/lib/tinyusb/src/portable/raspberrypi/rp2040/dcd_rp2040.c.o
 .rodata.dcd_int_enable.str1.4
                0x10008171        0xc CMakeFiles/pio_matrix.dir/home/mdlos/.pico-sdk/sdk/2.1.0/lib/tinyusb/src/portable/raspberrypi/rp2040/dcd_rp2040.c.o
 *fill*         0x10008171        0x3 
 .rodata.__func__.0
                0x10008174        0xe CMakeFiles/pio_matrix.dir/home/mdlos/.pico-sdk/sdk/2.1.0/lib/tinyusb/src/portable/raspberrypi/rp2040/dcd_rp2040.c.o
 *fill*         0x10008182        0x2 
 .rodata.__func__.1
                0x10008184        0xe CMakeFiles/pio_matrix.dir/home/mdlos/.pico-sdk/sdk/2.1.0/lib/tinyusb/src/portable/raspberrypi/rp2040/dcd_rp2040.c.o
 *fill*         0x10008192        0x2 
 .rodata.__func__.3
                0x10008194       0x10 CMakeFiles/pio_matrix.dir/home/mdlos/.pico-sdk/sdk/2.1.0/lib/tinyusb/src/portable/raspberrypi/rp2040/dcd_rp2040.c.o
 .rodata.__func__.5
                0x100081a4        0xf CMakeFiles/pio_matrix.dir/home/mdlos/.pico-sdk/sdk/2.1.0/lib/tinyusb/src/portable/raspberrypi/rp2040/dcd_rp2040.c.o
 *fill*         0x100081b3        0x1 
 .rodata.__func__.6
                0x100081b4       0x13 CMakeFiles/pio_matrix.dir/home/mdlos/.pico-sdk/sdk/2.1.0/lib/tinyusb/src/portable/raspberrypi/rp2040/dcd_rp2040.c.o
 *fill*         0x100081c7        0x1 
 .rodata.__func__.7
                0x100081c8        0x9 CMakeFiles/pio_matrix.dir/home/mdlos/.pico-sdk/sdk/2.1.0/lib/tinyusb/src/portable/raspberrypi/rp2040/dcd_rp2040.c.o
 .rodata.str1.4
                0x100081d1       0xe4 CMakeFiles/pio_matrix.dir/home/mdlos/.pico-sdk/sdk/2.1.0/lib/tinyusb/src/portable/raspberrypi/rp2040/rp2040_usb.c.o
 .rodata.hw_endpoint_xfer_start.str1.4
                0x100081d1       0x38 CMakeFiles/pio_matrix.dir/home/mdlos/.pico-sdk/sdk/2.1.0/lib/tinyusb/src/portable/raspberrypi/rp2040/rp2040_usb.c.o
 *fill*         0x100081d1        0x3 
 .rodata.__func__.0
                0x100081d4        0xf CMakeFiles/pio_matrix.dir/home/mdlos/.pico-sdk/sdk/2.1.0/lib/tinyusb/src/portable/raspberrypi/rp2040/rp2040_usb.c.o
 .rodata.configuration_reset.str1.4
                0x100081e3       0x17 CMakeFiles/pio_matrix.dir/home/mdlos/.pico-sdk/sdk/2.1.0/lib/tinyusb/src/device/usbd.c.o
 *fill*         0x100081e3        0x1 
 .rodata.process_get_descriptor
                0x100081e4       0x40 CMakeFiles/pio_matrix.dir/home/mdlos/.pico-sdk/sdk/2.1.0/lib/tinyusb/src/device/usbd.c.o
 .rodata        0x10008224       0x1c CMakeFiles/pio_matrix.dir/home/mdlos/.pico-sdk/sdk/2.1.0/lib/tinyusb/src/device/usbd.c.o
 .rodata.process_control_request
                0x10008240       0x28 CMakeFiles/pio_matrix.dir/home/mdlos/.pico-sdk/sdk/2.1.0/lib/tinyusb/src/device/usbd.c.o
 .rodata.tud_task_ext
                0x10008268       0x24 CMakeFiles/pio_matrix.dir/home/mdlos/.pico-sdk/sdk/2.1.0/lib/tinyusb/src/device/usbd.c.o
 .rodata.__func__.1
                0x1000828c        0xf CMakeFiles/pio_matrix.dir/home/mdlos/.pico-sdk/sdk/2.1.0/lib/tinyusb/src/device/usbd.c.o
 *fill*         0x1000829b        0x1 
 .rodata.__func__.2
                0x1000829c        0xf CMakeFiles/pio_matrix.dir/home/mdlos/.pico-sdk/sdk/2.1.0/lib/tinyusb/src/device/usbd.c.o
 *fill*         0x100082ab        0x1 
 .rodata.__func__.3
                0x100082ac       0x14 CMakeFiles/pio_matrix.dir/home/mdlos/.pico-sdk/sdk/2.1.0/lib/tinyusb/src/device/usbd.c.o
 .rodata.__func__.4
                0x100082c0        0xc CMakeFiles/pio_matrix.dir/home/mdlos/.pico-sdk/sdk/2.1.0/lib/tinyusb/src/device/usbd.c.o
 .rodata.__func__.5
                0x100082cc       0x17 CMakeFiles/pio_matrix.dir/home/mdlos/.pico-sdk/sdk/2.1.0/lib/tinyusb/src/device/usbd.c.o
 *fill*         0x100082e3        0x1 
 .rodata.__func__.6
                0x100082e4       0x13 CMakeFiles/pio_matrix.dir/home/mdlos/.pico-sdk/sdk/2.1.0/lib/tinyusb/src/device/usbd.c.o
 *fill*         0x100082f7        0x1 
 .rodata.__func__.7
                0x100082f8       0x18 CMakeFiles/pio_matrix.dir/home/mdlos/.pico-sdk/sdk/2.1.0/lib/tinyusb/src/device/usbd.c.o
 .rodata.__func__.8
                0x10008310       0x14 CMakeFiles/pio_matrix.dir/home/mdlos/.pico-sdk/sdk/2.1.0/lib/tinyusb/src/device/usbd.c.o
 .rodata.__func__.9
                0x10008324        0xd CMakeFiles/pio_matrix.dir/home/mdlos/.pico-sdk/sdk/2.1.0/lib/tinyusb/src/device/usbd.c.o
 *fill*         0x10008331        0x3 
 .rodata.__func__.10
                0x10008334        0x9 CMakeFiles/pio_matrix.dir/home/mdlos/.pico-sdk/sdk/2.1.0/lib/tinyusb/src/device/usbd.c.o
 *fill*         0x1000833d        0x3 
 .rodata._usbd_driver
                0x10008340       0x40 CMakeFiles/pio_matrix.dir/home/mdlos/.pico-sdk/sdk/2.1.0/lib/tinyusb/src/device/usbd.c.o
 .rodata.tud_control_xfer.str1.4
                0x10008380       0x17 CMakeFiles/pio_matrix.dir/home/mdlos/.pico-sdk/sdk/2.1.0/lib/tinyusb/src/device/usbd_control.c.o
 .rodata.__func__.0
                0x10008380       0x15 CMakeFiles/pio_matrix.dir/home/mdlos/.pico-sdk/sdk/2.1.0/lib/tinyusb/src/device/usbd_control.c.o
 *fill*         0x10008395        0x3 
 .rodata.__func__.1
                0x10008398       0x11 CMakeFiles/pio_matrix.dir/home/mdlos/.pico-sdk/sdk/2.1.0/lib/tinyusb/src/device/usbd_control.c.o
 .rodata.tud_cdc_n_write_flush.str1.4
                0x100083a9       0x17 CMakeFiles/pio_matrix.dir/home/mdlos/.pico-sdk/sdk/2.1.0/lib/tinyusb/src/class/cdc/cdc_device.c.o
 *fill*         0x100083a9        0x3 
 .rodata.__func__.0
                0x100083ac        0xd CMakeFiles/pio_matrix.dir/home/mdlos/.pico-sdk/sdk/2.1.0/lib/tinyusb/src/class/cdc/cdc_device.c.o
 *fill*         0x100083b9        0x3 
 .rodata.__func__.1
                0x100083bc        0xa CMakeFiles/pio_matrix.dir/home/mdlos/.pico-sdk/sdk/2.1.0/lib/tinyusb/src/class/cdc/cdc_device.c.o
 *fill*         0x100083c6        0x2 
 .rodata.__func__.3
                0x100083c8       0x16 CMakeFiles/pio_matrix.dir/home/mdlos/.pico-sdk/sdk/2.1.0/lib/tinyusb/src/class/cdc/cdc_device.c.o
 .rodata.vendord_open.str1.4
                0x100083de       0x17 CMakeFiles/pio_matrix.dir/home/mdlos/.pico-sdk/sdk/2.1.0/lib/tinyusb/src/class/vendor/vendor_device.c.o
 *fill*         0x100083de        0x2 
 .rodata.__func__.0
                0x100083e0        0xd CMakeFiles/pio_matrix.dir/home/mdlos/.pico-sdk/sdk/2.1.0/lib/tinyusb/src/class/vendor/vendor_device.c.o
 .rodata.tusb_init.str1.4
                0x100083ed       0x17 CMakeFiles/pio_matrix.dir/home/mdlos/.pico-sdk/sdk/2.1.0/lib/tinyusb/src/tusb.c.o
 *fill*         0x100083ed        0x3 
 .rodata.__func__.0
                0x100083f0       0x19 CMakeFiles/pio_matrix.dir/home/mdlos/.pico-sdk/sdk/2.1.0/lib/tinyusb/src/tusb.c.o
 *fill*         0x10008409        0x3 
 .rodata.__func__.2
                0x1000840c       0x1a CMakeFiles/pio_matrix.dir/home/mdlos/.pico-sdk/sdk/2.1.0/lib/tinyusb/src/tusb.c.o
 *fill*         0x10008426        0x2 
 .rodata.__func__.3
                0x10008428       0x23 CMakeFiles/pio_matrix.dir/home/mdlos/.pico-sdk/sdk/2.1.0/lib/tinyusb/src/tusb.c.o
 *fill*         0x1000844b        0x1 
 .rodata.__func__.4
                0x1000844c       0x11 CMakeFiles/pio_matrix.dir/home/mdlos/.pico-sdk/sdk/2.1.0/lib/tinyusb/src/tusb.c.o
 *fill*         0x1000845d        0x3 
 .rodata.__func__.5
                0x10008460        0xa CMakeFiles/pio_matrix.dir/home/mdlos/.pico-sdk/sdk/2.1.0/lib/tinyusb/src/tusb.c.o
 .rodata.find_offset_for_program.str1.4
                0x1000846a       0x6e CMakeFiles/pio_matrix.dir/home/mdlos/.pico-sdk/sdk/2.1.0/src/rp2_common/hardware_pio/pio.c.o
 .rodata.pio_claim_unused_sm.str1.4
                0x1000846a       0x24 CMakeFiles/pio_matrix.dir/home/mdlos/.pico-sdk/sdk/2.1.0/src/rp2_common/hardware_pio/pio.c.o
 *fill*         0x1000846a        0x2 
 .rodata.__func__.1
                0x1000846c       0x18 CMakeFiles/pio_matrix.dir/home/mdlos/.pico-sdk/sdk/2.1.0/src/rp2_common/hardware_pio/pio.c.o
                0x10008484                        . = ALIGN (0x4)
 *(SORT_BY_ALIGNMENT(SORT_BY_NAME(.flashdata*)))
                0x10008484                        . = ALIGN (0x4)

.ARM.extab
 *(.ARM.extab* .gnu.linkonce.armextab.*)
                0x10008484                        __exidx_start = .

.ARM.exidx
 *(.ARM.exidx* .gnu.linkonce.armexidx.*)
                0x10008484                        __exidx_end = .
                0x10008484                        . = ALIGN (0x4)
                0x10008484                        __binary_info_start = .

.binary_info    0x10008484       0x24
 *(.binary_info.keep.*)
 .binary_info.keep.__bi_ptr84
                0x10008484        0x4 CMakeFiles/pio_matrix.dir/home/mdlos/.pico-sdk/sdk/2.1.0/src/rp2_common/pico_standard_binary_info/standard_binary_info.c.o
 .binary_info.keep.__bi_ptr78
                0x10008488        0x4 CMakeFiles/pio_matrix.dir/home/mdlos/.pico-sdk/sdk/2.1.0/src/rp2_common/pico_standard_binary_info/standard_binary_info.c.o
 .binary_info.keep.__bi_ptr60
                0x1000848c        0x4 CMakeFiles/pio_matrix.dir/home/mdlos/.pico-sdk/sdk/2.1.0/src/rp2_common/pico_standard_binary_info/standard_binary_info.c.o
 .binary_info.keep.__bi_ptr54
                0x10008490        0x4 CMakeFiles/pio_matrix.dir/home/mdlos/.pico-sdk/sdk/2.1.0/src/rp2_common/pico_standard_binary_info/standard_binary_info.c.o
 .binary_info.keep.__bi_ptr48